5.45.207.60 - - [06/May/2026:09:26:53 +0300] "GET /assets/fonts/roboto.woff2 HTTP/2.0" 200 29591 "-" "Mozilla/5.0 (Windows NT 10.0; Win64; x64) AppleWebKit/537.36 (KHTML, like Gecko) Chrome/124.0.0.0 Safari/537.36"
151.101.1.140 - - [06/May/2026:09:26:54 +0300] "GET /api/v1/stats HTTP/2.0" 200 877 "-" "Mozilla/5.0 (Windows NT 10.0; Win64; x64) AppleWebKit/537.36 (KHTML, like Gecko) Chrome/124.0.0.0 Safari/537.36 Edg/124.0.0.0"
216.58.215.78 - - [06/May/2026:09:26:55 +0300] "GET /favicon.ico HTTP/2.0" 200 3559 "-" "Mozilla/5.0 (iPad; CPU OS 17_4 like Mac OS X) AppleWebKit/605.1.15 (KHTML, like Gecko) Version/17.4 Mobile/15E148 Safari/604.1"
5.9.64.162 - - [06/May/2026:09:26:55 +0300] "GET /api/v1/products/42 HTTP/1.1" 200 706 "-" "Mozilla/5.0 (Macintosh; Intel Mac OS X 10_15_7) AppleWebKit/537.36 (KHTML, like Gecko) Chrome/123.0.0.0 Safari/537.36"
172.217.16.142 - - [06/May/2026:09:27:01 +0300] "GET /login HTTP/1.1" 200 2172 "-" "Mozilla/5.0 (Windows NT 10.0; Win64; x64; rv:124.0) Gecko/20100101 Firefox/124.0"
93.184.216.34 - - [06/May/2026:09:27:20 +0300] "GET /home HTTP/1.1" 302 0 "-" "Mozilla/5.0 (X11; Ubuntu; Linux x86_64; rv:123.0) Gecko/20100101 Firefox/123.0"
5.9.64.162 - - [06/May/2026:09:27:20 +0300] "GET /favicon.ico HTTP/1.1" 200 2564 "-" "Mozilla/5.0 (iPhone; CPU iPhone OS 17_4 like Mac OS X) AppleWebKit/605.1.15 (KHTML, like Gecko) Version/17.4 Mobile/15E148 Safari/604.1"
93.184.216.34 - - [06/May/2026:09:27:22 +0300] "GET /assets/images/hero.jpg HTTP/1.1" 200 251523 "-" "Mozilla/5.0 (X11; Ubuntu; Linux x86_64; rv:123.0) Gecko/20100101 Firefox/123.0"
213.180.204.3 - - [06/May/2026:09:27:22 +0300] "GET /api/v1/stats HTTP/1.1" 200 2500 "-" "Mozilla/5.0 (Windows NT 10.0; Win64; x64) AppleWebKit/537.36 (KHTML, like Gecko) Chrome/124.0.0.0 Safari/537.36"
216.58.215.78 - - [06/May/2026:09:27:22 +0300] "GET /assets/fonts/roboto.woff2 HTTP/1.1" 200 35997 "-" "Mozilla/5.0 (Macintosh; Intel Mac OS X 10_15_7) AppleWebKit/537.36 (KHTML, like Gecko) Chrome/123.0.0.0 Safari/537.36"
93.184.216.34 - - [06/May/2026:09:27:22 +0300] "GET /about HTTP/2.0" 200 6111 "-" "Mozilla/5.0 (iPhone; CPU iPhone OS 17_4 like Mac OS X) AppleWebKit/605.1.15 (KHTML, like Gecko) Version/17.4 Mobile/15E148 Safari/604.1"
172.217.16.142 - - [06/May/2026:09:27:22 +0300] "GET /assets/images/hero.jpg HTTP/1.1" 200 124373 "-" "Mozilla/5.0 (X11; Linux x86_64) AppleWebKit/537.36 (KHTML, like Gecko) Chrome/122.0.0.0 Safari/537.36"
216.58.215.78 - - [06/May/2026:09:27:23 +0300] "GET /api/v1/auth/logout HTTP/1.1" 200 104 "-" "Mozilla/5.0 (iPad; CPU OS 17_4 like Mac OS X) AppleWebKit/605.1.15 (KHTML, like Gecko) Version/17.4 Mobile/15E148 Safari/604.1"
185.199.108.153 - - [06/May/2026:09:27:25 +0300] "GET /assets/images/hero.jpg HTTP/1.1" 200 89841 "-" "Mozilla/5.0 (X11; Linux x86_64) AppleWebKit/537.36 (KHTML, like Gecko) Chrome/122.0.0.0 Safari/537.36"
185.199.108.153 - - [06/May/2026:09:27:28 +0300] "POST /api/v1/auth/login HTTP/1.1" 200 208 "-" "curl/8.4.0"
172.217.16.142 - - [06/May/2026:09:27:38 +0300] "GET /undefined HTTP/2.0" 400 164 "-" "Mozilla/5.0 (Windows NT 10.0; Win64; x64) AppleWebKit/537.36 (KHTML, like Gecko) Chrome/124.0.0.0 Safari/537.36 Edg/124.0.0.0"
157.240.241.35 - - [06/May/2026:09:27:38 +0300] "GET /api/v1/users/me HTTP/1.1" 200 694 "-" "Mozilla/5.0 (Macintosh; Intel Mac OS X 10_15_7) AppleWebKit/537.36 (KHTML, like Gecko) Chrome/123.0.0.0 Safari/537.36"
172.217.16.142 - - [06/May/2026:09:27:40 +0300] "GET /sitemap.xml HTTP/1.1" 200 927 "-" "Mozilla/5.0 (Linux; Android 14; Pixel 8) AppleWebKit/537.36 (KHTML, like Gecko) Chrome/124.0.6367.82 Mobile Safari/537.36"
193.232.127.4 - - [06/May/2026:09:27:44 +0300] "GET /api/v1/orders HTTP/2.0" 200 2939 "-" "Mozilla/5.0 (Macintosh; Intel Mac OS X 10_15_7) AppleWebKit/537.36 (KHTML, like Gecko) Chrome/123.0.0.0 Safari/537.36"
172.217.16.142 - - [06/May/2026:09:27:50 +0300] "GET /assets/images/logo.png HTTP/1.1" 200 16829 "-" "Mozilla/5.0 (Macintosh; Intel Mac OS X 14_4) AppleWebKit/605.1.15 (KHTML, like Gecko) Version/17.4 Safari/605.1.15"
82.146.34.119 - - [06/May/2026:09:27:52 +0300] "DELETE /index.html HTTP/1.1" 204 275 "-" "Mozilla/5.0 (X11; Linux x86_64) AppleWebKit/537.36 (KHTML, like Gecko) Chrome/122.0.0.0 Safari/537.36"
172.217.16.142 - - [06/May/2026:09:27:59 +0300] "GET /assets/css/bootstrap.min.css HTTP/1.1" 200 157760 "-" "curl/7.88.1"
5.45.207.60 - - [06/May/2026:09:28:06 +0300] "GET /assets/images/hero.jpg HTTP/1.1" 200 90186 "-" "curl/8.4.0"
199.232.28.133 - - [06/May/2026:09:28:06 +0300] "GET /blog/post-2 HTTP/1.1" 200 4688 "-" "Mozilla/5.0 (Linux; Android 14; Pixel 8) AppleWebKit/537.36 (KHTML, like Gecko) Chrome/124.0.6367.82 Mobile Safari/537.36"
199.232.28.133 - - [06/May/2026:09:28:09 +0300] "GET /profile HTTP/2.0" 200 8047 "-" "Mozilla/5.0 (Macintosh; Intel Mac OS X 10_15_7) AppleWebKit/537.36 (KHTML, like Gecko) Chrome/123.0.0.0 Safari/537.36"
207.46.13.5 - - [06/May/2026:09:28:09 +0300] "DELETE /dashboard HTTP/1.1" 200 140 "-" "Mozilla/5.0 (compatible; bingbot/2.0; +http://www.bing.com/bingbot.htm)"
207.46.13.5 - - [06/May/2026:09:28:12 +0300] "GET /api/v1/products/42 HTTP/1.1" 200 478 "-" "Mozilla/5.0 (compatible; YandexBot/3.0; +http://yandex.com/bots)"
157.240.241.35 - - [06/May/2026:09:28:13 +0300] "GET /api/v1/users/me HTTP/2.0" 200 1151 "-" "curl/8.4.0"
216.58.215.78 - - [06/May/2026:09:28:18 +0300] "GET /api/v1/orders HTTP/1.1" 500 1422 "-" "Mozilla/5.0 (Windows NT 10.0; Win64; x64) AppleWebKit/537.36 (KHTML, like Gecko) Chrome/124.0.0.0 Safari/537.36"
194.87.0.31 - - [06/May/2026:09:28:18 +0300] "GET /assets/js/jquery.min.js HTTP/2.0" 200 86354 "-" "Mozilla/5.0 (X11; Linux x86_64) AppleWebKit/537.36 (KHTML, like Gecko) Chrome/122.0.0.0 Safari/537.36"
104.16.132.229 - - [06/May/2026:09:28:18 +0300] "GET /api/v1/auth/logout HTTP/1.1" 200 54 "-" "Mozilla/5.0 (Windows NT 10.0; Win64; x64) AppleWebKit/537.36 (KHTML, like Gecko) Chrome/124.0.0.0 Safari/537.36"
52.84.12.200 - - [06/May/2026:09:28:18 +0300] "GET /assets/css/bootstrap.min.css HTTP/2.0" 200 150572 "-" "Mozilla/5.0 (Windows NT 10.0; Win64; x64) AppleWebKit/537.36 (KHTML, like Gecko) Chrome/124.0.0.0 Safari/537.36 Edg/124.0.0.0"
93.184.216.34 - - [06/May/2026:09:28:18 +0300] "GET /api/v1/users/me HTTP/1.1" 200 622 "-" "Mozilla/5.0 (X11; Ubuntu; Linux x86_64; rv:123.0) Gecko/20100101 Firefox/123.0"
178.62.193.43 - - [06/May/2026:09:28:18 +0300] "GET /api/v1/search?q=nginx HTTP/1.1" 200 1519 "-" "Mozilla/5.0 (X11; Ubuntu; Linux x86_64; rv:123.0) Gecko/20100101 Firefox/123.0"
151.101.1.140 - - [06/May/2026:09:28:18 +0300] "POST /login HTTP/1.1" 200 3902 "-" "curl/8.4.0"
151.101.1.140 - - [06/May/2026:09:28:18 +0300] "GET /blog HTTP/1.1" 200 11825 "-" "Mozilla/5.0 (iPhone; CPU iPhone OS 17_4 like Mac OS X) AppleWebKit/605.1.15 (KHTML, like Gecko) Version/17.4 Mobile/15E148 Safari/604.1"
93.184.216.34 - - [06/May/2026:09:28:19 +0300] "GET /dashboard HTTP/1.1" 200 17792 "-" "Mozilla/5.0 (Linux; Android 14; Pixel 8) AppleWebKit/537.36 (KHTML, like Gecko) Chrome/124.0.6367.82 Mobile Safari/537.36"
138.201.172.37 - - [06/May/2026:09:28:20 +0300] "GET /assets/images/team.jpg HTTP/1.1" 200 214102 "-" "Mozilla/5.0 (Macintosh; Intel Mac OS X 14_4) AppleWebKit/605.1.15 (KHTML, like Gecko) Version/17.4 Safari/605.1.15"
5.9.64.162 - - [06/May/2026:09:28:20 +0300] "GET /dashboard HTTP/1.1" 200 9953 "-" "Mozilla/5.0 (Windows NT 10.0; Win64; x64) AppleWebKit/537.36 (KHTML, like Gecko) Chrome/124.0.0.0 Safari/537.36 Edg/124.0.0.0"
46.101.152.178 - - [06/May/2026:09:28:20 +0300] "POST /api/v1/search?q=nginx HTTP/1.1" 200 1275 "-" "Mozilla/5.0 (Macintosh; Intel Mac OS X 10_15_7) AppleWebKit/537.36 (KHTML, like Gecko) Chrome/123.0.0.0 Safari/537.36"
62.213.100.5 - - [06/May/2026:09:28:21 +0300] "GET /api/v1/products/42 HTTP/2.0" 200 1492 "-" "Mozilla/5.0 (Linux; Android 14; Pixel 8) AppleWebKit/537.36 (KHTML, like Gecko) Chrome/124.0.6367.82 Mobile Safari/537.36"
91.212.155.80 - - [06/May/2026:09:28:21 +0300] "GET /api/v1/auth/login HTTP/1.1" 200 711 "-" "Mozilla/5.0 (Windows NT 10.0; Win64; x64; rv:124.0) Gecko/20100101 Firefox/124.0"
157.240.241.35 - - [06/May/2026:09:28:21 +0300] "GET /api/v1/search?q=nginx HTTP/1.1" 200 2110 "-" "curl/8.4.0"
82.146.34.119 - - [06/May/2026:09:28:21 +0300] "GET /assets/images/hero.jpg HTTP/1.1" 200 114972 "-" "Mozilla/5.0 (X11; Ubuntu; Linux x86_64; rv:123.0) Gecko/20100101 Firefox/123.0"
93.184.216.34 - - [06/May/2026:09:28:22 +0300] "GET /home HTTP/1.1" 302 0 "-" "Mozilla/5.0 (Macintosh; Intel Mac OS X 14_4) AppleWebKit/605.1.15 (KHTML, like Gecko) Version/17.4 Safari/605.1.15"
93.184.216.34 - - [06/May/2026:09:28:24 +0300] "POST /contact HTTP/1.1" 200 4577 "-" "Mozilla/5.0 (X11; Linux x86_64) AppleWebKit/537.36 (KHTML, like Gecko) Chrome/122.0.0.0 Safari/537.36"
185.199.108.153 - - [06/May/2026:09:28:31 +0300] "GET /about HTTP/2.0" 200 3298 "-" "Mozilla/5.0 (iPad; CPU OS 17_4 like Mac OS X) AppleWebKit/605.1.15 (KHTML, like Gecko) Version/17.4 Mobile/15E148 Safari/604.1"
151.101.1.140 - - [06/May/2026:09:28:31 +0300] "GET /profile HTTP/2.0" 200 11798 "-" "Mozilla/5.0 (Windows NT 10.0; Win64; x64) AppleWebKit/537.36 (KHTML, like Gecko) Chrome/124.0.0.0 Safari/537.36 Edg/124.0.0.0"
93.184.216.34 - - [06/May/2026:09:28:31 +0300] "GET /api/v1/users/me HTTP/1.1" 401 233 "-" "Mozilla/5.0 (Macintosh; Intel Mac OS X 10_15_7) AppleWebKit/537.36 (KHTML, like Gecko) Chrome/123.0.0.0 Safari/537.36"
52.84.12.200 - - [06/May/2026:09:28:31 +0300] "GET /contact HTTP/1.1" 200 3130 "-" "curl/8.4.0"
104.16.132.229 - - [06/May/2026:09:28:31 +0300] "GET /api/v1/users/me HTTP/1.1" 400 234 "-" "Mozilla/5.0 (iPhone; CPU iPhone OS 17_4 like Mac OS X) AppleWebKit/605.1.15 (KHTML, like Gecko) Version/17.4 Mobile/15E148 Safari/604.1"
176.9.8.20 - - [06/May/2026:09:28:31 +0300] "GET /robots.txt HTTP/1.1" 200 233 "-" "Mozilla/5.0 (Windows NT 10.0; Win64; x64; rv:124.0) Gecko/20100101 Firefox/124.0"
93.184.216.34 - - [06/May/2026:09:28:31 +0300] "GET /assets/images/team.jpg HTTP/1.1" 200 189667 "-" "Mozilla/5.0 (iPad; CPU OS 17_4 like Mac OS X) AppleWebKit/605.1.15 (KHTML, like Gecko) Version/17.4 Mobile/15E148 Safari/604.1"
188.166.93.14 - - [06/May/2026:09:28:31 +0300] "GET /api/v1/notfound HTTP/1.1" 404 254 "-" "Mozilla/5.0 (Macintosh; Intel Mac OS X 14_4) AppleWebKit/605.1.15 (KHTML, like Gecko) Version/17.4 Safari/605.1.15"
167.99.200.73 - - [06/May/2026:09:28:31 +0300] "GET /blog/ HTTP/2.0" 301 0 "-" "Mozilla/5.0 (Windows NT 10.0; Win64; x64) AppleWebKit/537.36 (KHTML, like Gecko) Chrome/124.0.0.0 Safari/537.36"
93.184.216.34 - - [06/May/2026:09:28:31 +0300] "GET /dashboard HTTP/1.1" 200 21760 "-" "Mozilla/5.0 (Macintosh; Intel Mac OS X 14_4) AppleWebKit/605.1.15 (KHTML, like Gecko) Version/17.4 Safari/605.1.15"
194.87.0.31 - - [06/May/2026:09:28:31 +0300] "GET /assets/images/bg.png HTTP/1.1" 200 179949 "-" "Mozilla/5.0 (Windows NT 10.0; Win64; x64) AppleWebKit/537.36 (KHTML, like Gecko) Chrome/124.0.0.0 Safari/537.36 Edg/124.0.0.0"
91.212.155.80 - - [06/May/2026:09:28:31 +0300] "GET /api/v1/users HTTP/2.0" 200 582 "-" "Mozilla/5.0 (Windows NT 10.0; Win64; x64; rv:124.0) Gecko/20100101 Firefox/124.0"
5.9.64.162 - - [06/May/2026:09:28:31 +0300] "GET /db.sql HTTP/2.0" 400 279 "-" "Mozilla/5.0 (Linux; Android 14; Pixel 8) AppleWebKit/537.36 (KHTML, like Gecko) Chrome/124.0.6367.82 Mobile Safari/537.36"
140.82.113.4 - - [06/May/2026:09:28:31 +0300] "GET /api/v1/users HTTP/1.1" 200 248 "-" "curl/7.88.1"
45.79.198.173 - - [06/May/2026:09:28:31 +0300] "GET /api/v1/users HTTP/1.1" 200 451 "-" "Mozilla/5.0 (Linux; Android 14; Pixel 8) AppleWebKit/537.36 (KHTML, like Gecko) Chrome/124.0.6367.82 Mobile Safari/537.36"
140.82.113.4 - - [06/May/2026:09:28:32 +0300] "GET /index.php HTTP/2.0" 302 0 "-" "Mozilla/5.0 (Macintosh; Intel Mac OS X 10_15_7) AppleWebKit/537.36 (KHTML, like Gecko) Chrome/123.0.0.0 Safari/537.36"
66.249.64.12 - - [06/May/2026:09:28:32 +0300] "GET /about HTTP/1.1" 200 6501 "-" "Mozilla/5.0 (compatible; YandexBot/3.0; +http://yandex.com/bots)"
178.62.193.43 - - [06/May/2026:09:28:32 +0300] "GET /blog/post-2 HTTP/1.1" 200 13279 "-" "Mozilla/5.0 (X11; Ubuntu; Linux x86_64; rv:123.0) Gecko/20100101 Firefox/123.0"
207.46.13.5 - - [06/May/2026:09:28:33 +0300] "GET /favicon.ico HTTP/1.1" 200 1617 "-" "Mozilla/5.0 (compatible; Googlebot/2.1; +http://www.google.com/bot.html)"
188.166.93.14 - - [06/May/2026:09:28:34 +0300] "GET /blog HTTP/1.1" 200 11314 "-" "Mozilla/5.0 (Linux; Android 14; Pixel 8) AppleWebKit/537.36 (KHTML, like Gecko) Chrome/124.0.6367.82 Mobile Safari/537.36"
93.184.216.34 - - [06/May/2026:09:28:35 +0300] "GET /assets/images/hero.jpg HTTP/1.1" 200 398917 "-" "curl/8.4.0"
91.212.155.80 - - [06/May/2026:09:28:35 +0300] "POST /api/v1/users HTTP/1.1" 200 1818 "-" "curl/8.4.0"
93.184.216.34 - - [06/May/2026:09:28:37 +0300] "GET /assets/js/app.js HTTP/1.1" 200 80513 "-" "curl/8.4.0"
93.184.216.34 - - [06/May/2026:09:28:37 +0300] "GET /api/v1/orders HTTP/1.1" 200 4772 "-" "Mozilla/5.0 (iPad; CPU OS 17_4 like Mac OS X) AppleWebKit/605.1.15 (KHTML, like Gecko) Version/17.4 Mobile/15E148 Safari/604.1"
91.212.155.80 - - [06/May/2026:09:28:37 +0300] "GET /profile HTTP/1.1" 200 9923 "-" "Mozilla/5.0 (Macintosh; Intel Mac OS X 14_4) AppleWebKit/605.1.15 (KHTML, like Gecko) Version/17.4 Safari/605.1.15"
188.166.93.14 - - [06/May/2026:09:28:39 +0300] "GET /api/v1/auth/logout HTTP/1.1" 200 147 "-" "Mozilla/5.0 (X11; Ubuntu; Linux x86_64; rv:123.0) Gecko/20100101 Firefox/123.0"
178.62.193.43 - - [06/May/2026:09:28:39 +0300] "GET /api/v1/users/me HTTP/2.0" 200 1118 "-" "Mozilla/5.0 (Windows NT 10.0; Win64; x64; rv:124.0) Gecko/20100101 Firefox/124.0"
151.101.1.140 - - [06/May/2026:09:28:39 +0300] "GET /about HTTP/1.1" 200 9764 "-" "curl/8.4.0"
188.166.93.14 - - [06/May/2026:09:28:40 +0300] "GET /sitemap.xml HTTP/2.0" 200 2300 "-" "Mozilla/5.0 (Linux; Android 14; Pixel 8) AppleWebKit/537.36 (KHTML, like Gecko) Chrome/124.0.6367.82 Mobile Safari/537.36"
178.62.193.43 - - [06/May/2026:09:28:41 +0300] "GET /profile HTTP/1.1" 200 8590 "-" "curl/7.88.1"
185.199.108.153 - - [06/May/2026:09:28:47 +0300] "GET /blog/post-1 HTTP/1.1" 200 5701 "-" "Mozilla/5.0 (Windows NT 10.0; Win64; x64) AppleWebKit/537.36 (KHTML, like Gecko) Chrome/124.0.0.0 Safari/537.36"
217.69.143.60 - - [06/May/2026:09:28:49 +0300] "GET /assets/fonts/roboto.woff2 HTTP/1.1" 200 43319 "-" "Mozilla/5.0 (Windows NT 10.0; Win64; x64; rv:124.0) Gecko/20100101 Firefox/124.0"
213.180.204.3 - - [06/May/2026:09:28:49 +0300] "HEAD /dashboard HTTP/2.0" 200 0 "-" "Mozilla/5.0 (iPhone; CPU iPhone OS 17_4 like Mac OS X) AppleWebKit/605.1.15 (KHTML, like Gecko) Version/17.4 Mobile/15E148 Safari/604.1"
178.62.193.43 - - [06/May/2026:09:28:49 +0300] "GET /assets/css/main.css HTTP/2.0" 200 19241 "-" "Mozilla/5.0 (iPad; CPU OS 17_4 like Mac OS X) AppleWebKit/605.1.15 (KHTML, like Gecko) Version/17.4 Mobile/15E148 Safari/604.1"
178.62.193.43 - - [06/May/2026:09:28:50 +0300] "GET /about HTTP/2.0" 200 6457 "-" "Mozilla/5.0 (iPhone; CPU iPhone OS 17_4 like Mac OS X) AppleWebKit/605.1.15 (KHTML, like Gecko) Version/17.4 Mobile/15E148 Safari/604.1"
217.69.143.60 - - [06/May/2026:09:28:52 +0300] "GET /blog/post-1 HTTP/2.0" 200 19465 "-" "Mozilla/5.0 (X11; Linux x86_64) AppleWebKit/537.36 (KHTML, like Gecko) Chrome/122.0.0.0 Safari/537.36"
217.69.143.60 - - [06/May/2026:09:28:53 +0300] "POST /api/v1/products/42 HTTP/2.0" 200 549 "-" "Mozilla/5.0 (iPhone; CPU iPhone OS 17_4 like Mac OS X) AppleWebKit/605.1.15 (KHTML, like Gecko) Version/17.4 Mobile/15E148 Safari/604.1"
157.240.241.35 - - [06/May/2026:09:28:53 +0300] "GET /api/v1/users/me HTTP/1.1" 200 431 "-" "Mozilla/5.0 (Linux; Android 14; Pixel 8) AppleWebKit/537.36 (KHTML, like Gecko) Chrome/124.0.6367.82 Mobile Safari/537.36"
91.108.4.160 - - [06/May/2026:09:28:53 +0300] "GET /api/v1/users/me HTTP/1.1" 200 582 "-" "Mozilla/5.0 (X11; Linux x86_64) AppleWebKit/537.36 (KHTML, like Gecko) Chrome/122.0.0.0 Safari/537.36"
178.62.193.43 - - [06/May/2026:09:28:53 +0300] "GET /blog/how-to-setup-nginx HTTP/1.1" 200 10834 "-" "Mozilla/5.0 (X11; Ubuntu; Linux x86_64; rv:123.0) Gecko/20100101 Firefox/123.0"
194.87.0.31 - - [06/May/2026:09:28:53 +0300] "GET /blog HTTP/1.1" 200 11384 "-" "Mozilla/5.0 (iPhone; CPU iPhone OS 17_4 like Mac OS X) AppleWebKit/605.1.15 (KHTML, like Gecko) Version/17.4 Mobile/15E148 Safari/604.1"
216.58.215.78 - - [06/May/2026:09:28:53 +0300] "GET /missing-page HTTP/2.0" 404 196 "-" "curl/7.88.1"
140.82.113.4 - - [06/May/2026:09:28:53 +0300] "GET /api/v1/search?q=nginx HTTP/2.0" 200 3345 "-" "Mozilla/5.0 (X11; Linux x86_64) AppleWebKit/537.36 (KHTML, like Gecko) Chrome/122.0.0.0 Safari/537.36"
93.184.216.34 - - [06/May/2026:09:28:53 +0300] "GET /images/deleted.jpg HTTP/2.0" 404 244 "-" "Mozilla/5.0 (Macintosh; Intel Mac OS X 10_15_7) AppleWebKit/537.36 (KHTML, like Gecko) Chrome/123.0.0.0 Safari/537.36"
93.184.216.34 - - [06/May/2026:09:28:53 +0300] "GET /profile HTTP/1.1" 200 6559 "-" "Mozilla/5.0 (X11; Linux x86_64) AppleWebKit/537.36 (KHTML, like Gecko) Chrome/122.0.0.0 Safari/537.36"
45.79.198.173 - - [06/May/2026:09:28:53 +0300] "GET /blog/post-2 HTTP/1.1" 200 13583 "-" "curl/7.88.1"
80.241.212.5 - - [06/May/2026:09:28:53 +0300] "GET /assets/images/bg.png HTTP/1.1" 200 102309 "-" "curl/8.4.0"
188.166.93.14 - - [06/May/2026:09:28:53 +0300] "GET /home HTTP/1.1" 301 0 "-" "Mozilla/5.0 (Windows NT 10.0; Win64; x64) AppleWebKit/537.36 (KHTML, like Gecko) Chrome/124.0.0.0 Safari/537.36 Edg/124.0.0.0"
172.217.16.142 - - [06/May/2026:09:28:53 +0300] "GET /api/v1/orders HTTP/1.1" 200 3292 "-" "Mozilla/5.0 (Linux; Android 14; Pixel 8) AppleWebKit/537.36 (KHTML, like Gecko) Chrome/124.0.6367.82 Mobile Safari/537.36"
91.108.4.160 - - [06/May/2026:09:28:53 +0300] "GET /api/v1/auth/logout HTTP/1.1" 200 121 "-" "Mozilla/5.0 (Macintosh; Intel Mac OS X 14_4) AppleWebKit/605.1.15 (KHTML, like Gecko) Version/17.4 Safari/605.1.15"
140.82.113.4 - - [06/May/2026:09:28:53 +0300] "GET /favicon.ico HTTP/2.0" 200 3564 "-" "Mozilla/5.0 (Linux; Android 14; Pixel 8) AppleWebKit/537.36 (KHTML, like Gecko) Chrome/124.0.6367.82 Mobile Safari/537.36"
216.58.215.78 - - [06/May/2026:09:28:54 +0300] "GET /api/v1/auth/login HTTP/1.1" 200 563 "-" "Mozilla/5.0 (Macintosh; Intel Mac OS X 14_4) AppleWebKit/605.1.15 (KHTML, like Gecko) Version/17.4 Safari/605.1.15"
93.184.216.34 - - [06/May/2026:09:28:54 +0300] "GET /blog/how-to-setup-nginx HTTP/1.1" 200 15455 "-" "Mozilla/5.0 (Windows NT 10.0; Win64; x64) AppleWebKit/537.36 (KHTML, like Gecko) Chrome/124.0.0.0 Safari/537.36 Edg/124.0.0.0"
188.166.93.14 - - [06/May/2026:09:28:54 +0300] "GET /api/v1/users HTTP/2.0" 200 713 "-" "Mozilla/5.0 (X11; Ubuntu; Linux x86_64; rv:123.0) Gecko/20100101 Firefox/123.0"
93.184.216.34 - - [06/May/2026:09:28:55 +0300] "GET /api/v1/products/42 HTTP/1.1" 200 407 "-" "Mozilla/5.0 (Macintosh; Intel Mac OS X 14_4) AppleWebKit/605.1.15 (KHTML, like Gecko) Version/17.4 Safari/605.1.15"
217.69.143.60 - - [06/May/2026:09:28:55 +0300] "POST /api/v1/auth/logout HTTP/1.1" 200 161 "-" "Mozilla/5.0 (Windows NT 10.0; Win64; x64) AppleWebKit/537.36 (KHTML, like Gecko) Chrome/124.0.0.0 Safari/537.36 Edg/124.0.0.0"
91.108.4.160 - - [06/May/2026:09:28:56 +0300] "GET /api/v1/search?q=nginx HTTP/1.1" 200 708 "-" "Mozilla/5.0 (Windows NT 10.0; Win64; x64) AppleWebKit/537.36 (KHTML, like Gecko) Chrome/124.0.0.0 Safari/537.36"
93.184.216.34 - - [06/May/2026:09:28:56 +0300] "GET /blog HTTP/1.1" 200 11249 "-" "Mozilla/5.0 (Linux; Android 14; Pixel 8) AppleWebKit/537.36 (KHTML, like Gecko) Chrome/124.0.6367.82 Mobile Safari/537.36"
45.79.198.173 - - [06/May/2026:09:28:56 +0300] "GET /home HTTP/1.1" 302 0 "-" "Mozilla/5.0 (X11; Linux x86_64) AppleWebKit/537.36 (KHTML, like Gecko) Chrome/122.0.0.0 Safari/537.36"
80.241.212.5 - - [06/May/2026:09:28:56 +0300] "GET /assets/images/team.jpg HTTP/1.1" 200 296793 "-" "Mozilla/5.0 (X11; Ubuntu; Linux x86_64; rv:123.0) Gecko/20100101 Firefox/123.0"
45.79.198.173 - - [06/May/2026:09:28:57 +0300] "GET /assets/css/bootstrap.min.css HTTP/1.1" 200 154525 "-" "Mozilla/5.0 (Windows NT 10.0; Win64; x64) AppleWebKit/537.36 (KHTML, like Gecko) Chrome/124.0.0.0 Safari/537.36"
80.241.212.5 - - [06/May/2026:09:28:57 +0300] "GET /index.php HTTP/1.1" 302 0 "-" "Mozilla/5.0 (Macintosh; Intel Mac OS X 10_15_7) AppleWebKit/537.36 (KHTML, like Gecko) Chrome/123.0.0.0 Safari/537.36"
188.166.93.14 - - [06/May/2026:09:28:57 +0300] "GET /pricing HTTP/1.1" 200 9517 "-" "Mozilla/5.0 (iPhone; CPU iPhone OS 17_4 like Mac OS X) AppleWebKit/605.1.15 (KHTML, like Gecko) Version/17.4 Mobile/15E148 Safari/604.1"
91.108.4.160 - - [06/May/2026:09:29:01 +0300] "GET /api/v1/notfound HTTP/1.1" 404 283 "-" "Mozilla/5.0 (Macintosh; Intel Mac OS X 10_15_7) AppleWebKit/537.36 (KHTML, like Gecko) Chrome/123.0.0.0 Safari/537.36"
5.9.64.162 - - [06/May/2026:09:29:02 +0300] "GET /api/v1/auth/login HTTP/1.1" 200 566 "-" "Mozilla/5.0 (Windows NT 10.0; Win64; x64) AppleWebKit/537.36 (KHTML, like Gecko) Chrome/124.0.0.0 Safari/537.36 Edg/124.0.0.0"
46.101.152.178 - - [06/May/2026:09:29:02 +0300] "GET /api/v1/notfound HTTP/1.1" 404 487 "-" "Mozilla/5.0 (Macintosh; Intel Mac OS X 14_4) AppleWebKit/605.1.15 (KHTML, like Gecko) Version/17.4 Safari/605.1.15"
193.232.127.4 - - [06/May/2026:09:29:02 +0300] "POST /api/v1/search?q=nginx HTTP/1.1" 200 3394 "-" "Mozilla/5.0 (Macintosh; Intel Mac OS X 10_15_7) AppleWebKit/537.36 (KHTML, like Gecko) Chrome/123.0.0.0 Safari/537.36"
151.101.1.140 - - [06/May/2026:09:29:02 +0300] "GET /blog/post-1 HTTP/1.1" 200 17297 "-" "Mozilla/5.0 (iPad; CPU OS 17_4 like Mac OS X) AppleWebKit/605.1.15 (KHTML, like Gecko) Version/17.4 Mobile/15E148 Safari/604.1"
45.79.198.173 - - [06/May/2026:09:29:02 +0300] "GET /blog/how-to-setup-nginx HTTP/1.1" 200 24109 "-" "curl/8.4.0"
5.9.64.162 - - [06/May/2026:09:29:05 +0300] "GET /api/v1/products/42 HTTP/1.1" 200 687 "-" "Mozilla/5.0 (X11; Linux x86_64) AppleWebKit/537.36 (KHTML, like Gecko) Chrome/122.0.0.0 Safari/537.36"
216.58.215.78 - - [06/May/2026:09:29:10 +0300] "POST /contact HTTP/1.1" 200 3140 "-" "Mozilla/5.0 (iPhone; CPU iPhone OS 17_4 like Mac OS X) AppleWebKit/605.1.15 (KHTML, like Gecko) Version/17.4 Mobile/15E148 Safari/604.1"
194.87.0.31 - - [06/May/2026:09:29:10 +0300] "GET /api/v1/stats HTTP/1.1" 200 1091 "-" "Mozilla/5.0 (Windows NT 10.0; Win64; x64) AppleWebKit/537.36 (KHTML, like Gecko) Chrome/124.0.0.0 Safari/537.36 Edg/124.0.0.0"
157.240.241.35 - - [06/May/2026:09:29:13 +0300] "GET /about HTTP/1.1" 200 10366 "-" "Mozilla/5.0 (X11; Ubuntu; Linux x86_64; rv:123.0) Gecko/20100101 Firefox/123.0"
140.82.113.4 - - [06/May/2026:09:29:13 +0300] "GET /assets/images/hero.jpg HTTP/1.1" 200 135088 "-" "Mozilla/5.0 (X11; Ubuntu; Linux x86_64; rv:123.0) Gecko/20100101 Firefox/123.0"
52.84.12.200 - - [06/May/2026:09:29:13 +0300] "GET /api/v1/auth/logout HTTP/1.1" 200 108 "-" "Mozilla/5.0 (X11; Linux x86_64) AppleWebKit/537.36 (KHTML, like Gecko) Chrome/122.0.0.0 Safari/537.36"
104.16.132.229 - - [06/May/2026:09:29:15 +0300] "GET /assets/images/bg.png HTTP/1.1" 200 60142 "-" "Mozilla/5.0 (iPhone; CPU iPhone OS 17_4 like Mac OS X) AppleWebKit/605.1.15 (KHTML, like Gecko) Version/17.4 Mobile/15E148 Safari/604.1"
172.217.16.142 - - [06/May/2026:09:29:15 +0300] "GET /contact HTTP/1.1" 200 7666 "-" "Mozilla/5.0 (iPhone; CPU iPhone OS 17_4 like Mac OS X) AppleWebKit/605.1.15 (KHTML, like Gecko) Version/17.4 Mobile/15E148 Safari/604.1"
212.193.65.34 - - [06/May/2026:09:29:17 +0300] "GET /blog/ HTTP/2.0" 302 0 "-" "Mozilla/5.0 (Windows NT 10.0; Win64; x64; rv:124.0) Gecko/20100101 Firefox/124.0"
151.101.1.140 - - [06/May/2026:09:29:17 +0300] "GET /assets/css/bootstrap.min.css HTTP/1.1" 200 158137 "-" "curl/8.4.0"
172.217.16.142 - - [06/May/2026:09:29:17 +0300] "GET /pricing HTTP/1.1" 200 4666 "-" "Mozilla/5.0 (Linux; Android 14; Pixel 8) AppleWebKit/537.36 (KHTML, like Gecko) Chrome/124.0.6367.82 Mobile Safari/537.36"
93.184.216.34 - - [06/May/2026:09:29:19 +0300] "PUT /about HTTP/1.1" 200 177 "-" "Mozilla/5.0 (Macintosh; Intel Mac OS X 10_15_7) AppleWebKit/537.36 (KHTML, like Gecko) Chrome/123.0.0.0 Safari/537.36"
5.45.207.60 - - [06/May/2026:09:29:19 +0300] "GET /api/v1/search?q=nginx HTTP/1.1" 200 3560 "-" "curl/8.4.0"
77.88.55.60 - - [06/May/2026:09:29:20 +0300] "GET /assets/images/bg.png HTTP/1.1" 200 116718 "-" "Mozilla/5.0 (Macintosh; Intel Mac OS X 10_15_7) AppleWebKit/537.36 (KHTML, like Gecko) Chrome/123.0.0.0 Safari/537.36"
54.36.149.30 - - [06/May/2026:09:29:20 +0300] "GET /dashboard HTTP/1.1" 500 1674 "-" "Mozilla/5.0 (Windows NT 10.0; Win64; x64) AppleWebKit/537.36 (KHTML, like Gecko) Chrome/124.0.0.0 Safari/537.36 Edg/124.0.0.0"
151.101.1.140 - - [06/May/2026:09:29:21 +0300] "GET /assets/fonts/roboto.woff2 HTTP/1.1" 200 38426 "-" "Mozilla/5.0 (Linux; Android 14; Pixel 8) AppleWebKit/537.36 (KHTML, like Gecko) Chrome/124.0.6367.82 Mobile Safari/537.36"
194.87.0.31 - - [06/May/2026:09:29:22 +0300] "GET /api/v1/orders HTTP/1.1" 200 1059 "-" "curl/7.88.1"
194.87.0.31 - - [06/May/2026:09:29:23 +0300] "POST /api/v1/stats HTTP/1.1" 200 2010 "-" "curl/8.4.0"
5.45.207.60 - - [06/May/2026:09:29:23 +0300] "POST /api/v1/search?q=nginx HTTP/1.1" 200 1803 "-" "Mozilla/5.0 (X11; Ubuntu; Linux x86_64; rv:123.0) Gecko/20100101 Firefox/123.0"
151.101.1.140 - - [06/May/2026:09:29:26 +0300] "GET /robots.txt HTTP/1.1" 200 430 "-" "Mozilla/5.0 (iPad; CPU OS 17_4 like Mac OS X) AppleWebKit/605.1.15 (KHTML, like Gecko) Version/17.4 Mobile/15E148 Safari/604.1"
140.82.113.4 - - [06/May/2026:09:29:26 +0300] "GET /robots.txt HTTP/1.1" 200 292 "-" "Mozilla/5.0 (Windows NT 10.0; Win64; x64) AppleWebKit/537.36 (KHTML, like Gecko) Chrome/124.0.0.0 Safari/537.36"
185.199.108.153 - - [06/May/2026:09:29:26 +0300] "GET /profile HTTP/1.1" 200 7654 "-" "Mozilla/5.0 (Linux; Android 14; Pixel 8) AppleWebKit/537.36 (KHTML, like Gecko) Chrome/124.0.6367.82 Mobile Safari/537.36"
172.217.16.142 - - [06/May/2026:09:29:27 +0300] "GET /register HTTP/1.1" 200 5972 "-" "Mozilla/5.0 (Macintosh; Intel Mac OS X 14_4) AppleWebKit/605.1.15 (KHTML, like Gecko) Version/17.4 Safari/605.1.15"
82.146.34.119 - - [06/May/2026:09:29:28 +0300] "POST /api/v1/orders HTTP/1.1" 401 136 "-" "Mozilla/5.0 (X11; Linux x86_64) AppleWebKit/537.36 (KHTML, like Gecko) Chrome/122.0.0.0 Safari/537.36"
172.217.16.142 - - [06/May/2026:09:29:30 +0300] "GET /api/v1/users/me HTTP/1.1" 200 332 "-" "Mozilla/5.0 (Windows NT 10.0; Win64; x64) AppleWebKit/537.36 (KHTML, like Gecko) Chrome/124.0.0.0 Safari/537.36 Edg/124.0.0.0"
5.45.207.60 - - [06/May/2026:09:29:31 +0300] "GET /api/v1/users HTTP/1.1" 500 1615 "-" "Mozilla/5.0 (X11; Linux x86_64) AppleWebKit/537.36 (KHTML, like Gecko) Chrome/122.0.0.0 Safari/537.36"
172.217.16.142 - - [06/May/2026:09:29:31 +0300] "GET /api/v1/stats HTTP/1.1" 200 1054 "-" "Mozilla/5.0 (Windows NT 10.0; Win64; x64) AppleWebKit/537.36 (KHTML, like Gecko) Chrome/124.0.0.0 Safari/537.36 Edg/124.0.0.0"
109.248.203.11 - - [06/May/2026:09:29:31 +0300] "GET /robots.txt HTTP/1.1" 200 451 "-" "Mozilla/5.0 (iPad; CPU OS 17_4 like Mac OS X) AppleWebKit/605.1.15 (KHTML, like Gecko) Version/17.4 Mobile/15E148 Safari/604.1"
40.77.167.219 - - [06/May/2026:09:29:45 +0300] "GET /assets/js/jquery.min.js HTTP/1.1" 200 89910 "-" "Mozilla/5.0 (compatible; bingbot/2.0; +http://www.bing.com/bingbot.htm)"
40.77.167.219 - - [06/May/2026:09:29:45 +0300] "GET /services HTTP/1.1" 200 13357 "-" "Mozilla/5.0 (compatible; bingbot/2.0; +http://www.bing.com/bingbot.htm)"
213.180.204.3 - - [06/May/2026:09:29:45 +0300] "GET /api/v1/auth/logout HTTP/1.1" 200 96 "-" "Mozilla/5.0 (Macintosh; Intel Mac OS X 10_15_7) AppleWebKit/537.36 (KHTML, like Gecko) Chrome/123.0.0.0 Safari/537.36"
165.227.3.104 - - [06/May/2026:09:29:45 +0300] "GET /assets/fonts/roboto.woff2 HTTP/2.0" 200 22617 "-" "Mozilla/5.0 (Windows NT 10.0; Win64; x64) AppleWebKit/537.36 (KHTML, like Gecko) Chrome/124.0.0.0 Safari/537.36"
66.249.64.12 - - [06/May/2026:09:29:45 +0300] "GET /blog HTTP/1.1" 200 4544 "-" "Mozilla/5.0 (compatible; bingbot/2.0; +http://www.bing.com/bingbot.htm)"
172.217.16.142 - - [06/May/2026:09:29:45 +0300] "GET /blog/ HTTP/1.1" 302 0 "-" "Mozilla/5.0 (Macintosh; Intel Mac OS X 14_4) AppleWebKit/605.1.15 (KHTML, like Gecko) Version/17.4 Safari/605.1.15"
157.240.241.35 - - [06/May/2026:09:29:45 +0300] "GET / HTTP/1.1" 200 2068 "-" "curl/8.4.0"
188.166.93.14 - - [06/May/2026:09:29:45 +0300] "GET /dashboard HTTP/1.1" 200 14228 "-" "Mozilla/5.0 (X11; Ubuntu; Linux x86_64; rv:123.0) Gecko/20100101 Firefox/123.0"
151.101.1.140 - - [06/May/2026:09:29:45 +0300] "GET /api/v1/products HTTP/1.1" 200 1195 "-" "Mozilla/5.0 (iPad; CPU OS 17_4 like Mac OS X) AppleWebKit/605.1.15 (KHTML, like Gecko) Version/17.4 Mobile/15E148 Safari/604.1"
193.232.127.4 - - [06/May/2026:09:29:45 +0300] "GET /pricing HTTP/1.1" 200 6384 "-" "Mozilla/5.0 (Windows NT 10.0; Win64; x64) AppleWebKit/537.36 (KHTML, like Gecko) Chrome/124.0.0.0 Safari/537.36 Edg/124.0.0.0"
165.227.3.104 - - [06/May/2026:09:29:45 +0300] "GET /robots.txt HTTP/1.1" 200 249 "-" "Mozilla/5.0 (X11; Linux x86_64) AppleWebKit/537.36 (KHTML, like Gecko) Chrome/122.0.0.0 Safari/537.36"
45.79.198.173 - - [06/May/2026:09:29:45 +0300] "POST /api/v1/stats HTTP/1.1" 200 587 "-" "Mozilla/5.0 (Macintosh; Intel Mac OS X 10_15_7) AppleWebKit/537.36 (KHTML, like Gecko) Chrome/123.0.0.0 Safari/537.36"
140.82.113.4 - - [06/May/2026:09:29:45 +0300] "GET /api/v1/orders HTTP/1.1" 200 1007 "-" "Mozilla/5.0 (Macintosh; Intel Mac OS X 14_4) AppleWebKit/605.1.15 (KHTML, like Gecko) Version/17.4 Safari/605.1.15"
66.249.66.1 - - [06/May/2026:09:29:45 +0300] "GET /assets/images/team.jpg HTTP/1.1" 200 116068 "-" "Mozilla/5.0 (compatible; bingbot/2.0; +http://www.bing.com/bingbot.htm)"
151.101.1.140 - - [06/May/2026:09:29:45 +0300] "GET /contact HTTP/2.0" 200 3405 "-" "Mozilla/5.0 (Macintosh; Intel Mac OS X 10_15_7) AppleWebKit/537.36 (KHTML, like Gecko) Chrome/123.0.0.0 Safari/537.36"
151.101.1.140 - - [06/May/2026:09:29:45 +0300] "GET /assets/images/logo.png HTTP/1.1" 200 5705 "-" "Mozilla/5.0 (iPhone; CPU iPhone OS 17_4 like Mac OS X) AppleWebKit/605.1.15 (KHTML, like Gecko) Version/17.4 Mobile/15E148 Safari/604.1"
151.101.1.140 - - [06/May/2026:09:29:47 +0300] "GET /assets/js/jquery.min.js HTTP/1.1" 200 84472 "-" "Mozilla/5.0 (iPhone; CPU iPhone OS 17_4 like Mac OS X) AppleWebKit/605.1.15 (KHTML, like Gecko) Version/17.4 Mobile/15E148 Safari/604.1"
151.101.1.140 - - [06/May/2026:09:29:48 +0300] "GET /assets/js/bootstrap.bundle.min.js HTTP/1.1" 200 52483 "-" "Mozilla/5.0 (Macintosh; Intel Mac OS X 10_15_7) AppleWebKit/537.36 (KHTML, like Gecko) Chrome/123.0.0.0 Safari/537.36"
66.249.66.1 - - [06/May/2026:09:29:48 +0300] "GET /api/v1/orders HTTP/1.1" 200 4619 "-" "Mozilla/5.0 (compatible; bingbot/2.0; +http://www.bing.com/bingbot.htm)"
66.249.66.1 - - [06/May/2026:09:29:48 +0300] "GET /api/v1/auth/login HTTP/1.1" 200 451 "-" "Mozilla/5.0 (compatible; YandexBot/3.0; +http://yandex.com/bots)"
188.166.93.14 - - [06/May/2026:09:29:49 +0300] "GET /sitemap.xml HTTP/1.1" 200 2594 "-" "Mozilla/5.0 (Macintosh; Intel Mac OS X 14_4) AppleWebKit/605.1.15 (KHTML, like Gecko) Version/17.4 Safari/605.1.15"
188.166.93.14 - - [06/May/2026:09:29:51 +0300] "GET /assets/images/team.jpg HTTP/1.1" 200 249034 "-" "Mozilla/5.0 (Windows NT 10.0; Win64; x64) AppleWebKit/537.36 (KHTML, like Gecko) Chrome/124.0.0.0 Safari/537.36 Edg/124.0.0.0"
151.101.1.140 - - [06/May/2026:09:29:51 +0300] "GET /api/v1/users/me HTTP/2.0" 200 704 "-" "Mozilla/5.0 (Linux; Android 14; Pixel 8) AppleWebKit/537.36 (KHTML, like Gecko) Chrome/124.0.6367.82 Mobile Safari/537.36"
66.249.66.1 - - [06/May/2026:09:29:51 +0300] "GET /assets/images/logo.png HTTP/1.1" 200 16538 "-" "Mozilla/5.0 (compatible; YandexBot/3.0; +http://yandex.com/bots)"
151.101.1.140 - - [06/May/2026:09:29:51 +0300] "GET /assets/js/jquery.min.js HTTP/1.1" 200 86118 "-" "Mozilla/5.0 (Windows NT 10.0; Win64; x64; rv:124.0) Gecko/20100101 Firefox/124.0"
140.82.113.4 - - [06/May/2026:09:29:54 +0300] "GET /blog HTTP/1.1" 200 6127 "-" "Mozilla/5.0 (Linux; Android 14; Pixel 8) AppleWebKit/537.36 (KHTML, like Gecko) Chrome/124.0.6367.82 Mobile Safari/537.36"
40.77.167.219 - - [06/May/2026:09:29:54 +0300] "GET /blog/how-to-setup-nginx HTTP/1.1" 200 18453 "-" "Mozilla/5.0 (compatible; bingbot/2.0; +http://www.bing.com/bingbot.htm)"
178.62.193.43 - - [06/May/2026:09:29:54 +0300] "GET /assets/css/bootstrap.min.css HTTP/1.1" 200 150069 "-" "Mozilla/5.0 (Macintosh; Intel Mac OS X 14_4) AppleWebKit/605.1.15 (KHTML, like Gecko) Version/17.4 Safari/605.1.15"
188.166.93.14 - - [06/May/2026:09:29:54 +0300] "GET /api/v1/search?q=nginx HTTP/1.1" 200 976 "-" "curl/7.88.1"
40.77.167.219 - - [06/May/2026:09:29:56 +0300] "GET /sitemap.xml HTTP/1.1" 200 1128 "-" "Mozilla/5.0 (compatible; bingbot/2.0; +http://www.bing.com/bingbot.htm)"
34.107.221.82 - - [06/May/2026:09:29:56 +0300] "GET /about HTTP/1.1" 200 10843 "-" "Mozilla/5.0 (X11; Linux x86_64) AppleWebKit/537.36 (KHTML, like Gecko) Chrome/122.0.0.0 Safari/537.36"
157.240.241.35 - - [06/May/2026:09:29:56 +0300] "POST /api/v1/products/42 HTTP/1.1" 200 1895 "-" "Mozilla/5.0 (Linux; Android 14; Pixel 8) AppleWebKit/537.36 (KHTML, like Gecko) Chrome/124.0.6367.82 Mobile Safari/537.36"
40.77.167.219 - - [06/May/2026:09:29:57 +0300] "GET /api/v1/users/me HTTP/1.1" 200 1288 "-" "Mozilla/5.0 (compatible; YandexBot/3.0; +http://yandex.com/bots)"
178.62.193.43 - - [06/May/2026:09:29:57 +0300] "GET /services HTTP/1.1" 200 11379 "-" "Mozilla/5.0 (Macintosh; Intel Mac OS X 10_15_7) AppleWebKit/537.36 (KHTML, like Gecko) Chrome/123.0.0.0 Safari/537.36"
34.107.221.82 - - [06/May/2026:09:29:57 +0300] "GET /api/v1/auth/login HTTP/1.1" 200 663 "-" "Mozilla/5.0 (Windows NT 10.0; Win64; x64; rv:124.0) Gecko/20100101 Firefox/124.0"
151.101.1.140 - - [06/May/2026:09:29:57 +0300] "GET /assets/css/bootstrap.min.css HTTP/1.1" 200 156289 "-" "Mozilla/5.0 (X11; Linux x86_64) AppleWebKit/537.36 (KHTML, like Gecko) Chrome/122.0.0.0 Safari/537.36"
40.77.167.219 - - [06/May/2026:09:30:00 +0300] "POST /api/v1/auth/login HTTP/1.1" 403 213 "-" "Mozilla/5.0 (compatible; YandexBot/3.0; +http://yandex.com/bots)"
178.62.193.43 - - [06/May/2026:09:30:00 +0300] "GET /api/v1/search?q=nginx HTTP/1.1" 200 1259 "-" "Mozilla/5.0 (X11; Ubuntu; Linux x86_64; rv:123.0) Gecko/20100101 Firefox/123.0"
91.108.4.160 - - [06/May/2026:09:30:00 +0300] "GET /assets/js/app.js HTTP/2.0" 200 50277 "-" "curl/8.4.0"
