52.84.12.200 - - [06/May/2026:09:11:29 +0300] "GET /api/v1/products/42 HTTP/1.1" 200 1145 "-" "Mozilla/5.0 (iPhone; CPU iPhone OS 17_4 like Mac OS X) AppleWebKit/605.1.15 (KHTML, like Gecko) Version/17.4 Mobile/15E148 Safari/604.1"
172.217.16.142 - - [06/May/2026:09:11:29 +0300] "GET /pricing HTTP/1.1" 200 9788 "-" "Mozilla/5.0 (Linux; Android 14; Pixel 8) AppleWebKit/537.36 (KHTML, like Gecko) Chrome/124.0.6367.82 Mobile Safari/537.36"
34.107.221.82 - - [06/May/2026:09:11:29 +0300] "GET /api/v1/auth/logout HTTP/1.1" 200 91 "-" "Mozilla/5.0 (iPad; CPU OS 17_4 like Mac OS X) AppleWebKit/605.1.15 (KHTML, like Gecko) Version/17.4 Mobile/15E148 Safari/604.1"
212.193.65.34 - - [06/May/2026:09:11:30 +0300] "GET / HTTP/1.1" 200 5551 "-" "Mozilla/5.0 (X11; Ubuntu; Linux x86_64; rv:123.0) Gecko/20100101 Firefox/123.0"
89.108.112.44 - - [06/May/2026:09:11:31 +0300] "GET /api/v1/users HTTP/1.1" 500 950 "-" "Mozilla/5.0 (Macintosh; Intel Mac OS X 10_15_7) AppleWebKit/537.36 (KHTML, like Gecko) Chrome/123.0.0.0 Safari/537.36"
216.58.215.78 - - [06/May/2026:09:11:31 +0300] "GET /assets/images/team.jpg HTTP/1.1" 200 247262 "-" "Mozilla/5.0 (X11; Ubuntu; Linux x86_64; rv:123.0) Gecko/20100101 Firefox/123.0"
199.232.28.133 - - [06/May/2026:09:11:31 +0300] "GET /profile HTTP/1.1" 200 4913 "-" "Mozilla/5.0 (Windows NT 10.0; Win64; x64) AppleWebKit/537.36 (KHTML, like Gecko) Chrome/124.0.0.0 Safari/537.36"
142.250.80.100 - - [06/May/2026:09:11:32 +0300] "GET /api/v1/notfound HTTP/1.1" 404 327 "-" "Mozilla/5.0 (Macintosh; Intel Mac OS X 10_15_7) AppleWebKit/537.36 (KHTML, like Gecko) Chrome/123.0.0.0 Safari/537.36"
172.217.16.142 - - [06/May/2026:09:11:32 +0300] "GET /pricing HTTP/1.1" 200 10591 "-" "Mozilla/5.0 (X11; Ubuntu; Linux x86_64; rv:123.0) Gecko/20100101 Firefox/123.0"
216.58.215.78 - - [06/May/2026:09:11:34 +0300] "GET /favicon.ico HTTP/1.1" 200 3061 "-" "Mozilla/5.0 (Windows NT 10.0; Win64; x64) AppleWebKit/537.36 (KHTML, like Gecko) Chrome/124.0.0.0 Safari/537.36 Edg/124.0.0.0"
66.249.64.12 - - [06/May/2026:09:11:37 +0300] "GET /profile HTTP/1.1" 200 9581 "-" "Mozilla/5.0 (compatible; YandexBot/3.0; +http://yandex.com/bots)"
199.232.28.133 - - [06/May/2026:09:11:39 +0300] "GET /services HTTP/1.1" 200 4216 "-" "Mozilla/5.0 (iPhone; CPU iPhone OS 17_4 like Mac OS X) AppleWebKit/605.1.15 (KHTML, like Gecko) Version/17.4 Mobile/15E148 Safari/604.1"
216.58.215.78 - - [06/May/2026:09:11:45 +0300] "POST /api/v1/products/42 HTTP/1.1" 200 1856 "-" "Mozilla/5.0 (iPhone; CPU iPhone OS 17_4 like Mac OS X) AppleWebKit/605.1.15 (KHTML, like Gecko) Version/17.4 Mobile/15E148 Safari/604.1"
151.101.1.140 - - [06/May/2026:09:11:45 +0300] "GET /old-url HTTP/1.1" 404 310 "-" "curl/7.88.1"
217.69.143.60 - - [06/May/2026:09:11:57 +0300] "GET /api/v1/users/me HTTP/2.0" 200 1286 "-" "curl/8.4.0"
91.212.155.80 - - [06/May/2026:09:11:57 +0300] "GET /assets/fonts/roboto.woff2 HTTP/1.1" 200 24996 "-" "Mozilla/5.0 (iPhone; CPU iPhone OS 17_4 like Mac OS X) AppleWebKit/605.1.15 (KHTML, like Gecko) Version/17.4 Mobile/15E148 Safari/604.1"
185.199.108.153 - - [06/May/2026:09:11:57 +0300] "GET /services HTTP/1.1" 200 7709 "-" "Mozilla/5.0 (Windows NT 10.0; Win64; x64) AppleWebKit/537.36 (KHTML, like Gecko) Chrome/124.0.0.0 Safari/537.36 Edg/124.0.0.0"
104.16.132.229 - - [06/May/2026:09:11:57 +0300] "GET /assets/images/logo.png HTTP/1.1" 200 21955 "-" "Mozilla/5.0 (iPad; CPU OS 17_4 like Mac OS X) AppleWebKit/605.1.15 (KHTML, like Gecko) Version/17.4 Mobile/15E148 Safari/604.1"
31.184.238.128 - - [06/May/2026:09:11:57 +0300] "GET /pricing HTTP/1.1" 200 6880 "-" "Mozilla/5.0 (Macintosh; Intel Mac OS X 10_15_7) AppleWebKit/537.36 (KHTML, like Gecko) Chrome/123.0.0.0 Safari/537.36"
207.46.13.5 - - [06/May/2026:09:11:57 +0300] "GET /assets/fonts/roboto.woff2 HTTP/1.1" 200 45992 "-" "curl/7.88.1"
80.241.212.5 - - [06/May/2026:09:11:57 +0300] "GET /blog/post-1 HTTP/1.1" 200 10913 "-" "Mozilla/5.0 (iPad; CPU OS 17_4 like Mac OS X) AppleWebKit/605.1.15 (KHTML, like Gecko) Version/17.4 Mobile/15E148 Safari/604.1"
199.232.28.133 - - [06/May/2026:09:11:57 +0300] "GET /api/v1/products HTTP/1.1" 200 1883 "-" "Mozilla/5.0 (X11; Linux x86_64) AppleWebKit/537.36 (KHTML, like Gecko) Chrome/122.0.0.0 Safari/537.36"
93.184.216.34 - - [06/May/2026:09:11:57 +0300] "GET /assets/css/main.css HTTP/1.1" 200 32533 "-" "Mozilla/5.0 (X11; Ubuntu; Linux x86_64; rv:123.0) Gecko/20100101 Firefox/123.0"
37.9.175.4 - - [06/May/2026:09:11:57 +0300] "POST /api/v1/users/me HTTP/1.1" 200 1012 "-" "Mozilla/5.0 (Linux; Android 14; Pixel 8) AppleWebKit/537.36 (KHTML, like Gecko) Chrome/124.0.6367.82 Mobile Safari/537.36"
5.45.207.60 - - [06/May/2026:09:11:57 +0300] "GET /api/v1/products/42 HTTP/2.0" 200 442 "-" "curl/8.4.0"
109.196.154.34 - - [06/May/2026:09:11:57 +0300] "GET /blog HTTP/1.1" 200 8509 "-" "Mozilla/5.0 (Macintosh; Intel Mac OS X 10_15_7) AppleWebKit/537.36 (KHTML, like Gecko) Chrome/123.0.0.0 Safari/537.36"
151.101.1.140 - - [06/May/2026:09:11:57 +0300] "GET /api/v1/orders HTTP/2.0" 200 3447 "-" "Mozilla/5.0 (X11; Ubuntu; Linux x86_64; rv:123.0) Gecko/20100101 Firefox/123.0"
217.69.143.60 - - [06/May/2026:09:11:58 +0300] "GET /assets/css/main.css HTTP/1.1" 200 69961 "-" "Mozilla/5.0 (Windows NT 10.0; Win64; x64) AppleWebKit/537.36 (KHTML, like Gecko) Chrome/124.0.0.0 Safari/537.36 Edg/124.0.0.0"
217.69.143.60 - - [06/May/2026:09:12:05 +0300] "GET /blog/ HTTP/1.1" 301 0 "-" "curl/7.88.1"
77.88.55.60 - - [06/May/2026:09:12:09 +0300] "GET /assets/images/logo.png HTTP/1.1" 200 5246 "-" "Mozilla/5.0 (Linux; Android 14; Pixel 8) AppleWebKit/537.36 (KHTML, like Gecko) Chrome/124.0.6367.82 Mobile Safari/537.36"
93.184.216.34 - - [06/May/2026:09:12:09 +0300] "GET /assets/images/hero.jpg HTTP/2.0" 200 88941 "-" "curl/7.88.1"
52.84.12.200 - - [06/May/2026:09:12:09 +0300] "GET /assets/css/main.css HTTP/1.1" 200 78995 "-" "Mozilla/5.0 (iPhone; CPU iPhone OS 17_4 like Mac OS X) AppleWebKit/605.1.15 (KHTML, like Gecko) Version/17.4 Mobile/15E148 Safari/604.1"
93.184.216.34 - - [06/May/2026:09:12:09 +0300] "GET /api/v1/products HTTP/1.1" 200 4974 "-" "curl/7.88.1"
157.240.241.35 - - [06/May/2026:09:12:09 +0300] "DELETE /login HTTP/2.0" 204 80 "-" "Mozilla/5.0 (Linux; Android 14; Pixel 8) AppleWebKit/537.36 (KHTML, like Gecko) Chrome/124.0.6367.82 Mobile Safari/537.36"
93.184.216.34 - - [06/May/2026:09:12:10 +0300] "GET /images/deleted.jpg HTTP/1.1" 404 214 "-" "Mozilla/5.0 (Windows NT 10.0; Win64; x64) AppleWebKit/537.36 (KHTML, like Gecko) Chrome/124.0.0.0 Safari/537.36 Edg/124.0.0.0"
77.88.55.60 - - [06/May/2026:09:12:11 +0300] "GET /contact HTTP/1.1" 200 6121 "-" "curl/7.88.1"
93.184.216.34 - - [06/May/2026:09:12:11 +0300] "GET /wp-admin HTTP/2.0" 403 157 "-" "Mozilla/5.0 (Linux; Android 14; Pixel 8) AppleWebKit/537.36 (KHTML, like Gecko) Chrome/124.0.6367.82 Mobile Safari/537.36"
93.184.216.34 - - [06/May/2026:09:12:13 +0300] "GET /index.html HTTP/1.1" 200 1649 "-" "Mozilla/5.0 (Windows NT 10.0; Win64; x64) AppleWebKit/537.36 (KHTML, like Gecko) Chrome/124.0.0.0 Safari/537.36"
93.184.216.34 - - [06/May/2026:09:12:18 +0300] "POST /api/v1/users/me HTTP/1.1" 200 1146 "-" "Mozilla/5.0 (iPhone; CPU iPhone OS 17_4 like Mac OS X) AppleWebKit/605.1.15 (KHTML, like Gecko) Version/17.4 Mobile/15E148 Safari/604.1"
62.213.100.5 - - [06/May/2026:09:12:24 +0300] "POST /api/v1/auth/login HTTP/2.0" 200 463 "-" "Mozilla/5.0 (iPhone; CPU iPhone OS 17_4 like Mac OS X) AppleWebKit/605.1.15 (KHTML, like Gecko) Version/17.4 Mobile/15E148 Safari/604.1"
157.240.241.35 - - [06/May/2026:09:12:25 +0300] "GET /services HTTP/2.0" 200 5828 "-" "curl/8.4.0"
93.184.216.34 - - [06/May/2026:09:12:25 +0300] "GET /api/v1/users/me HTTP/1.1" 200 1473 "-" "Mozilla/5.0 (Windows NT 10.0; Win64; x64; rv:124.0) Gecko/20100101 Firefox/124.0"
216.58.215.78 - - [06/May/2026:09:12:25 +0300] "GET /assets/css/bootstrap.min.css HTTP/1.1" 200 151926 "-" "curl/8.4.0"
93.184.216.34 - - [06/May/2026:09:12:25 +0300] "POST /api/v1/products/42 HTTP/1.1" 200 601 "-" "Mozilla/5.0 (Windows NT 10.0; Win64; x64; rv:124.0) Gecko/20100101 Firefox/124.0"
199.232.28.133 - - [06/May/2026:09:12:25 +0300] "GET /assets/css/main.css HTTP/1.1" 200 16269 "-" "Mozilla/5.0 (iPhone; CPU iPhone OS 17_4 like Mac OS X) AppleWebKit/605.1.15 (KHTML, like Gecko) Version/17.4 Mobile/15E148 Safari/604.1"
151.101.1.140 - - [06/May/2026:09:12:25 +0300] "GET /about HTTP/2.0" 200 8996 "-" "Mozilla/5.0 (X11; Linux x86_64) AppleWebKit/537.36 (KHTML, like Gecko) Chrome/122.0.0.0 Safari/537.36"
178.62.193.43 - - [06/May/2026:09:12:25 +0300] "GET /assets/css/bootstrap.min.css HTTP/1.1" 200 159475 "-" "Mozilla/5.0 (X11; Linux x86_64) AppleWebKit/537.36 (KHTML, like Gecko) Chrome/122.0.0.0 Safari/537.36"
217.69.143.60 - - [06/May/2026:09:12:25 +0300] "GET /home HTTP/1.1" 301 0 "-" "Mozilla/5.0 (Windows NT 10.0; Win64; x64) AppleWebKit/537.36 (KHTML, like Gecko) Chrome/124.0.0.0 Safari/537.36"
52.84.12.200 - - [06/May/2026:09:12:25 +0300] "GET / HTTP/1.1" 200 7494 "-" "Mozilla/5.0 (iPad; CPU OS 17_4 like Mac OS X) AppleWebKit/605.1.15 (KHTML, like Gecko) Version/17.4 Mobile/15E148 Safari/604.1"
77.88.55.60 - - [06/May/2026:09:12:25 +0300] "GET /assets/js/bootstrap.bundle.min.js HTTP/1.1" 200 56390 "-" "curl/7.88.1"
157.240.241.35 - - [06/May/2026:09:12:25 +0300] "GET /assets/js/app.js HTTP/1.1" 200 43276 "-" "Mozilla/5.0 (Windows NT 10.0; Win64; x64) AppleWebKit/537.36 (KHTML, like Gecko) Chrome/124.0.0.0 Safari/537.36 Edg/124.0.0.0"
37.9.175.4 - - [06/May/2026:09:12:25 +0300] "GET /blog HTTP/1.1" 200 10468 "-" "Mozilla/5.0 (Windows NT 10.0; Win64; x64; rv:124.0) Gecko/20100101 Firefox/124.0"
172.217.16.142 - - [06/May/2026:09:12:25 +0300] "GET /index.html HTTP/1.1" 200 7497 "-" "Mozilla/5.0 (Linux; Android 14; Pixel 8) AppleWebKit/537.36 (KHTML, like Gecko) Chrome/124.0.6367.82 Mobile Safari/537.36"
138.201.172.37 - - [06/May/2026:09:12:25 +0300] "POST /contact HTTP/1.1" 200 6166 "-" "Mozilla/5.0 (Linux; Android 14; Pixel 8) AppleWebKit/537.36 (KHTML, like Gecko) Chrome/124.0.6367.82 Mobile Safari/537.36"
199.232.28.133 - - [06/May/2026:09:12:25 +0300] "GET /blog/post-1 HTTP/1.1" 200 5369 "-" "Mozilla/5.0 (Windows NT 10.0; Win64; x64) AppleWebKit/537.36 (KHTML, like Gecko) Chrome/124.0.0.0 Safari/537.36 Edg/124.0.0.0"
151.101.1.140 - - [06/May/2026:09:12:25 +0300] "GET /api/v1/stats HTTP/2.0" 200 1169 "-" "Mozilla/5.0 (X11; Ubuntu; Linux x86_64; rv:123.0) Gecko/20100101 Firefox/123.0"
151.101.1.140 - - [06/May/2026:09:12:25 +0300] "GET /assets/js/bootstrap.bundle.min.js HTTP/2.0" 200 56434 "-" "Mozilla/5.0 (Windows NT 10.0; Win64; x64) AppleWebKit/537.36 (KHTML, like Gecko) Chrome/124.0.0.0 Safari/537.36"
199.232.28.133 - - [06/May/2026:09:12:26 +0300] "GET /api/v1/orders HTTP/1.1" 200 4692 "-" "Mozilla/5.0 (iPhone; CPU iPhone OS 17_4 like Mac OS X) AppleWebKit/605.1.15 (KHTML, like Gecko) Version/17.4 Mobile/15E148 Safari/604.1"
138.201.172.37 - - [06/May/2026:09:12:26 +0300] "GET /assets/fonts/roboto.woff2 HTTP/1.1" 200 33978 "-" "Mozilla/5.0 (X11; Linux x86_64) AppleWebKit/537.36 (KHTML, like Gecko) Chrome/122.0.0.0 Safari/537.36"
77.88.55.60 - - [06/May/2026:09:12:27 +0300] "GET /blog/post-1 HTTP/1.1" 200 15545 "-" "Mozilla/5.0 (Macintosh; Intel Mac OS X 14_4) AppleWebKit/605.1.15 (KHTML, like Gecko) Version/17.4 Safari/605.1.15"
77.88.55.60 - - [06/May/2026:09:12:27 +0300] "GET /dashboard HTTP/1.1" 200 8266 "-" "Mozilla/5.0 (Windows NT 10.0; Win64; x64; rv:124.0) Gecko/20100101 Firefox/124.0"
151.101.1.140 - - [06/May/2026:09:12:27 +0300] "GET /api/v1/auth/logout HTTP/1.1" 200 165 "-" "Mozilla/5.0 (X11; Linux x86_64) AppleWebKit/537.36 (KHTML, like Gecko) Chrome/122.0.0.0 Safari/537.36"
151.101.1.140 - - [06/May/2026:09:12:29 +0300] "GET /api/v1/stats HTTP/2.0" 200 858 "-" "Mozilla/5.0 (X11; Ubuntu; Linux x86_64; rv:123.0) Gecko/20100101 Firefox/123.0"
151.101.1.140 - - [06/May/2026:09:12:31 +0300] "GET /assets/js/app.js HTTP/1.1" 200 21583 "-" "Mozilla/5.0 (iPhone; CPU iPhone OS 17_4 like Mac OS X) AppleWebKit/605.1.15 (KHTML, like Gecko) Version/17.4 Mobile/15E148 Safari/604.1"
93.184.216.34 - - [06/May/2026:09:12:32 +0300] "GET /assets/images/hero.jpg HTTP/1.1" 200 165110 "-" "Mozilla/5.0 (iPad; CPU OS 17_4 like Mac OS X) AppleWebKit/605.1.15 (KHTML, like Gecko) Version/17.4 Mobile/15E148 Safari/604.1"
91.108.4.160 - - [06/May/2026:09:12:51 +0300] "GET /login HTTP/2.0" 200 3736 "-" "Mozilla/5.0 (Macintosh; Intel Mac OS X 10_15_7) AppleWebKit/537.36 (KHTML, like Gecko) Chrome/123.0.0.0 Safari/537.36"
93.184.216.34 - - [06/May/2026:09:12:51 +0300] "GET /api/v1/users/me HTTP/2.0" 200 925 "-" "Mozilla/5.0 (Macintosh; Intel Mac OS X 14_4) AppleWebKit/605.1.15 (KHTML, like Gecko) Version/17.4 Safari/605.1.15"
54.36.149.30 - - [06/May/2026:09:12:55 +0300] "GET /dashboard HTTP/1.1" 200 12065 "-" "Mozilla/5.0 (Linux; Android 14; Pixel 8) AppleWebKit/537.36 (KHTML, like Gecko) Chrome/124.0.6367.82 Mobile Safari/537.36"
54.36.149.30 - - [06/May/2026:09:12:56 +0300] "GET /home HTTP/2.0" 302 0 "-" "Mozilla/5.0 (Windows NT 10.0; Win64; x64; rv:124.0) Gecko/20100101 Firefox/124.0"
54.36.149.30 - - [06/May/2026:09:12:57 +0300] "GET /assets/images/bg.png HTTP/1.1" 200 162878 "-" "Mozilla/5.0 (iPhone; CPU iPhone OS 17_4 like Mac OS X) AppleWebKit/605.1.15 (KHTML, like Gecko) Version/17.4 Mobile/15E148 Safari/604.1"
54.36.149.30 - - [06/May/2026:09:12:59 +0300] "GET /api/v1/users HTTP/1.1" 200 350 "-" "Mozilla/5.0 (Linux; Android 14; Pixel 8) AppleWebKit/537.36 (KHTML, like Gecko) Chrome/124.0.6367.82 Mobile Safari/537.36"
34.107.221.82 - - [06/May/2026:09:13:02 +0300] "GET /assets/images/hero.jpg HTTP/1.1" 200 200204 "-" "Mozilla/5.0 (Windows NT 10.0; Win64; x64) AppleWebKit/537.36 (KHTML, like Gecko) Chrome/124.0.0.0 Safari/537.36 Edg/124.0.0.0"
207.46.13.5 - - [06/May/2026:09:13:02 +0300] "GET /missing-page HTTP/1.1" 404 175 "-" "Mozilla/5.0 (compatible; bingbot/2.0; +http://www.bing.com/bingbot.htm)"
172.217.16.142 - - [06/May/2026:09:13:02 +0300] "GET /contact HTTP/2.0" 200 8186 "-" "Mozilla/5.0 (iPhone; CPU iPhone OS 17_4 like Mac OS X) AppleWebKit/605.1.15 (KHTML, like Gecko) Version/17.4 Mobile/15E148 Safari/604.1"
216.58.215.78 - - [06/May/2026:09:13:02 +0300] "GET /api/v1/users/me HTTP/2.0" 200 1461 "-" "Mozilla/5.0 (Macintosh; Intel Mac OS X 14_4) AppleWebKit/605.1.15 (KHTML, like Gecko) Version/17.4 Safari/605.1.15"
188.166.93.14 - - [06/May/2026:09:13:02 +0300] "GET /api/v1/users/me HTTP/1.1" 200 454 "-" "Mozilla/5.0 (Macintosh; Intel Mac OS X 14_4) AppleWebKit/605.1.15 (KHTML, like Gecko) Version/17.4 Safari/605.1.15"
188.166.93.14 - - [06/May/2026:09:13:02 +0300] "GET /api/v1/search?q=nginx HTTP/1.1" 200 1010 "-" "Mozilla/5.0 (X11; Ubuntu; Linux x86_64; rv:123.0) Gecko/20100101 Firefox/123.0"
52.84.12.200 - - [06/May/2026:09:13:02 +0300] "GET /api/v1/auth/login HTTP/1.1" 200 317 "-" "Mozilla/5.0 (Windows NT 10.0; Win64; x64) AppleWebKit/537.36 (KHTML, like Gecko) Chrome/124.0.0.0 Safari/537.36 Edg/124.0.0.0"
151.101.1.140 - - [06/May/2026:09:13:02 +0300] "GET / HTTP/2.0" 200 1519 "-" "Mozilla/5.0 (Windows NT 10.0; Win64; x64) AppleWebKit/537.36 (KHTML, like Gecko) Chrome/124.0.0.0 Safari/537.36 Edg/124.0.0.0"
54.36.149.30 - - [06/May/2026:09:13:03 +0300] "GET /assets/images/hero.jpg HTTP/1.1" 200 281234 "-" "Mozilla/5.0 (iPad; CPU OS 17_4 like Mac OS X) AppleWebKit/605.1.15 (KHTML, like Gecko) Version/17.4 Mobile/15E148 Safari/604.1"
207.46.13.5 - - [06/May/2026:09:13:04 +0300] "GET /assets/js/bootstrap.bundle.min.js HTTP/1.1" 200 56217 "-" "Mozilla/5.0 (compatible; bingbot/2.0; +http://www.bing.com/bingbot.htm)"
140.82.113.4 - - [06/May/2026:09:13:04 +0300] "GET /blog/post-1 HTTP/1.1" 200 19319 "-" "curl/7.88.1"
207.46.13.5 - - [06/May/2026:09:13:05 +0300] "GET /assets/images/bg.png HTTP/1.1" 200 126962 "-" "Mozilla/5.0 (compatible; Googlebot/2.1; +http://www.google.com/bot.html)"
212.193.65.34 - - [06/May/2026:09:13:05 +0300] "GET /api/v1/products HTTP/1.1" 200 4911 "-" "Mozilla/5.0 (iPhone; CPU iPhone OS 17_4 like Mac OS X) AppleWebKit/605.1.15 (KHTML, like Gecko) Version/17.4 Mobile/15E148 Safari/604.1"
54.36.149.30 - - [06/May/2026:09:13:06 +0300] "GET /sitemap.xml HTTP/1.1" 200 1454 "-" "curl/8.4.0"
140.82.113.4 - - [06/May/2026:09:13:08 +0300] "POST /api/v1/orders HTTP/1.1" 403 152 "-" "Mozilla/5.0 (X11; Ubuntu; Linux x86_64; rv:123.0) Gecko/20100101 Firefox/123.0"
34.107.221.82 - - [06/May/2026:09:13:10 +0300] "POST /api/v1/users HTTP/1.1" 200 504 "-" "curl/7.88.1"
66.249.64.12 - - [06/May/2026:09:13:10 +0300] "GET /assets/js/jquery.min.js HTTP/1.1" 200 84389 "-" "Mozilla/5.0 (compatible; YandexBot/3.0; +http://yandex.com/bots)"
194.87.0.31 - - [06/May/2026:09:13:10 +0300] "GET /dashboard HTTP/1.1" 200 21252 "-" "Mozilla/5.0 (Windows NT 10.0; Win64; x64; rv:124.0) Gecko/20100101 Firefox/124.0"
80.241.212.5 - - [06/May/2026:09:13:10 +0300] "GET /old-url HTTP/1.1" 404 493 "-" "Mozilla/5.0 (Macintosh; Intel Mac OS X 14_4) AppleWebKit/605.1.15 (KHTML, like Gecko) Version/17.4 Safari/605.1.15"
46.101.152.178 - - [06/May/2026:09:13:10 +0300] "GET /api/v1/search?q=nginx HTTP/1.1" 200 1179 "-" "Mozilla/5.0 (iPhone; CPU iPhone OS 17_4 like Mac OS X) AppleWebKit/605.1.15 (KHTML, like Gecko) Version/17.4 Mobile/15E148 Safari/604.1"
66.249.64.12 - - [06/May/2026:09:13:13 +0300] "GET /api/v1/users HTTP/1.1" 500 1086 "-" "Mozilla/5.0 (compatible; Googlebot/2.1; +http://www.google.com/bot.html)"
172.217.16.142 - - [06/May/2026:09:13:14 +0300] "GET /index.php HTTP/2.0" 302 0 "-" "Mozilla/5.0 (Windows NT 10.0; Win64; x64) AppleWebKit/537.36 (KHTML, like Gecko) Chrome/124.0.0.0 Safari/537.36"
172.217.16.142 - - [06/May/2026:09:13:16 +0300] "GET /api/v1/users/me HTTP/1.1" 200 627 "-" "Mozilla/5.0 (iPad; CPU OS 17_4 like Mac OS X) AppleWebKit/605.1.15 (KHTML, like Gecko) Version/17.4 Mobile/15E148 Safari/604.1"
45.79.198.173 - - [06/May/2026:09:13:18 +0300] "GET /about HTTP/1.1" 200 11121 "-" "curl/8.4.0"
37.9.175.4 - - [06/May/2026:09:13:18 +0300] "GET /register HTTP/2.0" 200 5466 "-" "Mozilla/5.0 (Windows NT 10.0; Win64; x64; rv:124.0) Gecko/20100101 Firefox/124.0"
172.217.16.142 - - [06/May/2026:09:13:18 +0300] "GET /assets/images/logo.png HTTP/1.1" 200 6875 "-" "curl/7.88.1"
172.217.16.142 - - [06/May/2026:09:13:19 +0300] "GET /favicon.ico HTTP/2.0" 200 2237 "-" "curl/8.4.0"
185.199.108.153 - - [06/May/2026:09:13:19 +0300] "GET /assets/js/app.js HTTP/1.1" 200 85314 "-" "curl/7.88.1"
185.199.108.153 - - [06/May/2026:09:13:23 +0300] "GET /pricing HTTP/1.1" 200 9445 "-" "Mozilla/5.0 (Macintosh; Intel Mac OS X 10_15_7) AppleWebKit/537.36 (KHTML, like Gecko) Chrome/123.0.0.0 Safari/537.36"
213.180.204.3 - - [06/May/2026:09:13:23 +0300] "GET /register HTTP/2.0" 200 2587 "-" "Mozilla/5.0 (Windows NT 10.0; Win64; x64) AppleWebKit/537.36 (KHTML, like Gecko) Chrome/124.0.0.0 Safari/537.36"
45.79.198.173 - - [06/May/2026:09:13:23 +0300] "GET /api/v1/users HTTP/1.1" 200 400 "-" "Mozilla/5.0 (iPhone; CPU iPhone OS 17_4 like Mac OS X) AppleWebKit/605.1.15 (KHTML, like Gecko) Version/17.4 Mobile/15E148 Safari/604.1"
151.101.1.140 - - [06/May/2026:09:13:26 +0300] "GET / HTTP/2.0" 200 5750 "-" "curl/7.88.1"
172.217.16.142 - - [06/May/2026:09:13:26 +0300] "GET /blog/post-2 HTTP/1.1" 200 8134 "-" "Mozilla/5.0 (iPad; CPU OS 17_4 like Mac OS X) AppleWebKit/605.1.15 (KHTML, like Gecko) Version/17.4 Mobile/15E148 Safari/604.1"
104.16.132.229 - - [06/May/2026:09:13:31 +0300] "GET /profile HTTP/1.1" 200 7683 "-" "Mozilla/5.0 (Macintosh; Intel Mac OS X 14_4) AppleWebKit/605.1.15 (KHTML, like Gecko) Version/17.4 Safari/605.1.15"
66.249.66.1 - - [06/May/2026:09:13:31 +0300] "GET /api/v1/users/me HTTP/1.1" 200 586 "-" "Mozilla/5.0 (compatible; Googlebot/2.1; +http://www.google.com/bot.html)"
151.101.1.140 - - [06/May/2026:09:13:37 +0300] "GET /register HTTP/1.1" 200 3264 "-" "Mozilla/5.0 (Windows NT 10.0; Win64; x64; rv:124.0) Gecko/20100101 Firefox/124.0"
77.88.55.60 - - [06/May/2026:09:13:37 +0300] "GET /assets/js/app.js HTTP/2.0" 200 78798 "-" "Mozilla/5.0 (iPad; CPU OS 17_4 like Mac OS X) AppleWebKit/605.1.15 (KHTML, like Gecko) Version/17.4 Mobile/15E148 Safari/604.1"
66.249.68.35 - - [06/May/2026:09:13:37 +0300] "POST /api/v1/auth/logout HTTP/1.1" 200 108 "-" "Mozilla/5.0 (compatible; bingbot/2.0; +http://www.bing.com/bingbot.htm)"
217.69.143.60 - - [06/May/2026:09:13:37 +0300] "GET /api/v1/auth/logout HTTP/1.1" 200 143 "-" "curl/7.88.1"
216.58.215.78 - - [06/May/2026:09:13:37 +0300] "GET /assets/js/jquery.min.js HTTP/1.1" 200 85966 "-" "curl/8.4.0"
78.46.60.71 - - [06/May/2026:09:13:37 +0300] "POST /api/v1/auth/login HTTP/1.1" 400 240 "-" "curl/8.4.0"
194.87.0.31 - - [06/May/2026:09:13:37 +0300] "GET /assets/images/logo.png HTTP/2.0" 200 26962 "-" "Mozilla/5.0 (Linux; Android 14; Pixel 8) AppleWebKit/537.36 (KHTML, like Gecko) Chrome/124.0.6367.82 Mobile Safari/537.36"
151.101.1.140 - - [06/May/2026:09:13:37 +0300] "POST /api/v1/auth/login HTTP/1.1" 401 182 "-" "Mozilla/5.0 (Windows NT 10.0; Win64; x64; rv:124.0) Gecko/20100101 Firefox/124.0"
217.69.143.60 - - [06/May/2026:09:13:39 +0300] "GET /blog/post-1 HTTP/1.1" 200 13138 "-" "Mozilla/5.0 (iPad; CPU OS 17_4 like Mac OS X) AppleWebKit/605.1.15 (KHTML, like Gecko) Version/17.4 Mobile/15E148 Safari/604.1"
93.184.216.34 - - [06/May/2026:09:13:42 +0300] "GET /about HTTP/1.1" 200 4167 "-" "Mozilla/5.0 (Macintosh; Intel Mac OS X 14_4) AppleWebKit/605.1.15 (KHTML, like Gecko) Version/17.4 Safari/605.1.15"
142.250.80.100 - - [06/May/2026:09:13:42 +0300] "GET /api/v1/orders HTTP/1.1" 200 1244 "-" "Mozilla/5.0 (Macintosh; Intel Mac OS X 14_4) AppleWebKit/605.1.15 (KHTML, like Gecko) Version/17.4 Safari/605.1.15"
80.241.212.5 - - [06/May/2026:09:13:42 +0300] "GET /blog/post-1 HTTP/1.1" 200 13046 "-" "Mozilla/5.0 (Macintosh; Intel Mac OS X 14_4) AppleWebKit/605.1.15 (KHTML, like Gecko) Version/17.4 Safari/605.1.15"
217.69.143.60 - - [06/May/2026:09:13:43 +0300] "GET /sitemap.xml HTTP/2.0" 200 1930 "-" "Mozilla/5.0 (iPad; CPU OS 17_4 like Mac OS X) AppleWebKit/605.1.15 (KHTML, like Gecko) Version/17.4 Mobile/15E148 Safari/604.1"
34.107.221.82 - - [06/May/2026:09:13:45 +0300] "GET /api/v1/users HTTP/1.1" 200 893 "-" "Mozilla/5.0 (X11; Ubuntu; Linux x86_64; rv:123.0) Gecko/20100101 Firefox/123.0"
140.82.113.4 - - [06/May/2026:09:13:45 +0300] "GET /services HTTP/1.1" 200 13884 "-" "Mozilla/5.0 (iPad; CPU OS 17_4 like Mac OS X) AppleWebKit/605.1.15 (KHTML, like Gecko) Version/17.4 Mobile/15E148 Safari/604.1"
40.77.167.219 - - [06/May/2026:09:13:45 +0300] "GET /favicon.ico HTTP/1.1" 200 4295 "-" "Mozilla/5.0 (compatible; Googlebot/2.1; +http://www.google.com/bot.html)"
142.250.80.100 - - [06/May/2026:09:13:46 +0300] "GET /services HTTP/1.1" 200 4407 "-" "Mozilla/5.0 (iPhone; CPU iPhone OS 17_4 like Mac OS X) AppleWebKit/605.1.15 (KHTML, like Gecko) Version/17.4 Mobile/15E148 Safari/604.1"
140.82.113.4 - - [06/May/2026:09:13:48 +0300] "GET /assets/images/logo.png HTTP/1.1" 200 25228 "-" "Mozilla/5.0 (iPhone; CPU iPhone OS 17_4 like Mac OS X) AppleWebKit/605.1.15 (KHTML, like Gecko) Version/17.4 Mobile/15E148 Safari/604.1"
140.82.113.4 - - [06/May/2026:09:13:49 +0300] "POST /login HTTP/1.1" 200 3696 "-" "curl/8.4.0"
93.184.216.34 - - [06/May/2026:09:13:49 +0300] "GET /login HTTP/1.1" 200 2953 "-" "Mozilla/5.0 (Windows NT 10.0; Win64; x64; rv:124.0) Gecko/20100101 Firefox/124.0"
217.69.143.60 - - [06/May/2026:09:13:49 +0300] "GET /api/v1/auth/logout HTTP/1.1" 200 66 "-" "Mozilla/5.0 (Windows NT 10.0; Win64; x64; rv:124.0) Gecko/20100101 Firefox/124.0"
140.82.113.4 - - [06/May/2026:09:13:51 +0300] "GET /blog HTTP/1.1" 200 10056 "-" "curl/7.88.1"
109.196.154.34 - - [06/May/2026:09:13:54 +0300] "GET /api/v1/products HTTP/1.1" 200 4309 "-" "Mozilla/5.0 (X11; Linux x86_64) AppleWebKit/537.36 (KHTML, like Gecko) Chrome/122.0.0.0 Safari/537.36"
217.69.143.60 - - [06/May/2026:09:13:54 +0300] "GET /register HTTP/1.1" 200 6618 "-" "Mozilla/5.0 (Macintosh; Intel Mac OS X 14_4) AppleWebKit/605.1.15 (KHTML, like Gecko) Version/17.4 Safari/605.1.15"
93.184.216.34 - - [06/May/2026:09:13:54 +0300] "GET /api/v1/users/me HTTP/1.1" 401 187 "-" "Mozilla/5.0 (Macintosh; Intel Mac OS X 14_4) AppleWebKit/605.1.15 (KHTML, like Gecko) Version/17.4 Safari/605.1.15"
77.88.55.60 - - [06/May/2026:09:13:58 +0300] "GET /api/v1/products/42 HTTP/1.1" 200 655 "-" "curl/7.88.1"
185.199.108.153 - - [06/May/2026:09:14:02 +0300] "PUT /about HTTP/1.1" 200 82 "-" "Mozilla/5.0 (Macintosh; Intel Mac OS X 10_15_7) AppleWebKit/537.36 (KHTML, like Gecko) Chrome/123.0.0.0 Safari/537.36"
93.184.216.34 - - [06/May/2026:09:14:02 +0300] "GET /api/v1/products/42 HTTP/1.1" 200 1747 "-" "curl/8.4.0"
45.79.198.173 - - [06/May/2026:09:14:02 +0300] "GET /login HTTP/1.1" 200 2014 "-" "curl/7.88.1"
5.45.207.60 - - [06/May/2026:09:14:05 +0300] "GET /pricing HTTP/2.0" 200 9648 "-" "Mozilla/5.0 (Macintosh; Intel Mac OS X 10_15_7) AppleWebKit/537.36 (KHTML, like Gecko) Chrome/123.0.0.0 Safari/537.36"
157.55.39.106 - - [06/May/2026:09:14:05 +0300] "GET /assets/fonts/roboto.woff2 HTTP/1.1" 200 48904 "-" "Mozilla/5.0 (compatible; bingbot/2.0; +http://www.bing.com/bingbot.htm)"
188.166.93.14 - - [06/May/2026:09:14:05 +0300] "GET /assets/js/bootstrap.bundle.min.js HTTP/1.1" 200 53570 "-" "Mozilla/5.0 (Windows NT 10.0; Win64; x64) AppleWebKit/537.36 (KHTML, like Gecko) Chrome/124.0.0.0 Safari/537.36"
52.84.12.200 - - [06/May/2026:09:14:08 +0300] "GET /assets/css/bootstrap.min.css HTTP/1.1" 200 158917 "-" "Mozilla/5.0 (Linux; Android 14; Pixel 8) AppleWebKit/537.36 (KHTML, like Gecko) Chrome/124.0.6367.82 Mobile Safari/537.36"
104.16.132.229 - - [06/May/2026:09:14:15 +0300] "GET /blog/post-2 HTTP/1.1" 200 12526 "-" "Mozilla/5.0 (Windows NT 10.0; Win64; x64) AppleWebKit/537.36 (KHTML, like Gecko) Chrome/124.0.0.0 Safari/537.36 Edg/124.0.0.0"
185.199.108.153 - - [06/May/2026:09:14:15 +0300] "GET / HTTP/1.1" 200 1978 "-" "Mozilla/5.0 (Windows NT 10.0; Win64; x64) AppleWebKit/537.36 (KHTML, like Gecko) Chrome/124.0.0.0 Safari/537.36 Edg/124.0.0.0"
176.9.8.20 - - [06/May/2026:09:14:15 +0300] "POST /login HTTP/1.1" 200 2598 "-" "Mozilla/5.0 (Windows NT 10.0; Win64; x64; rv:124.0) Gecko/20100101 Firefox/124.0"
66.249.64.12 - - [06/May/2026:09:14:15 +0300] "GET /assets/js/app.js HTTP/1.1" 200 85064 "-" "curl/7.88.1"
172.217.16.142 - - [06/May/2026:09:14:15 +0300] "GET /assets/images/bg.png HTTP/1.1" 200 43810 "-" "Mozilla/5.0 (Linux; Android 14; Pixel 8) AppleWebKit/537.36 (KHTML, like Gecko) Chrome/124.0.6367.82 Mobile Safari/537.36"
212.193.65.34 - - [06/May/2026:09:14:15 +0300] "GET /index.html HTTP/2.0" 200 5705 "-" "Mozilla/5.0 (Macintosh; Intel Mac OS X 10_15_7) AppleWebKit/537.36 (KHTML, like Gecko) Chrome/123.0.0.0 Safari/537.36"
172.217.16.142 - - [06/May/2026:09:14:15 +0300] "POST /api/v1/auth/login HTTP/1.1" 200 339 "-" "Mozilla/5.0 (Macintosh; Intel Mac OS X 10_15_7) AppleWebKit/537.36 (KHTML, like Gecko) Chrome/123.0.0.0 Safari/537.36"
213.180.204.3 - - [06/May/2026:09:14:15 +0300] "GET /profile HTTP/2.0" 200 9289 "-" "Mozilla/5.0 (Macintosh; Intel Mac OS X 14_4) AppleWebKit/605.1.15 (KHTML, like Gecko) Version/17.4 Safari/605.1.15"
66.249.64.12 - - [06/May/2026:09:14:16 +0300] "GET /api/v1/search?q=nginx HTTP/1.1" 200 616 "-" "Mozilla/5.0 (compatible; YandexBot/3.0; +http://yandex.com/bots)"
151.101.1.140 - - [06/May/2026:09:14:16 +0300] "GET /services HTTP/2.0" 200 5961 "-" "curl/7.88.1"
213.180.204.3 - - [06/May/2026:09:14:17 +0300] "GET /api/v1/stats HTTP/2.0" 200 577 "-" "Mozilla/5.0 (Windows NT 10.0; Win64; x64) AppleWebKit/537.36 (KHTML, like Gecko) Chrome/124.0.0.0 Safari/537.36"
213.180.204.3 - - [06/May/2026:09:14:17 +0300] "GET /register HTTP/1.1" 200 6738 "-" "Mozilla/5.0 (iPad; CPU OS 17_4 like Mac OS X) AppleWebKit/605.1.15 (KHTML, like Gecko) Version/17.4 Mobile/15E148 Safari/604.1"
93.184.216.34 - - [06/May/2026:09:14:20 +0300] "GET /login HTTP/1.1" 200 2533 "-" "Mozilla/5.0 (Windows NT 10.0; Win64; x64; rv:124.0) Gecko/20100101 Firefox/124.0"
66.249.64.12 - - [06/May/2026:09:14:23 +0300] "GET /assets/images/hero.jpg HTTP/1.1" 200 147560 "-" "Mozilla/5.0 (compatible; Googlebot/2.1; +http://www.google.com/bot.html)"
213.180.204.3 - - [06/May/2026:09:14:24 +0300] "GET /api/v1/auth/login HTTP/2.0" 200 255 "-" "Mozilla/5.0 (Windows NT 10.0; Win64; x64) AppleWebKit/537.36 (KHTML, like Gecko) Chrome/124.0.0.0 Safari/537.36 Edg/124.0.0.0"
80.241.212.5 - - [06/May/2026:09:14:26 +0300] "GET /blog HTTP/1.1" 200 6687 "-" "Mozilla/5.0 (Linux; Android 14; Pixel 8) AppleWebKit/537.36 (KHTML, like Gecko) Chrome/124.0.6367.82 Mobile Safari/537.36"
109.196.154.34 - - [06/May/2026:09:14:26 +0300] "GET /pricing HTTP/2.0" 200 9633 "-" "Mozilla/5.0 (X11; Linux x86_64) AppleWebKit/537.36 (KHTML, like Gecko) Chrome/122.0.0.0 Safari/537.36"
188.166.93.14 - - [06/May/2026:09:14:26 +0300] "POST /api/v1/products/42 HTTP/2.0" 200 1186 "-" "curl/8.4.0"
66.249.64.12 - - [06/May/2026:09:14:27 +0300] "GET /api/v1/products/42 HTTP/1.1" 200 1445 "-" "Mozilla/5.0 (compatible; YandexBot/3.0; +http://yandex.com/bots)"
188.166.93.14 - - [06/May/2026:09:14:29 +0300] "GET /assets/js/app.js HTTP/1.1" 200 67166 "-" "Mozilla/5.0 (X11; Linux x86_64) AppleWebKit/537.36 (KHTML, like Gecko) Chrome/122.0.0.0 Safari/537.36"
216.58.215.78 - - [06/May/2026:09:14:30 +0300] "GET /assets/js/jquery.min.js HTTP/1.1" 200 87614 "-" "Mozilla/5.0 (X11; Ubuntu; Linux x86_64; rv:123.0) Gecko/20100101 Firefox/123.0"
66.249.66.1 - - [06/May/2026:09:14:31 +0300] "GET /assets/css/bootstrap.min.css HTTP/1.1" 200 154269 "-" "Mozilla/5.0 (compatible; YandexBot/3.0; +http://yandex.com/bots)"
188.166.93.14 - - [06/May/2026:09:14:32 +0300] "GET /blog HTTP/1.1" 200 14075 "-" "Mozilla/5.0 (X11; Ubuntu; Linux x86_64; rv:123.0) Gecko/20100101 Firefox/123.0"
91.108.4.160 - - [06/May/2026:09:14:34 +0300] "GET /assets/js/jquery.min.js HTTP/1.1" 200 82666 "-" "curl/7.88.1"
40.77.167.219 - - [06/May/2026:09:14:35 +0300] "GET /blog/ HTTP/1.1" 301 0 "-" "Mozilla/5.0 (compatible; Googlebot/2.1; +http://www.google.com/bot.html)"
157.240.241.35 - - [06/May/2026:09:14:35 +0300] "GET /assets/images/bg.png HTTP/2.0" 200 68585 "-" "curl/8.4.0"
37.9.175.4 - - [06/May/2026:09:14:35 +0300] "GET /assets/js/jquery.min.js HTTP/1.1" 200 83012 "-" "curl/8.4.0"
157.240.241.35 - - [06/May/2026:09:14:35 +0300] "GET / HTTP/1.1" 200 6629 "-" "curl/8.4.0"
93.184.216.34 - - [06/May/2026:09:14:35 +0300] "GET /favicon.ico HTTP/1.1" 200 3567 "-" "Mozilla/5.0 (Windows NT 10.0; Win64; x64; rv:124.0) Gecko/20100101 Firefox/124.0"
185.199.108.153 - - [06/May/2026:09:14:35 +0300] "GET /api/v1/users HTTP/1.1" 200 1237 "-" "Mozilla/5.0 (Windows NT 10.0; Win64; x64) AppleWebKit/537.36 (KHTML, like Gecko) Chrome/124.0.0.0 Safari/537.36"
185.199.108.153 - - [06/May/2026:09:14:35 +0300] "GET /missing-page HTTP/1.1" 404 375 "-" "curl/8.4.0"
157.240.241.35 - - [06/May/2026:09:14:36 +0300] "GET /home HTTP/1.1" 302 0 "-" "Mozilla/5.0 (Windows NT 10.0; Win64; x64) AppleWebKit/537.36 (KHTML, like Gecko) Chrome/124.0.0.0 Safari/537.36 Edg/124.0.0.0"
188.166.93.14 - - [06/May/2026:09:14:36 +0300] "GET /index.php HTTP/1.1" 302 0 "-" "curl/8.4.0"
172.217.16.142 - - [06/May/2026:09:14:36 +0300] "GET /blog/how-to-setup-nginx HTTP/1.1" 200 24481 "-" "curl/8.4.0"
82.146.34.119 - - [06/May/2026:09:14:36 +0300] "GET /api/v1/auth/login HTTP/1.1" 400 324 "-" "curl/8.4.0"
216.58.215.78 - - [06/May/2026:09:14:36 +0300] "GET /wp-login.php HTTP/1.1" 404 272 "-" "curl/7.88.1"
109.248.203.11 - - [06/May/2026:09:14:36 +0300] "GET /api/v1/auth/logout HTTP/1.1" 200 110 "-" "Mozilla/5.0 (Windows NT 10.0; Win64; x64) AppleWebKit/537.36 (KHTML, like Gecko) Chrome/124.0.0.0 Safari/537.36 Edg/124.0.0.0"
93.184.216.34 - - [06/May/2026:09:14:36 +0300] "GET /assets/css/main.css HTTP/2.0" 200 21533 "-" "Mozilla/5.0 (iPad; CPU OS 17_4 like Mac OS X) AppleWebKit/605.1.15 (KHTML, like Gecko) Version/17.4 Mobile/15E148 Safari/604.1"
91.108.4.160 - - [06/May/2026:09:14:36 +0300] "GET /dashboard HTTP/1.1" 200 5862 "-" "Mozilla/5.0 (X11; Ubuntu; Linux x86_64; rv:123.0) Gecko/20100101 Firefox/123.0"
52.84.12.200 - - [06/May/2026:09:14:36 +0300] "POST /api/v1/users/me HTTP/1.1" 400 318 "-" "Mozilla/5.0 (Windows NT 10.0; Win64; x64; rv:124.0) Gecko/20100101 Firefox/124.0"
217.69.143.60 - - [06/May/2026:09:14:36 +0300] "GET /assets/images/team.jpg HTTP/2.0" 200 252238 "-" "Mozilla/5.0 (iPad; CPU OS 17_4 like Mac OS X) AppleWebKit/605.1.15 (KHTML, like Gecko) Version/17.4 Mobile/15E148 Safari/604.1"
93.184.216.34 - - [06/May/2026:09:14:36 +0300] "POST /contact HTTP/1.1" 200 7123 "-" "curl/8.4.0"
172.217.16.142 - - [06/May/2026:09:14:36 +0300] "GET /contact HTTP/2.0" 200 8478 "-" "Mozilla/5.0 (Macintosh; Intel Mac OS X 10_15_7) AppleWebKit/537.36 (KHTML, like Gecko) Chrome/123.0.0.0 Safari/537.36"
193.232.127.4 - - [06/May/2026:09:14:36 +0300] "GET /blog/how-to-setup-nginx HTTP/1.1" 200 16812 "-" "Mozilla/5.0 (Windows NT 10.0; Win64; x64) AppleWebKit/537.36 (KHTML, like Gecko) Chrome/124.0.0.0 Safari/537.36"
5.45.207.60 - - [06/May/2026:09:14:36 +0300] "GET /assets/css/main.css HTTP/1.1" 200 51452 "-" "Mozilla/5.0 (Windows NT 10.0; Win64; x64) AppleWebKit/537.36 (KHTML, like Gecko) Chrome/124.0.0.0 Safari/537.36"
104.16.132.229 - - [06/May/2026:09:14:36 +0300] "GET /assets/js/jquery.min.js HTTP/2.0" 200 88472 "-" "Mozilla/5.0 (iPhone; CPU iPhone OS 17_4 like Mac OS X) AppleWebKit/605.1.15 (KHTML, like Gecko) Version/17.4 Mobile/15E148 Safari/604.1"
93.184.216.34 - - [06/May/2026:09:14:38 +0300] "GET /index.html HTTP/1.1" 200 4124 "-" "Mozilla/5.0 (Macintosh; Intel Mac OS X 10_15_7) AppleWebKit/537.36 (KHTML, like Gecko) Chrome/123.0.0.0 Safari/537.36"
62.213.100.5 - - [06/May/2026:09:14:38 +0300] "GET /assets/images/team.jpg HTTP/1.1" 200 83608 "-" "Mozilla/5.0 (iPhone; CPU iPhone OS 17_4 like Mac OS X) AppleWebKit/605.1.15 (KHTML, like Gecko) Version/17.4 Mobile/15E148 Safari/604.1"
216.58.215.78 - - [06/May/2026:09:14:38 +0300] "GET /api/v1/auth/logout HTTP/2.0" 200 164 "-" "Mozilla/5.0 (X11; Linux x86_64) AppleWebKit/537.36 (KHTML, like Gecko) Chrome/122.0.0.0 Safari/537.36"
91.108.4.160 - - [06/May/2026:09:14:38 +0300] "GET /api/v1/nonexistent HTTP/1.1" 403 246 "-" "Mozilla/5.0 (Windows NT 10.0; Win64; x64; rv:124.0) Gecko/20100101 Firefox/124.0"
52.84.12.200 - - [06/May/2026:09:14:38 +0300] "GET /contact HTTP/1.1" 200 5970 "-" "Mozilla/5.0 (Windows NT 10.0; Win64; x64) AppleWebKit/537.36 (KHTML, like Gecko) Chrome/124.0.0.0 Safari/537.36 Edg/124.0.0.0"
172.217.16.142 - - [06/May/2026:09:14:38 +0300] "GET /api/v1/products HTTP/1.1" 200 7224 "-" "Mozilla/5.0 (Macintosh; Intel Mac OS X 10_15_7) AppleWebKit/537.36 (KHTML, like Gecko) Chrome/123.0.0.0 Safari/537.36"
93.184.216.34 - - [06/May/2026:09:14:39 +0300] "GET /register HTTP/2.0" 200 6973 "-" "Mozilla/5.0 (iPad; CPU OS 17_4 like Mac OS X) AppleWebKit/605.1.15 (KHTML, like Gecko) Version/17.4 Mobile/15E148 Safari/604.1"
91.108.4.160 - - [06/May/2026:09:14:39 +0300] "GET /assets/css/bootstrap.min.css HTTP/1.1" 200 158088 "-" "Mozilla/5.0 (Macintosh; Intel Mac OS X 14_4) AppleWebKit/605.1.15 (KHTML, like Gecko) Version/17.4 Safari/605.1.15"
172.217.16.142 - - [06/May/2026:09:14:39 +0300] "GET /api/v1/stats HTTP/1.1" 200 2601 "-" "curl/8.4.0"
82.146.34.119 - - [06/May/2026:09:14:39 +0300] "GET /dashboard HTTP/1.1" 200 11987 "-" "Mozilla/5.0 (X11; Ubuntu; Linux x86_64; rv:123.0) Gecko/20100101 Firefox/123.0"
52.84.12.200 - - [06/May/2026:09:14:44 +0300] "GET /sitemap.xml HTTP/1.1" 200 1687 "-" "Mozilla/5.0 (iPhone; CPU iPhone OS 17_4 like Mac OS X) AppleWebKit/605.1.15 (KHTML, like Gecko) Version/17.4 Mobile/15E148 Safari/604.1"
52.84.12.200 - - [06/May/2026:09:14:45 +0300] "GET /assets/js/bootstrap.bundle.min.js HTTP/1.1" 200 54838 "-" "curl/8.4.0"
172.217.16.142 - - [06/May/2026:09:14:46 +0300] "GET /blog/post-2 HTTP/2.0" 200 15413 "-" "Mozilla/5.0 (Windows NT 10.0; Win64; x64) AppleWebKit/537.36 (KHTML, like Gecko) Chrome/124.0.0.0 Safari/537.36"
172.217.16.142 - - [06/May/2026:09:14:46 +0300] "GET /services HTTP/1.1" 200 5612 "-" "Mozilla/5.0 (Macintosh; Intel Mac OS X 10_15_7) AppleWebKit/537.36 (KHTML, like Gecko) Chrome/123.0.0.0 Safari/537.36"
93.184.216.34 - - [06/May/2026:09:14:47 +0300] "GET /register HTTP/1.1" 200 5256 "-" "Mozilla/5.0 (iPhone; CPU iPhone OS 17_4 like Mac OS X) AppleWebKit/605.1.15 (KHTML, like Gecko) Version/17.4 Mobile/15E148 Safari/604.1"
188.166.93.14 - - [06/May/2026:09:14:48 +0300] "GET /services HTTP/1.1" 200 7454 "-" "Mozilla/5.0 (iPad; CPU OS 17_4 like Mac OS X) AppleWebKit/605.1.15 (KHTML, like Gecko) Version/17.4 Mobile/15E148 Safari/604.1"
93.184.216.34 - - [06/May/2026:09:14:48 +0300] "GET /favicon.ico HTTP/1.1" 200 2643 "-" "Mozilla/5.0 (Macintosh; Intel Mac OS X 10_15_7) AppleWebKit/537.36 (KHTML, like Gecko) Chrome/123.0.0.0 Safari/537.36"
216.58.215.78 - - [06/May/2026:09:14:48 +0300] "GET /dashboard HTTP/1.1" 200 17690 "-" "Mozilla/5.0 (X11; Linux x86_64) AppleWebKit/537.36 (KHTML, like Gecko) Chrome/122.0.0.0 Safari/537.36"
167.99.200.73 - - [06/May/2026:09:14:48 +0300] "GET /assets/css/bootstrap.min.css HTTP/2.0" 200 157822 "-" "curl/8.4.0"
140.82.113.4 - - [06/May/2026:09:14:48 +0300] "HEAD /register HTTP/1.1" 200 0 "-" "Mozilla/5.0 (Windows NT 10.0; Win64; x64; rv:124.0) Gecko/20100101 Firefox/124.0"
5.9.64.162 - - [06/May/2026:09:14:49 +0300] "GET /api/v1/auth/logout HTTP/1.1" 200 77 "-" "Mozilla/5.0 (Macintosh; Intel Mac OS X 10_15_7) AppleWebKit/537.36 (KHTML, like Gecko) Chrome/123.0.0.0 Safari/537.36"
157.240.241.35 - - [06/May/2026:09:14:49 +0300] "GET /assets/js/app.js HTTP/1.1" 200 33736 "-" "Mozilla/5.0 (iPad; CPU OS 17_4 like Mac OS X) AppleWebKit/605.1.15 (KHTML, like Gecko) Version/17.4 Mobile/15E148 Safari/604.1"
194.87.0.31 - - [06/May/2026:09:14:49 +0300] "GET /api/v1/search?q=nginx HTTP/1.1" 200 3630 "-" "Mozilla/5.0 (X11; Linux x86_64) AppleWebKit/537.36 (KHTML, like Gecko) Chrome/122.0.0.0 Safari/537.36"
172.217.16.142 - - [06/May/2026:09:14:50 +0300] "GET /assets/fonts/roboto.woff2 HTTP/2.0" 200 42095 "-" "Mozilla/5.0 (Linux; Android 14; Pixel 8) AppleWebKit/537.36 (KHTML, like Gecko) Chrome/124.0.6367.82 Mobile Safari/537.36"
34.107.221.82 - - [06/May/2026:09:14:50 +0300] "GET /dashboard HTTP/2.0" 200 9514 "-" "Mozilla/5.0 (X11; Linux x86_64) AppleWebKit/537.36 (KHTML, like Gecko) Chrome/122.0.0.0 Safari/537.36"
80.241.212.5 - - [06/May/2026:09:14:50 +0300] "GET /blog HTTP/1.1" 200 7652 "-" "Mozilla/5.0 (iPhone; CPU iPhone OS 17_4 like Mac OS X) AppleWebKit/605.1.15 (KHTML, like Gecko) Version/17.4 Mobile/15E148 Safari/604.1"
93.184.216.34 - - [06/May/2026:09:14:52 +0300] "GET /assets/css/bootstrap.min.css HTTP/2.0" 200 154380 "-" "curl/7.88.1"
140.82.113.4 - - [06/May/2026:09:14:58 +0300] "GET /profile HTTP/1.1" 200 8184 "-" "curl/7.88.1"
109.248.203.11 - - [06/May/2026:09:14:58 +0300] "POST /register HTTP/1.1" 200 3882 "-" "Mozilla/5.0 (iPhone; CPU iPhone OS 17_4 like Mac OS X) AppleWebKit/605.1.15 (KHTML, like Gecko) Version/17.4 Mobile/15E148 Safari/604.1"
178.62.193.43 - - [06/May/2026:09:14:58 +0300] "GET /index.html HTTP/2.0" 200 2048 "-" "Mozilla/5.0 (Macintosh; Intel Mac OS X 10_15_7) AppleWebKit/537.36 (KHTML, like Gecko) Chrome/123.0.0.0 Safari/537.36"
34.107.221.82 - - [06/May/2026:09:15:05 +0300] "GET /pricing HTTP/2.0" 200 2843 "-" "Mozilla/5.0 (Windows NT 10.0; Win64; x64) AppleWebKit/537.36 (KHTML, like Gecko) Chrome/124.0.0.0 Safari/537.36"
82.146.34.119 - - [06/May/2026:09:15:12 +0300] "GET /favicon.ico HTTP/1.1" 200 1880 "-" "Mozilla/5.0 (X11; Linux x86_64) AppleWebKit/537.36 (KHTML, like Gecko) Chrome/122.0.0.0 Safari/537.36"
217.69.143.60 - - [06/May/2026:09:15:19 +0300] "GET /api/v1/users HTTP/1.1" 200 423 "-" "Mozilla/5.0 (X11; Linux x86_64) AppleWebKit/537.36 (KHTML, like Gecko) Chrome/122.0.0.0 Safari/537.36"
80.241.212.5 - - [06/May/2026:09:15:21 +0300] "GET /api/v1/users HTTP/2.0" 200 1126 "-" "Mozilla/5.0 (Linux; Android 14; Pixel 8) AppleWebKit/537.36 (KHTML, like Gecko) Chrome/124.0.6367.82 Mobile Safari/537.36"
104.16.132.229 - - [06/May/2026:09:15:34 +0300] "GET /api/v1/products/42 HTTP/1.1" 200 1160 "-" "Mozilla/5.0 (iPad; CPU OS 17_4 like Mac OS X) AppleWebKit/605.1.15 (KHTML, like Gecko) Version/17.4 Mobile/15E148 Safari/604.1"
104.16.132.229 - - [06/May/2026:09:15:35 +0300] "GET /assets/css/main.css HTTP/1.1" 200 63537 "-" "Mozilla/5.0 (Windows NT 10.0; Win64; x64) AppleWebKit/537.36 (KHTML, like Gecko) Chrome/124.0.0.0 Safari/537.36"
95.213.173.10 - - [06/May/2026:09:15:37 +0300] "GET /pricing HTTP/1.1" 200 10952 "-" "Mozilla/5.0 (iPad; CPU OS 17_4 like Mac OS X) AppleWebKit/605.1.15 (KHTML, like Gecko) Version/17.4 Mobile/15E148 Safari/604.1"
104.16.132.229 - - [06/May/2026:09:15:38 +0300] "GET /missing-page HTTP/1.1" 404 456 "-" "Mozilla/5.0 (X11; Linux x86_64) AppleWebKit/537.36 (KHTML, like Gecko) Chrome/122.0.0.0 Safari/537.36"
185.199.108.153 - - [06/May/2026:09:15:39 +0300] "GET /assets/js/app.js HTTP/1.1" 200 48794 "-" "Mozilla/5.0 (Windows NT 10.0; Win64; x64; rv:124.0) Gecko/20100101 Firefox/124.0"
140.82.113.4 - - [06/May/2026:09:15:39 +0300] "GET /api/v1/users HTTP/2.0" 200 802 "-" "Mozilla/5.0 (iPad; CPU OS 17_4 like Mac OS X) AppleWebKit/605.1.15 (KHTML, like Gecko) Version/17.4 Mobile/15E148 Safari/604.1"
104.16.132.229 - - [06/May/2026:09:15:39 +0300] "GET /pricing HTTP/2.0" 200 5078 "-" "curl/8.4.0"
95.213.173.10 - - [06/May/2026:09:15:41 +0300] "GET /favicon.ico HTTP/1.1" 200 1732 "-" "curl/7.88.1"
95.213.173.10 - - [06/May/2026:09:15:41 +0300] "GET /index.html HTTP/1.1" 200 1356 "-" "Mozilla/5.0 (iPad; CPU OS 17_4 like Mac OS X) AppleWebKit/605.1.15 (KHTML, like Gecko) Version/17.4 Mobile/15E148 Safari/604.1"
185.199.108.153 - - [06/May/2026:09:15:42 +0300] "GET /profile HTTP/1.1" 200 9898 "-" "Mozilla/5.0 (Macintosh; Intel Mac OS X 14_4) AppleWebKit/605.1.15 (KHTML, like Gecko) Version/17.4 Safari/605.1.15"
172.217.16.142 - - [06/May/2026:09:15:44 +0300] "GET /api/v1/orders HTTP/2.0" 200 3595 "-" "Mozilla/5.0 (Macintosh; Intel Mac OS X 10_15_7) AppleWebKit/537.36 (KHTML, like Gecko) Chrome/123.0.0.0 Safari/537.36"
66.249.68.35 - - [06/May/2026:09:15:44 +0300] "POST /api/v1/stats HTTP/1.1" 200 706 "-" "Mozilla/5.0 (compatible; YandexBot/3.0; +http://yandex.com/bots)"
80.241.212.5 - - [06/May/2026:09:15:44 +0300] "GET /index.html HTTP/1.1" 200 2930 "-" "Mozilla/5.0 (X11; Ubuntu; Linux x86_64; rv:123.0) Gecko/20100101 Firefox/123.0"
172.217.16.142 - - [06/May/2026:09:15:45 +0300] "GET /contact HTTP/1.1" 200 3374 "-" "Mozilla/5.0 (Linux; Android 14; Pixel 8) AppleWebKit/537.36 (KHTML, like Gecko) Chrome/124.0.6367.82 Mobile Safari/537.36"
188.166.93.14 - - [06/May/2026:09:15:46 +0300] "GET /blog/post-2 HTTP/1.1" 200 15054 "-" "curl/7.88.1"
185.199.108.153 - - [06/May/2026:09:15:47 +0300] "GET /robots.txt HTTP/1.1" 200 203 "-" "Mozilla/5.0 (X11; Ubuntu; Linux x86_64; rv:123.0) Gecko/20100101 Firefox/123.0"
172.217.16.142 - - [06/May/2026:09:15:47 +0300] "GET /blog/post-2 HTTP/2.0" 200 8914 "-" "curl/8.4.0"
172.217.16.142 - - [06/May/2026:09:15:52 +0300] "GET /index.php HTTP/1.1" 301 0 "-" "Mozilla/5.0 (iPhone; CPU iPhone OS 17_4 like Mac OS X) AppleWebKit/605.1.15 (KHTML, like Gecko) Version/17.4 Mobile/15E148 Safari/604.1"
185.199.108.153 - - [06/May/2026:09:15:53 +0300] "GET /assets/images/logo.png HTTP/1.1" 200 23101 "-" "Mozilla/5.0 (X11; Ubuntu; Linux x86_64; rv:123.0) Gecko/20100101 Firefox/123.0"
93.184.216.34 - - [06/May/2026:09:15:53 +0300] "GET /phpmyadmin/ HTTP/2.0" 403 266 "-" "Mozilla/5.0 (X11; Ubuntu; Linux x86_64; rv:123.0) Gecko/20100101 Firefox/123.0"
185.199.108.153 - - [06/May/2026:09:15:54 +0300] "GET /assets/images/logo.png HTTP/1.1" 200 7908 "-" "Mozilla/5.0 (Macintosh; Intel Mac OS X 10_15_7) AppleWebKit/537.36 (KHTML, like Gecko) Chrome/123.0.0.0 Safari/537.36"
172.217.16.142 - - [06/May/2026:09:15:56 +0300] "GET /assets/css/main.css HTTP/1.1" 200 72118 "-" "Mozilla/5.0 (Windows NT 10.0; Win64; x64) AppleWebKit/537.36 (KHTML, like Gecko) Chrome/124.0.0.0 Safari/537.36 Edg/124.0.0.0"
91.108.4.160 - - [06/May/2026:09:15:57 +0300] "GET /about HTTP/1.1" 200 10355 "-" "Mozilla/5.0 (iPhone; CPU iPhone OS 17_4 like Mac OS X) AppleWebKit/605.1.15 (KHTML, like Gecko) Version/17.4 Mobile/15E148 Safari/604.1"
52.84.12.200 - - [06/May/2026:09:15:57 +0300] "GET /services HTTP/2.0" 200 10663 "-" "Mozilla/5.0 (X11; Ubuntu; Linux x86_64; rv:123.0) Gecko/20100101 Firefox/123.0"
37.9.175.4 - - [06/May/2026:09:15:57 +0300] "GET /assets/css/main.css HTTP/1.1" 200 46421 "-" "Mozilla/5.0 (X11; Ubuntu; Linux x86_64; rv:123.0) Gecko/20100101 Firefox/123.0"
140.82.113.4 - - [06/May/2026:09:15:59 +0300] "GET /assets/js/app.js HTTP/1.1" 200 36758 "-" "Mozilla/5.0 (X11; Ubuntu; Linux x86_64; rv:123.0) Gecko/20100101 Firefox/123.0"
91.108.4.160 - - [06/May/2026:09:16:01 +0300] "GET /index.html HTTP/1.1" 200 5582 "-" "Mozilla/5.0 (iPhone; CPU iPhone OS 17_4 like Mac OS X) AppleWebKit/605.1.15 (KHTML, like Gecko) Version/17.4 Mobile/15E148 Safari/604.1"
91.212.155.80 - - [06/May/2026:09:16:02 +0300] "GET /assets/images/logo.png HTTP/1.1" 200 5045 "-" "Mozilla/5.0 (X11; Ubuntu; Linux x86_64; rv:123.0) Gecko/20100101 Firefox/123.0"
104.16.132.229 - - [06/May/2026:09:16:02 +0300] "GET /assets/css/main.css HTTP/1.1" 200 56986 "-" "Mozilla/5.0 (iPhone; CPU iPhone OS 17_4 like Mac OS X) AppleWebKit/605.1.15 (KHTML, like Gecko) Version/17.4 Mobile/15E148 Safari/604.1"
157.240.241.35 - - [06/May/2026:09:16:02 +0300] "GET /assets/js/app.js HTTP/2.0" 200 27794 "-" "Mozilla/5.0 (Windows NT 10.0; Win64; x64) AppleWebKit/537.36 (KHTML, like Gecko) Chrome/124.0.0.0 Safari/537.36 Edg/124.0.0.0"
91.108.4.160 - - [06/May/2026:09:16:05 +0300] "GET /assets/css/main.css HTTP/2.0" 200 24608 "-" "Mozilla/5.0 (Windows NT 10.0; Win64; x64; rv:124.0) Gecko/20100101 Firefox/124.0"
91.108.4.160 - - [06/May/2026:09:16:05 +0300] "GET /assets/images/logo.png HTTP/1.1" 200 28515 "-" "Mozilla/5.0 (Linux; Android 14; Pixel 8) AppleWebKit/537.36 (KHTML, like Gecko) Chrome/124.0.6367.82 Mobile Safari/537.36"
91.108.4.160 - - [06/May/2026:09:16:06 +0300] "GET /profile HTTP/2.0" 200 9111 "-" "Mozilla/5.0 (Windows NT 10.0; Win64; x64) AppleWebKit/537.36 (KHTML, like Gecko) Chrome/124.0.0.0 Safari/537.36"
91.108.4.160 - - [06/May/2026:09:16:07 +0300] "GET /assets/images/hero.jpg HTTP/2.0" 200 359704 "-" "Mozilla/5.0 (Macintosh; Intel Mac OS X 10_15_7) AppleWebKit/537.36 (KHTML, like Gecko) Chrome/123.0.0.0 Safari/537.36"
37.9.175.4 - - [06/May/2026:09:16:09 +0300] "GET /assets/js/bootstrap.bundle.min.js HTTP/2.0" 200 50648 "-" "Mozilla/5.0 (Windows NT 10.0; Win64; x64; rv:124.0) Gecko/20100101 Firefox/124.0"
91.108.4.160 - - [06/May/2026:09:16:11 +0300] "GET /assets/fonts/roboto.woff2 HTTP/1.1" 200 47123 "-" "Mozilla/5.0 (Macintosh; Intel Mac OS X 10_15_7) AppleWebKit/537.36 (KHTML, like Gecko) Chrome/123.0.0.0 Safari/537.36"
151.101.1.140 - - [06/May/2026:09:16:13 +0300] "GET /pricing HTTP/1.1" 200 6584 "-" "Mozilla/5.0 (Macintosh; Intel Mac OS X 14_4) AppleWebKit/605.1.15 (KHTML, like Gecko) Version/17.4 Safari/605.1.15"
91.108.4.160 - - [06/May/2026:09:16:13 +0300] "GET /index.html HTTP/1.1" 200 2103 "-" "curl/8.4.0"
93.184.216.34 - - [06/May/2026:09:16:18 +0300] "GET /about HTTP/1.1" 200 7312 "-" "Mozilla/5.0 (X11; Ubuntu; Linux x86_64; rv:123.0) Gecko/20100101 Firefox/123.0"
172.217.16.142 - - [06/May/2026:09:16:24 +0300] "GET /sitemap.xml HTTP/2.0" 200 1744 "-" "Mozilla/5.0 (iPad; CPU OS 17_4 like Mac OS X) AppleWebKit/605.1.15 (KHTML, like Gecko) Version/17.4 Mobile/15E148 Safari/604.1"
172.217.16.142 - - [06/May/2026:09:16:29 +0300] "GET /assets/js/jquery.min.js HTTP/1.1" 200 86693 "-" "Mozilla/5.0 (Macintosh; Intel Mac OS X 10_15_7) AppleWebKit/537.36 (KHTML, like Gecko) Chrome/123.0.0.0 Safari/537.36"
172.217.16.142 - - [06/May/2026:09:16:29 +0300] "GET /login HTTP/1.1" 200 4718 "-" "curl/7.88.1"
93.184.216.34 - - [06/May/2026:09:16:29 +0300] "GET /api/v1/users/me HTTP/1.1" 200 1054 "-" "Mozilla/5.0 (iPhone; CPU iPhone OS 17_4 like Mac OS X) AppleWebKit/605.1.15 (KHTML, like Gecko) Version/17.4 Mobile/15E148 Safari/604.1"
80.241.212.5 - - [06/May/2026:09:16:29 +0300] "GET /assets/css/bootstrap.min.css HTTP/1.1" 200 152125 "-" "Mozilla/5.0 (iPad; CPU OS 17_4 like Mac OS X) AppleWebKit/605.1.15 (KHTML, like Gecko) Version/17.4 Mobile/15E148 Safari/604.1"
188.166.93.14 - - [06/May/2026:09:16:29 +0300] "GET /login HTTP/1.1" 200 4707 "-" "Mozilla/5.0 (Linux; Android 14; Pixel 8) AppleWebKit/537.36 (KHTML, like Gecko) Chrome/124.0.6367.82 Mobile Safari/537.36"
66.249.66.1 - - [06/May/2026:09:16:29 +0300] "GET /index.php HTTP/1.1" 302 0 "-" "Mozilla/5.0 (compatible; YandexBot/3.0; +http://yandex.com/bots)"
40.77.167.219 - - [06/May/2026:09:16:32 +0300] "GET /assets/images/hero.jpg HTTP/1.1" 200 328352 "-" "Mozilla/5.0 (compatible; bingbot/2.0; +http://www.bing.com/bingbot.htm)"
172.217.16.142 - - [06/May/2026:09:16:33 +0300] "GET /home HTTP/1.1" 302 0 "-" "Mozilla/5.0 (iPhone; CPU iPhone OS 17_4 like Mac OS X) AppleWebKit/605.1.15 (KHTML, like Gecko) Version/17.4 Mobile/15E148 Safari/604.1"
172.217.16.142 - - [06/May/2026:09:16:35 +0300] "GET /index.html HTTP/1.1" 200 5089 "-" "Mozilla/5.0 (Macintosh; Intel Mac OS X 14_4) AppleWebKit/605.1.15 (KHTML, like Gecko) Version/17.4 Safari/605.1.15"
172.217.16.142 - - [06/May/2026:09:16:37 +0300] "POST /register HTTP/2.0" 200 4726 "-" "curl/7.88.1"
172.217.16.142 - - [06/May/2026:09:16:37 +0300] "GET /assets/fonts/roboto.woff2 HTTP/1.1" 200 29497 "-" "curl/8.4.0"
217.69.143.60 - - [06/May/2026:09:16:37 +0300] "GET /api/v1/products HTTP/1.1" 200 5449 "-" "curl/7.88.1"
31.184.238.128 - - [06/May/2026:09:16:37 +0300] "GET /assets/images/logo.png HTTP/1.1" 200 27115 "-" "Mozilla/5.0 (Windows NT 10.0; Win64; x64; rv:124.0) Gecko/20100101 Firefox/124.0"
95.213.173.10 - - [06/May/2026:09:16:37 +0300] "GET /wp-admin/admin-ajax.php HTTP/1.1" 404 532 "-" "Mozilla/5.0 (iPhone; CPU iPhone OS 17_4 like Mac OS X) AppleWebKit/605.1.15 (KHTML, like Gecko) Version/17.4 Mobile/15E148 Safari/604.1"
