172.217.16.142 - - [06/May/2026:09:22:15 +0300] "GET /api/v1/search?q=nginx HTTP/1.1" 200 932 "-" "Mozilla/5.0 (X11; Ubuntu; Linux x86_64; rv:123.0) Gecko/20100101 Firefox/123.0"
93.184.216.34 - - [06/May/2026:09:22:16 +0300] "GET /profile HTTP/1.1" 200 8050 "-" "Mozilla/5.0 (Macintosh; Intel Mac OS X 10_15_7) AppleWebKit/537.36 (KHTML, like Gecko) Chrome/123.0.0.0 Safari/537.36"
199.232.28.133 - - [06/May/2026:09:22:17 +0300] "GET /api/v1/users/me HTTP/1.1" 200 913 "-" "curl/7.88.1"
93.184.216.34 - - [06/May/2026:09:22:18 +0300] "GET /api/v1/auth/logout HTTP/1.1" 200 73 "-" "Mozilla/5.0 (Macintosh; Intel Mac OS X 10_15_7) AppleWebKit/537.36 (KHTML, like Gecko) Chrome/123.0.0.0 Safari/537.36"
199.232.28.133 - - [06/May/2026:09:22:20 +0300] "GET /api/v1/nonexistent HTTP/2.0" 404 446 "-" "Mozilla/5.0 (Windows NT 10.0; Win64; x64; rv:124.0) Gecko/20100101 Firefox/124.0"
93.184.216.34 - - [06/May/2026:09:22:26 +0300] "GET /assets/images/hero.jpg HTTP/2.0" 200 234899 "-" "Mozilla/5.0 (Linux; Android 14; Pixel 8) AppleWebKit/537.36 (KHTML, like Gecko) Chrome/124.0.6367.82 Mobile Safari/537.36"
46.101.152.178 - - [06/May/2026:09:22:30 +0300] "GET /api/v1/auth/login HTTP/1.1" 200 614 "-" "Mozilla/5.0 (Macintosh; Intel Mac OS X 14_4) AppleWebKit/605.1.15 (KHTML, like Gecko) Version/17.4 Safari/605.1.15"
185.199.108.153 - - [06/May/2026:09:22:30 +0300] "GET /assets/css/main.css HTTP/1.1" 200 76137 "-" "Mozilla/5.0 (Windows NT 10.0; Win64; x64; rv:124.0) Gecko/20100101 Firefox/124.0"
194.87.0.31 - - [06/May/2026:09:22:33 +0300] "GET /index.html HTTP/1.1" 200 6415 "-" "Mozilla/5.0 (iPad; CPU OS 17_4 like Mac OS X) AppleWebKit/605.1.15 (KHTML, like Gecko) Version/17.4 Mobile/15E148 Safari/604.1"
216.58.215.78 - - [06/May/2026:09:22:33 +0300] "GET /dashboard HTTP/1.1" 200 9007 "-" "curl/7.88.1"
40.77.167.219 - - [06/May/2026:09:22:33 +0300] "GET /contact HTTP/2.0" 200 6688 "-" "Mozilla/5.0 (compatible; bingbot/2.0; +http://www.bing.com/bingbot.htm)"
199.232.28.133 - - [06/May/2026:09:22:35 +0300] "GET /assets/js/app.js HTTP/2.0" 200 56562 "-" "Mozilla/5.0 (iPhone; CPU iPhone OS 17_4 like Mac OS X) AppleWebKit/605.1.15 (KHTML, like Gecko) Version/17.4 Mobile/15E148 Safari/604.1"
66.249.66.1 - - [06/May/2026:09:22:35 +0300] "HEAD /blog/post-1 HTTP/1.1" 200 0 "-" "Mozilla/5.0 (compatible; Googlebot/2.1; +http://www.google.com/bot.html)"
188.166.93.14 - - [06/May/2026:09:22:35 +0300] "GET /api/v1/products HTTP/1.1" 200 1520 "-" "Mozilla/5.0 (Windows NT 10.0; Win64; x64) AppleWebKit/537.36 (KHTML, like Gecko) Chrome/124.0.0.0 Safari/537.36 Edg/124.0.0.0"
185.199.108.153 - - [06/May/2026:09:22:36 +0300] "GET /blog/post-2 HTTP/1.1" 200 4588 "-" "curl/7.88.1"
45.79.198.173 - - [06/May/2026:09:22:36 +0300] "GET /api/v1/users HTTP/1.1" 200 1006 "-" "Mozilla/5.0 (Windows NT 10.0; Win64; x64) AppleWebKit/537.36 (KHTML, like Gecko) Chrome/124.0.0.0 Safari/537.36"
172.217.16.142 - - [06/May/2026:09:22:38 +0300] "GET / HTTP/1.1" 200 1695 "-" "Mozilla/5.0 (X11; Linux x86_64) AppleWebKit/537.36 (KHTML, like Gecko) Chrome/122.0.0.0 Safari/537.36"
62.213.100.5 - - [06/May/2026:09:22:38 +0300] "GET /sitemap.xml HTTP/1.1" 200 1217 "-" "Mozilla/5.0 (X11; Linux x86_64) AppleWebKit/537.36 (KHTML, like Gecko) Chrome/122.0.0.0 Safari/537.36"
217.69.143.60 - - [06/May/2026:09:22:38 +0300] "GET /api/v1/users/me HTTP/1.1" 403 210 "-" "Mozilla/5.0 (Windows NT 10.0; Win64; x64) AppleWebKit/537.36 (KHTML, like Gecko) Chrome/124.0.0.0 Safari/537.36 Edg/124.0.0.0"
217.69.143.60 - - [06/May/2026:09:22:39 +0300] "GET /about HTTP/2.0" 200 8300 "-" "curl/7.88.1"
167.99.200.73 - - [06/May/2026:09:22:39 +0300] "GET /assets/images/bg.png HTTP/1.1" 200 96046 "-" "Mozilla/5.0 (X11; Linux x86_64) AppleWebKit/537.36 (KHTML, like Gecko) Chrome/122.0.0.0 Safari/537.36"
52.84.12.200 - - [06/May/2026:09:22:39 +0300] "GET /assets/images/hero.jpg HTTP/1.1" 200 82658 "-" "Mozilla/5.0 (Macintosh; Intel Mac OS X 10_15_7) AppleWebKit/537.36 (KHTML, like Gecko) Chrome/123.0.0.0 Safari/537.36"
34.107.221.82 - - [06/May/2026:09:22:39 +0300] "GET /register HTTP/2.0" 200 4626 "-" "curl/7.88.1"
109.248.203.11 - - [06/May/2026:09:22:39 +0300] "GET /api/v1/auth/logout HTTP/1.1" 200 52 "-" "Mozilla/5.0 (Windows NT 10.0; Win64; x64) AppleWebKit/537.36 (KHTML, like Gecko) Chrome/124.0.0.0 Safari/537.36"
93.184.216.34 - - [06/May/2026:09:22:53 +0300] "GET /blog HTTP/1.1" 200 4452 "-" "Mozilla/5.0 (iPad; CPU OS 17_4 like Mac OS X) AppleWebKit/605.1.15 (KHTML, like Gecko) Version/17.4 Mobile/15E148 Safari/604.1"
172.217.16.142 - - [06/May/2026:09:22:58 +0300] "GET /index.php HTTP/2.0" 302 0 "-" "Mozilla/5.0 (Macintosh; Intel Mac OS X 14_4) AppleWebKit/605.1.15 (KHTML, like Gecko) Version/17.4 Safari/605.1.15"
151.101.1.140 - - [06/May/2026:09:22:58 +0300] "GET /images/deleted.jpg HTTP/1.1" 404 238 "-" "curl/8.4.0"
212.193.65.34 - - [06/May/2026:09:22:59 +0300] "GET /api/v1/auth/logout HTTP/1.1" 200 90 "-" "Mozilla/5.0 (Linux; Android 14; Pixel 8) AppleWebKit/537.36 (KHTML, like Gecko) Chrome/124.0.6367.82 Mobile Safari/537.36"
77.88.55.60 - - [06/May/2026:09:22:59 +0300] "GET /api/v1/auth/logout HTTP/1.1" 200 52 "-" "Mozilla/5.0 (Windows NT 10.0; Win64; x64; rv:124.0) Gecko/20100101 Firefox/124.0"
77.88.55.60 - - [06/May/2026:09:23:01 +0300] "GET /api/v1/auth/logout HTTP/1.1" 200 109 "-" "Mozilla/5.0 (iPhone; CPU iPhone OS 17_4 like Mac OS X) AppleWebKit/605.1.15 (KHTML, like Gecko) Version/17.4 Mobile/15E148 Safari/604.1"
77.88.55.60 - - [06/May/2026:09:23:07 +0300] "GET /old-url HTTP/2.0" 404 415 "-" "Mozilla/5.0 (Windows NT 10.0; Win64; x64) AppleWebKit/537.36 (KHTML, like Gecko) Chrome/124.0.0.0 Safari/537.36"
77.88.55.60 - - [06/May/2026:09:23:11 +0300] "GET /pricing HTTP/1.1" 200 5488 "-" "Mozilla/5.0 (X11; Linux x86_64) AppleWebKit/537.36 (KHTML, like Gecko) Chrome/122.0.0.0 Safari/537.36"
185.199.108.153 - - [06/May/2026:09:23:20 +0300] "GET /blog HTTP/1.1" 200 11153 "-" "Mozilla/5.0 (X11; Linux x86_64) AppleWebKit/537.36 (KHTML, like Gecko) Chrome/122.0.0.0 Safari/537.36"
151.101.1.140 - - [06/May/2026:09:23:21 +0300] "GET /api/v1/stats HTTP/1.1" 200 984 "-" "Mozilla/5.0 (iPhone; CPU iPhone OS 17_4 like Mac OS X) AppleWebKit/605.1.15 (KHTML, like Gecko) Version/17.4 Mobile/15E148 Safari/604.1"
93.184.216.34 - - [06/May/2026:09:23:21 +0300] "GET / HTTP/1.1" 200 2702 "-" "Mozilla/5.0 (X11; Linux x86_64) AppleWebKit/537.36 (KHTML, like Gecko) Chrome/122.0.0.0 Safari/537.36"
77.88.55.60 - - [06/May/2026:09:23:21 +0300] "GET /api/v1/orders HTTP/1.1" 200 2918 "-" "Mozilla/5.0 (iPhone; CPU iPhone OS 17_4 like Mac OS X) AppleWebKit/605.1.15 (KHTML, like Gecko) Version/17.4 Mobile/15E148 Safari/604.1"
151.101.1.140 - - [06/May/2026:09:23:21 +0300] "GET /assets/images/logo.png HTTP/1.1" 200 29945 "-" "Mozilla/5.0 (Linux; Android 14; Pixel 8) AppleWebKit/537.36 (KHTML, like Gecko) Chrome/124.0.6367.82 Mobile Safari/537.36"
151.101.1.140 - - [06/May/2026:09:23:21 +0300] "GET /assets/images/hero.jpg HTTP/1.1" 200 225008 "-" "curl/8.4.0"
185.199.108.153 - - [06/May/2026:09:23:21 +0300] "GET /assets/images/logo.png HTTP/1.1" 200 23995 "-" "Mozilla/5.0 (Windows NT 10.0; Win64; x64) AppleWebKit/537.36 (KHTML, like Gecko) Chrome/124.0.0.0 Safari/537.36 Edg/124.0.0.0"
216.58.215.78 - - [06/May/2026:09:23:21 +0300] "GET /api/v1/users/me HTTP/1.1" 400 139 "-" "Mozilla/5.0 (Windows NT 10.0; Win64; x64) AppleWebKit/537.36 (KHTML, like Gecko) Chrome/124.0.0.0 Safari/537.36"
93.184.216.34 - - [06/May/2026:09:23:21 +0300] "DELETE /blog/post-2 HTTP/1.1" 204 139 "-" "Mozilla/5.0 (X11; Ubuntu; Linux x86_64; rv:123.0) Gecko/20100101 Firefox/123.0"
93.184.216.34 - - [06/May/2026:09:23:21 +0300] "GET /api/v1/users HTTP/1.1" 200 243 "-" "curl/7.88.1"
194.87.0.31 - - [06/May/2026:09:23:21 +0300] "GET /assets/images/logo.png HTTP/1.1" 200 7478 "-" "Mozilla/5.0 (Windows NT 10.0; Win64; x64) AppleWebKit/537.36 (KHTML, like Gecko) Chrome/124.0.0.0 Safari/537.36"
140.82.113.4 - - [06/May/2026:09:23:21 +0300] "POST /api/v1/auth/logout HTTP/1.1" 200 175 "-" "Mozilla/5.0 (Macintosh; Intel Mac OS X 10_15_7) AppleWebKit/537.36 (KHTML, like Gecko) Chrome/123.0.0.0 Safari/537.36"
93.184.216.34 - - [06/May/2026:09:23:22 +0300] "GET /dashboard HTTP/1.1" 500 573 "-" "Mozilla/5.0 (X11; Linux x86_64) AppleWebKit/537.36 (KHTML, like Gecko) Chrome/122.0.0.0 Safari/537.36"
93.184.216.34 - - [06/May/2026:09:23:22 +0300] "PUT / HTTP/2.0" 204 144 "-" "Mozilla/5.0 (Windows NT 10.0; Win64; x64; rv:124.0) Gecko/20100101 Firefox/124.0"
93.184.216.34 - - [06/May/2026:09:23:23 +0300] "GET /api/v1/users HTTP/1.1" 200 683 "-" "curl/8.4.0"
142.250.80.100 - - [06/May/2026:09:23:23 +0300] "GET /api/v1/auth/login HTTP/1.1" 403 163 "-" "Mozilla/5.0 (Linux; Android 14; Pixel 8) AppleWebKit/537.36 (KHTML, like Gecko) Chrome/124.0.6367.82 Mobile Safari/537.36"
45.79.198.173 - - [06/May/2026:09:23:23 +0300] "GET /assets/fonts/roboto.woff2 HTTP/2.0" 200 22185 "-" "Mozilla/5.0 (iPhone; CPU iPhone OS 17_4 like Mac OS X) AppleWebKit/605.1.15 (KHTML, like Gecko) Version/17.4 Mobile/15E148 Safari/604.1"
93.184.216.34 - - [06/May/2026:09:23:24 +0300] "GET /profile HTTP/1.1" 200 8049 "-" "Mozilla/5.0 (X11; Linux x86_64) AppleWebKit/537.36 (KHTML, like Gecko) Chrome/122.0.0.0 Safari/537.36"
142.250.80.100 - - [06/May/2026:09:23:26 +0300] "GET /api/v1/products/42 HTTP/1.1" 200 641 "-" "curl/8.4.0"
93.184.216.34 - - [06/May/2026:09:23:27 +0300] "GET /contact HTTP/2.0" 200 6389 "-" "Mozilla/5.0 (iPhone; CPU iPhone OS 17_4 like Mac OS X) AppleWebKit/605.1.15 (KHTML, like Gecko) Version/17.4 Mobile/15E148 Safari/604.1"
216.58.215.78 - - [06/May/2026:09:23:28 +0300] "GET /assets/images/bg.png HTTP/2.0" 200 57635 "-" "Mozilla/5.0 (iPad; CPU OS 17_4 like Mac OS X) AppleWebKit/605.1.15 (KHTML, like Gecko) Version/17.4 Mobile/15E148 Safari/604.1"
188.166.93.14 - - [06/May/2026:09:23:28 +0300] "GET /api/v1/users HTTP/1.1" 200 481 "-" "Mozilla/5.0 (Linux; Android 14; Pixel 8) AppleWebKit/537.36 (KHTML, like Gecko) Chrome/124.0.6367.82 Mobile Safari/537.36"
172.217.16.142 - - [06/May/2026:09:23:28 +0300] "GET /register HTTP/1.1" 200 5367 "-" "Mozilla/5.0 (Macintosh; Intel Mac OS X 14_4) AppleWebKit/605.1.15 (KHTML, like Gecko) Version/17.4 Safari/605.1.15"
151.101.1.140 - - [06/May/2026:09:23:29 +0300] "GET /api/v1/products HTTP/1.1" 200 3103 "-" "curl/8.4.0"
82.146.34.119 - - [06/May/2026:09:23:29 +0300] "GET /api/v1/users/me HTTP/2.0" 200 823 "-" "Mozilla/5.0 (X11; Ubuntu; Linux x86_64; rv:123.0) Gecko/20100101 Firefox/123.0"
46.101.152.178 - - [06/May/2026:09:23:29 +0300] "GET /dashboard HTTP/1.1" 200 15691 "-" "curl/8.4.0"
185.199.108.153 - - [06/May/2026:09:23:29 +0300] "GET /services HTTP/1.1" 200 5701 "-" "Mozilla/5.0 (Linux; Android 14; Pixel 8) AppleWebKit/537.36 (KHTML, like Gecko) Chrome/124.0.6367.82 Mobile Safari/537.36"
151.101.1.140 - - [06/May/2026:09:23:29 +0300] "GET /api/v1/products/42 HTTP/1.1" 200 1704 "-" "curl/8.4.0"
157.240.241.35 - - [06/May/2026:09:23:29 +0300] "GET /blog/ HTTP/1.1" 301 0 "-" "curl/8.4.0"
104.16.132.229 - - [06/May/2026:09:23:29 +0300] "DELETE /sitemap.xml HTTP/1.1" 200 221 "-" "Mozilla/5.0 (Windows NT 10.0; Win64; x64) AppleWebKit/537.36 (KHTML, like Gecko) Chrome/124.0.0.0 Safari/537.36"
93.184.216.34 - - [06/May/2026:09:23:29 +0300] "GET /sitemap.xml HTTP/1.1" 200 2254 "-" "Mozilla/5.0 (iPad; CPU OS 17_4 like Mac OS X) AppleWebKit/605.1.15 (KHTML, like Gecko) Version/17.4 Mobile/15E148 Safari/604.1"
199.232.28.133 - - [06/May/2026:09:23:29 +0300] "GET /assets/images/team.jpg HTTP/1.1" 200 63902 "-" "Mozilla/5.0 (X11; Linux x86_64) AppleWebKit/537.36 (KHTML, like Gecko) Chrome/122.0.0.0 Safari/537.36"
66.249.66.1 - - [06/May/2026:09:23:29 +0300] "GET /assets/js/app.js HTTP/1.1" 200 88547 "-" "Mozilla/5.0 (compatible; YandexBot/3.0; +http://yandex.com/bots)"
178.62.193.43 - - [06/May/2026:09:23:29 +0300] "GET /contact HTTP/1.1" 200 3640 "-" "curl/8.4.0"
34.107.221.82 - - [06/May/2026:09:23:29 +0300] "POST /api/v1/users/me HTTP/1.1" 400 189 "-" "Mozilla/5.0 (X11; Ubuntu; Linux x86_64; rv:123.0) Gecko/20100101 Firefox/123.0"
185.199.108.153 - - [06/May/2026:09:23:29 +0300] "GET /assets/images/bg.png HTTP/1.1" 200 51121 "-" "curl/8.4.0"
34.107.221.82 - - [06/May/2026:09:23:29 +0300] "GET /assets/fonts/roboto.woff2 HTTP/1.1" 200 31993 "-" "Mozilla/5.0 (Windows NT 10.0; Win64; x64; rv:124.0) Gecko/20100101 Firefox/124.0"
52.84.12.200 - - [06/May/2026:09:23:29 +0300] "GET /favicon.ico HTTP/1.1" 200 2857 "-" "curl/7.88.1"
46.101.152.178 - - [06/May/2026:09:23:33 +0300] "GET /dashboard HTTP/1.1" 200 14396 "-" "Mozilla/5.0 (iPhone; CPU iPhone OS 17_4 like Mac OS X) AppleWebKit/605.1.15 (KHTML, like Gecko) Version/17.4 Mobile/15E148 Safari/604.1"
199.232.28.133 - - [06/May/2026:09:23:33 +0300] "GET /profile HTTP/1.1" 200 11467 "-" "Mozilla/5.0 (X11; Linux x86_64) AppleWebKit/537.36 (KHTML, like Gecko) Chrome/122.0.0.0 Safari/537.36"
93.184.216.34 - - [06/May/2026:09:23:33 +0300] "GET / HTTP/1.1" 200 6414 "-" "curl/7.88.1"
151.101.1.140 - - [06/May/2026:09:23:36 +0300] "GET /assets/js/jquery.min.js HTTP/1.1" 200 89710 "-" "curl/7.88.1"
46.101.152.178 - - [06/May/2026:09:23:37 +0300] "GET /blog/post-2 HTTP/2.0" 200 17016 "-" "curl/8.4.0"
199.232.28.133 - - [06/May/2026:09:23:37 +0300] "GET /assets/js/jquery.min.js HTTP/2.0" 200 84900 "-" "curl/8.4.0"
199.232.28.133 - - [06/May/2026:09:23:38 +0300] "GET /missing-page HTTP/1.1" 404 203 "-" "Mozilla/5.0 (X11; Linux x86_64) AppleWebKit/537.36 (KHTML, like Gecko) Chrome/122.0.0.0 Safari/537.36"
140.82.113.4 - - [06/May/2026:09:23:41 +0300] "POST /api/v1/products/42 HTTP/1.1" 200 1455 "-" "curl/8.4.0"
109.248.203.11 - - [06/May/2026:09:23:41 +0300] "GET /assets/images/team.jpg HTTP/2.0" 200 259903 "-" "Mozilla/5.0 (Macintosh; Intel Mac OS X 14_4) AppleWebKit/605.1.15 (KHTML, like Gecko) Version/17.4 Safari/605.1.15"
77.88.55.60 - - [06/May/2026:09:23:46 +0300] "GET /about HTTP/1.1" 200 11290 "-" "curl/8.4.0"
138.201.172.37 - - [06/May/2026:09:23:46 +0300] "GET /blog HTTP/1.1" 200 14279 "-" "curl/7.88.1"
34.107.221.82 - - [06/May/2026:09:23:52 +0300] "GET /robots.txt HTTP/1.1" 200 490 "-" "Mozilla/5.0 (Macintosh; Intel Mac OS X 10_15_7) AppleWebKit/537.36 (KHTML, like Gecko) Chrome/123.0.0.0 Safari/537.36"
140.82.113.4 - - [06/May/2026:09:23:57 +0300] "GET /api/v1/products HTTP/1.1" 200 1681 "-" "Mozilla/5.0 (Macintosh; Intel Mac OS X 10_15_7) AppleWebKit/537.36 (KHTML, like Gecko) Chrome/123.0.0.0 Safari/537.36"
45.79.198.173 - - [06/May/2026:09:23:59 +0300] "GET /assets/css/main.css HTTP/1.1" 200 79775 "-" "Mozilla/5.0 (Windows NT 10.0; Win64; x64) AppleWebKit/537.36 (KHTML, like Gecko) Chrome/124.0.0.0 Safari/537.36"
77.88.55.60 - - [06/May/2026:09:24:02 +0300] "GET /contact HTTP/2.0" 200 7234 "-" "Mozilla/5.0 (Macintosh; Intel Mac OS X 10_15_7) AppleWebKit/537.36 (KHTML, like Gecko) Chrome/123.0.0.0 Safari/537.36"
194.87.0.31 - - [06/May/2026:09:24:07 +0300] "POST /register HTTP/1.1" 200 5167 "-" "Mozilla/5.0 (Windows NT 10.0; Win64; x64) AppleWebKit/537.36 (KHTML, like Gecko) Chrome/124.0.0.0 Safari/537.36"
151.101.1.140 - - [06/May/2026:09:24:08 +0300] "GET /profile HTTP/1.1" 200 7689 "-" "Mozilla/5.0 (Linux; Android 14; Pixel 8) AppleWebKit/537.36 (KHTML, like Gecko) Chrome/124.0.6367.82 Mobile Safari/537.36"
194.87.0.31 - - [06/May/2026:09:24:10 +0300] "GET /missing-page HTTP/1.1" 404 221 "-" "Mozilla/5.0 (Windows NT 10.0; Win64; x64) AppleWebKit/537.36 (KHTML, like Gecko) Chrome/124.0.0.0 Safari/537.36 Edg/124.0.0.0"
212.193.65.34 - - [06/May/2026:09:24:11 +0300] "GET /contact HTTP/1.1" 200 3808 "-" "Mozilla/5.0 (iPad; CPU OS 17_4 like Mac OS X) AppleWebKit/605.1.15 (KHTML, like Gecko) Version/17.4 Mobile/15E148 Safari/604.1"
91.108.4.160 - - [06/May/2026:09:24:11 +0300] "GET /assets/images/hero.jpg HTTP/2.0" 200 283048 "-" "Mozilla/5.0 (Macintosh; Intel Mac OS X 10_15_7) AppleWebKit/537.36 (KHTML, like Gecko) Chrome/123.0.0.0 Safari/537.36"
46.101.152.178 - - [06/May/2026:09:24:11 +0300] "GET /index.html HTTP/1.1" 200 6067 "-" "Mozilla/5.0 (X11; Ubuntu; Linux x86_64; rv:123.0) Gecko/20100101 Firefox/123.0"
194.87.0.31 - - [06/May/2026:09:24:13 +0300] "GET /api/v1/users HTTP/1.1" 200 1430 "-" "Mozilla/5.0 (X11; Linux x86_64) AppleWebKit/537.36 (KHTML, like Gecko) Chrome/122.0.0.0 Safari/537.36"
93.184.216.34 - - [06/May/2026:09:24:14 +0300] "POST /register HTTP/1.1" 200 5009 "-" "Mozilla/5.0 (iPhone; CPU iPhone OS 17_4 like Mac OS X) AppleWebKit/605.1.15 (KHTML, like Gecko) Version/17.4 Mobile/15E148 Safari/604.1"
46.101.152.178 - - [06/May/2026:09:24:14 +0300] "GET /assets/images/hero.jpg HTTP/1.1" 200 98699 "-" "Mozilla/5.0 (Windows NT 10.0; Win64; x64) AppleWebKit/537.36 (KHTML, like Gecko) Chrome/124.0.0.0 Safari/537.36"
93.184.216.34 - - [06/May/2026:09:24:14 +0300] "DELETE /blog/post-2 HTTP/1.1" 200 93 "-" "Mozilla/5.0 (X11; Linux x86_64) AppleWebKit/537.36 (KHTML, like Gecko) Chrome/122.0.0.0 Safari/537.36"
93.184.216.34 - - [06/May/2026:09:24:17 +0300] "GET /favicon.ico HTTP/1.1" 200 2112 "-" "Mozilla/5.0 (Macintosh; Intel Mac OS X 14_4) AppleWebKit/605.1.15 (KHTML, like Gecko) Version/17.4 Safari/605.1.15"
91.108.4.160 - - [06/May/2026:09:24:19 +0300] "GET / HTTP/1.1" 200 1480 "-" "Mozilla/5.0 (Windows NT 10.0; Win64; x64) AppleWebKit/537.36 (KHTML, like Gecko) Chrome/124.0.0.0 Safari/537.36"
54.36.149.30 - - [06/May/2026:09:24:19 +0300] "GET /index.html HTTP/1.1" 200 4290 "-" "Mozilla/5.0 (Macintosh; Intel Mac OS X 10_15_7) AppleWebKit/537.36 (KHTML, like Gecko) Chrome/123.0.0.0 Safari/537.36"
199.232.28.133 - - [06/May/2026:09:24:20 +0300] "GET /profile HTTP/1.1" 200 3323 "-" "Mozilla/5.0 (iPhone; CPU iPhone OS 17_4 like Mac OS X) AppleWebKit/605.1.15 (KHTML, like Gecko) Version/17.4 Mobile/15E148 Safari/604.1"
62.213.100.5 - - [06/May/2026:09:24:20 +0300] "POST /api/v1/users HTTP/1.1" 200 567 "-" "Mozilla/5.0 (X11; Linux x86_64) AppleWebKit/537.36 (KHTML, like Gecko) Chrome/122.0.0.0 Safari/537.36"
93.184.216.34 - - [06/May/2026:09:24:20 +0300] "GET /blog/post-2 HTTP/2.0" 200 7695 "-" "Mozilla/5.0 (Macintosh; Intel Mac OS X 10_15_7) AppleWebKit/537.36 (KHTML, like Gecko) Chrome/123.0.0.0 Safari/537.36"
157.240.241.35 - - [06/May/2026:09:24:21 +0300] "GET /assets/fonts/roboto.woff2 HTTP/1.1" 200 49656 "-" "Mozilla/5.0 (Windows NT 10.0; Win64; x64) AppleWebKit/537.36 (KHTML, like Gecko) Chrome/124.0.0.0 Safari/537.36 Edg/124.0.0.0"
172.217.16.142 - - [06/May/2026:09:24:21 +0300] "GET /blog/post-2 HTTP/1.1" 200 13396 "-" "Mozilla/5.0 (iPad; CPU OS 17_4 like Mac OS X) AppleWebKit/605.1.15 (KHTML, like Gecko) Version/17.4 Mobile/15E148 Safari/604.1"
199.232.28.133 - - [06/May/2026:09:24:22 +0300] "GET /about HTTP/1.1" 200 4008 "-" "curl/7.88.1"
172.217.16.142 - - [06/May/2026:09:24:22 +0300] "GET /about HTTP/2.0" 200 10282 "-" "Mozilla/5.0 (X11; Linux x86_64) AppleWebKit/537.36 (KHTML, like Gecko) Chrome/122.0.0.0 Safari/537.36"
93.184.216.34 - - [06/May/2026:09:24:22 +0300] "GET /login HTTP/1.1" 200 3905 "-" "Mozilla/5.0 (Windows NT 10.0; Win64; x64) AppleWebKit/537.36 (KHTML, like Gecko) Chrome/124.0.0.0 Safari/537.36 Edg/124.0.0.0"
93.184.216.34 - - [06/May/2026:09:24:23 +0300] "GET /blog/how-to-setup-nginx HTTP/1.1" 200 16204 "-" "Mozilla/5.0 (X11; Linux x86_64) AppleWebKit/537.36 (KHTML, like Gecko) Chrome/122.0.0.0 Safari/537.36"
172.217.16.142 - - [06/May/2026:09:24:23 +0300] "POST /api/v1/auth/logout HTTP/1.1" 200 68 "-" "Mozilla/5.0 (Macintosh; Intel Mac OS X 10_15_7) AppleWebKit/537.36 (KHTML, like Gecko) Chrome/123.0.0.0 Safari/537.36"
172.217.16.142 - - [06/May/2026:09:24:24 +0300] "GET /blog HTTP/1.1" 200 13450 "-" "Mozilla/5.0 (X11; Linux x86_64) AppleWebKit/537.36 (KHTML, like Gecko) Chrome/122.0.0.0 Safari/537.36"
5.45.207.60 - - [06/May/2026:09:24:27 +0300] "GET /assets/css/main.css HTTP/1.1" 200 68602 "-" "Mozilla/5.0 (Linux; Android 14; Pixel 8) AppleWebKit/537.36 (KHTML, like Gecko) Chrome/124.0.6367.82 Mobile Safari/537.36"
66.249.66.1 - - [06/May/2026:09:24:27 +0300] "GET /old-url HTTP/1.1" 404 446 "-" "Mozilla/5.0 (compatible; YandexBot/3.0; +http://yandex.com/bots)"
54.36.149.30 - - [06/May/2026:09:24:28 +0300] "GET /blog/post-1 HTTP/1.1" 200 7934 "-" "Mozilla/5.0 (X11; Ubuntu; Linux x86_64; rv:123.0) Gecko/20100101 Firefox/123.0"
104.16.132.229 - - [06/May/2026:09:24:28 +0300] "GET /sitemap.xml HTTP/1.1" 200 1138 "-" "Mozilla/5.0 (Macintosh; Intel Mac OS X 14_4) AppleWebKit/605.1.15 (KHTML, like Gecko) Version/17.4 Safari/605.1.15"
95.213.173.10 - - [06/May/2026:09:24:28 +0300] "GET /index.html HTTP/1.1" 200 6838 "-" "Mozilla/5.0 (iPhone; CPU iPhone OS 17_4 like Mac OS X) AppleWebKit/605.1.15 (KHTML, like Gecko) Version/17.4 Mobile/15E148 Safari/604.1"
95.213.173.10 - - [06/May/2026:09:24:28 +0300] "POST /api/v1/products/42 HTTP/1.1" 200 1785 "-" "Mozilla/5.0 (X11; Ubuntu; Linux x86_64; rv:123.0) Gecko/20100101 Firefox/123.0"
5.9.64.162 - - [06/May/2026:09:24:28 +0300] "GET /api/v1/users/me HTTP/2.0" 200 780 "-" "Mozilla/5.0 (Windows NT 10.0; Win64; x64) AppleWebKit/537.36 (KHTML, like Gecko) Chrome/124.0.0.0 Safari/537.36 Edg/124.0.0.0"
80.241.212.5 - - [06/May/2026:09:24:29 +0300] "GET /api/v1/products HTTP/1.1" 200 1861 "-" "Mozilla/5.0 (X11; Linux x86_64) AppleWebKit/537.36 (KHTML, like Gecko) Chrome/122.0.0.0 Safari/537.36"
199.232.28.133 - - [06/May/2026:09:24:29 +0300] "GET /assets/images/hero.jpg HTTP/1.1" 200 385455 "-" "Mozilla/5.0 (Linux; Android 14; Pixel 8) AppleWebKit/537.36 (KHTML, like Gecko) Chrome/124.0.6367.82 Mobile Safari/537.36"
5.9.64.162 - - [06/May/2026:09:24:29 +0300] "GET /api/v1/search?q=nginx HTTP/2.0" 200 3114 "-" "Mozilla/5.0 (X11; Linux x86_64) AppleWebKit/537.36 (KHTML, like Gecko) Chrome/122.0.0.0 Safari/537.36"
217.69.143.60 - - [06/May/2026:09:24:29 +0300] "GET /api/v1/search?q=nginx HTTP/1.1" 200 2673 "-" "curl/8.4.0"
77.88.55.60 - - [06/May/2026:09:24:29 +0300] "GET /about HTTP/1.1" 200 7794 "-" "Mozilla/5.0 (X11; Linux x86_64) AppleWebKit/537.36 (KHTML, like Gecko) Chrome/122.0.0.0 Safari/537.36"
140.82.113.4 - - [06/May/2026:09:24:29 +0300] "GET /api/v1/users HTTP/1.1" 200 308 "-" "Mozilla/5.0 (Macintosh; Intel Mac OS X 10_15_7) AppleWebKit/537.36 (KHTML, like Gecko) Chrome/123.0.0.0 Safari/537.36"
151.101.1.140 - - [06/May/2026:09:24:29 +0300] "GET /assets/css/bootstrap.min.css HTTP/2.0" 200 157924 "-" "Mozilla/5.0 (Windows NT 10.0; Win64; x64) AppleWebKit/537.36 (KHTML, like Gecko) Chrome/124.0.0.0 Safari/537.36"
104.16.132.229 - - [06/May/2026:09:24:29 +0300] "GET /images/deleted.jpg HTTP/1.1" 404 264 "-" "Mozilla/5.0 (Macintosh; Intel Mac OS X 10_15_7) AppleWebKit/537.36 (KHTML, like Gecko) Chrome/123.0.0.0 Safari/537.36"
217.69.143.60 - - [06/May/2026:09:24:31 +0300] "GET /assets/fonts/roboto.woff2 HTTP/1.1" 200 20699 "-" "curl/8.4.0"
199.232.28.133 - - [06/May/2026:09:24:33 +0300] "GET /assets/js/app.js HTTP/1.1" 200 38686 "-" "Mozilla/5.0 (Windows NT 10.0; Win64; x64) AppleWebKit/537.36 (KHTML, like Gecko) Chrome/124.0.0.0 Safari/537.36"
217.69.143.60 - - [06/May/2026:09:24:33 +0300] "GET /api/v1/products/42 HTTP/1.1" 200 1247 "-" "Mozilla/5.0 (X11; Ubuntu; Linux x86_64; rv:123.0) Gecko/20100101 Firefox/123.0"
199.232.28.133 - - [06/May/2026:09:24:35 +0300] "GET /page-not-found HTTP/1.1" 404 211 "-" "Mozilla/5.0 (X11; Linux x86_64) AppleWebKit/537.36 (KHTML, like Gecko) Chrome/122.0.0.0 Safari/537.36"
157.240.241.35 - - [06/May/2026:09:24:35 +0300] "GET /contact HTTP/1.1" 200 7186 "-" "Mozilla/5.0 (Macintosh; Intel Mac OS X 14_4) AppleWebKit/605.1.15 (KHTML, like Gecko) Version/17.4 Safari/605.1.15"
5.9.64.162 - - [06/May/2026:09:24:36 +0300] "GET /api/v1/users HTTP/1.1" 500 979 "-" "Mozilla/5.0 (X11; Linux x86_64) AppleWebKit/537.36 (KHTML, like Gecko) Chrome/122.0.0.0 Safari/537.36"
66.249.66.1 - - [06/May/2026:09:24:37 +0300] "POST /login HTTP/1.1" 200 5930 "-" "curl/7.88.1"
66.249.66.1 - - [06/May/2026:09:24:39 +0300] "GET /assets/images/bg.png HTTP/1.1" 200 112693 "-" "Mozilla/5.0 (compatible; Googlebot/2.1; +http://www.google.com/bot.html)"
45.79.198.173 - - [06/May/2026:09:24:40 +0300] "GET /assets/fonts/roboto.woff2 HTTP/1.1" 200 37831 "-" "Mozilla/5.0 (X11; Ubuntu; Linux x86_64; rv:123.0) Gecko/20100101 Firefox/123.0"
93.184.216.34 - - [06/May/2026:09:24:40 +0300] "GET /assets/js/jquery.min.js HTTP/1.1" 200 84553 "-" "Mozilla/5.0 (Windows NT 10.0; Win64; x64) AppleWebKit/537.36 (KHTML, like Gecko) Chrome/124.0.0.0 Safari/537.36"
37.9.175.4 - - [06/May/2026:09:24:40 +0300] "GET /sitemap.xml HTTP/1.1" 200 2347 "-" "Mozilla/5.0 (Macintosh; Intel Mac OS X 14_4) AppleWebKit/605.1.15 (KHTML, like Gecko) Version/17.4 Safari/605.1.15"
185.199.108.153 - - [06/May/2026:09:24:40 +0300] "GET /api/v1/orders HTTP/1.1" 200 3861 "-" "Mozilla/5.0 (Macintosh; Intel Mac OS X 10_15_7) AppleWebKit/537.36 (KHTML, like Gecko) Chrome/123.0.0.0 Safari/537.36"
93.184.216.34 - - [06/May/2026:09:24:40 +0300] "POST /contact HTTP/1.1" 200 3943 "-" "Mozilla/5.0 (Windows NT 10.0; Win64; x64) AppleWebKit/537.36 (KHTML, like Gecko) Chrome/124.0.0.0 Safari/537.36"
216.58.215.78 - - [06/May/2026:09:24:40 +0300] "GET /dashboard HTTP/1.1" 200 5596 "-" "Mozilla/5.0 (Linux; Android 14; Pixel 8) AppleWebKit/537.36 (KHTML, like Gecko) Chrome/124.0.6367.82 Mobile Safari/537.36"
157.240.241.35 - - [06/May/2026:09:24:40 +0300] "POST /api/v1/products/42 HTTP/1.1" 200 1500 "-" "Mozilla/5.0 (Linux; Android 14; Pixel 8) AppleWebKit/537.36 (KHTML, like Gecko) Chrome/124.0.6367.82 Mobile Safari/537.36"
199.232.28.133 - - [06/May/2026:09:24:41 +0300] "GET /assets/images/logo.png HTTP/2.0" 200 29842 "-" "Mozilla/5.0 (iPad; CPU OS 17_4 like Mac OS X) AppleWebKit/605.1.15 (KHTML, like Gecko) Version/17.4 Mobile/15E148 Safari/604.1"
66.249.66.1 - - [06/May/2026:09:24:41 +0300] "GET /assets/css/main.css HTTP/2.0" 200 75369 "-" "curl/7.88.1"
66.249.66.1 - - [06/May/2026:09:24:43 +0300] "GET /services HTTP/1.1" 200 4504 "-" "Mozilla/5.0 (compatible; YandexBot/3.0; +http://yandex.com/bots)"
93.184.216.34 - - [06/May/2026:09:24:48 +0300] "GET /profile HTTP/1.1" 200 8195 "-" "Mozilla/5.0 (iPad; CPU OS 17_4 like Mac OS X) AppleWebKit/605.1.15 (KHTML, like Gecko) Version/17.4 Mobile/15E148 Safari/604.1"
140.82.113.4 - - [06/May/2026:09:24:55 +0300] "GET /api/v1/auth/logout HTTP/1.1" 200 91 "-" "Mozilla/5.0 (Windows NT 10.0; Win64; x64) AppleWebKit/537.36 (KHTML, like Gecko) Chrome/124.0.0.0 Safari/537.36 Edg/124.0.0.0"
66.249.64.12 - - [06/May/2026:09:24:55 +0300] "GET /wp-admin/admin-ajax.php HTTP/1.1" 403 240 "-" "Mozilla/5.0 (compatible; YandexBot/3.0; +http://yandex.com/bots)"
213.180.204.3 - - [06/May/2026:09:24:59 +0300] "POST /api/v1/products/42 HTTP/1.1" 200 1897 "-" "Mozilla/5.0 (Windows NT 10.0; Win64; x64) AppleWebKit/537.36 (KHTML, like Gecko) Chrome/124.0.0.0 Safari/537.36 Edg/124.0.0.0"
216.58.215.78 - - [06/May/2026:09:25:00 +0300] "GET /index.html HTTP/1.1" 200 2947 "-" "curl/7.88.1"
176.9.8.20 - - [06/May/2026:09:25:00 +0300] "GET /pricing HTTP/2.0" 200 3612 "-" "Mozilla/5.0 (Macintosh; Intel Mac OS X 10_15_7) AppleWebKit/537.36 (KHTML, like Gecko) Chrome/123.0.0.0 Safari/537.36"
91.212.155.80 - - [06/May/2026:09:25:00 +0300] "GET /services HTTP/1.1" 200 4563 "-" "Mozilla/5.0 (Linux; Android 14; Pixel 8) AppleWebKit/537.36 (KHTML, like Gecko) Chrome/124.0.6367.82 Mobile Safari/537.36"
77.88.55.60 - - [06/May/2026:09:25:00 +0300] "GET /services HTTP/1.1" 200 11620 "-" "Mozilla/5.0 (Macintosh; Intel Mac OS X 10_15_7) AppleWebKit/537.36 (KHTML, like Gecko) Chrome/123.0.0.0 Safari/537.36"
172.217.16.142 - - [06/May/2026:09:25:00 +0300] "GET /api/v1/products/42 HTTP/1.1" 200 1671 "-" "Mozilla/5.0 (Macintosh; Intel Mac OS X 14_4) AppleWebKit/605.1.15 (KHTML, like Gecko) Version/17.4 Safari/605.1.15"
199.232.28.133 - - [06/May/2026:09:25:00 +0300] "GET /api/v1/auth/login HTTP/1.1" 200 638 "-" "Mozilla/5.0 (Macintosh; Intel Mac OS X 10_15_7) AppleWebKit/537.36 (KHTML, like Gecko) Chrome/123.0.0.0 Safari/537.36"
188.166.93.14 - - [06/May/2026:09:25:00 +0300] "GET /assets/js/jquery.min.js HTTP/1.1" 200 83691 "-" "Mozilla/5.0 (Windows NT 10.0; Win64; x64) AppleWebKit/537.36 (KHTML, like Gecko) Chrome/124.0.0.0 Safari/537.36"
138.201.172.37 - - [06/May/2026:09:25:00 +0300] "GET /blog/post-2 HTTP/1.1" 200 10956 "-" "Mozilla/5.0 (Windows NT 10.0; Win64; x64) AppleWebKit/537.36 (KHTML, like Gecko) Chrome/124.0.0.0 Safari/537.36 Edg/124.0.0.0"
167.99.200.73 - - [06/May/2026:09:25:01 +0300] "GET /login HTTP/1.1" 200 3381 "-" "Mozilla/5.0 (X11; Linux x86_64) AppleWebKit/537.36 (KHTML, like Gecko) Chrome/122.0.0.0 Safari/537.36"
93.184.216.34 - - [06/May/2026:09:25:01 +0300] "GET /contact HTTP/1.1" 200 7851 "-" "Mozilla/5.0 (Windows NT 10.0; Win64; x64) AppleWebKit/537.36 (KHTML, like Gecko) Chrome/124.0.0.0 Safari/537.36"
157.240.241.35 - - [06/May/2026:09:25:01 +0300] "GET /blog/post-1 HTTP/1.1" 200 12090 "-" "Mozilla/5.0 (Windows NT 10.0; Win64; x64) AppleWebKit/537.36 (KHTML, like Gecko) Chrome/124.0.0.0 Safari/537.36 Edg/124.0.0.0"
95.213.173.10 - - [06/May/2026:09:25:01 +0300] "GET /robots.txt HTTP/1.1" 200 408 "-" "curl/8.4.0"
172.217.16.142 - - [06/May/2026:09:25:01 +0300] "GET /assets/images/hero.jpg HTTP/1.1" 200 339246 "-" "curl/7.88.1"
45.79.198.173 - - [06/May/2026:09:25:01 +0300] "GET /assets/images/team.jpg HTTP/1.1" 200 251087 "-" "curl/7.88.1"
45.79.198.173 - - [06/May/2026:09:25:05 +0300] "GET /blog/post-2 HTTP/1.1" 200 14707 "-" "Mozilla/5.0 (Macintosh; Intel Mac OS X 14_4) AppleWebKit/605.1.15 (KHTML, like Gecko) Version/17.4 Safari/605.1.15"
217.69.143.60 - - [06/May/2026:09:25:17 +0300] "GET /old-url HTTP/2.0" 404 295 "-" "Mozilla/5.0 (Linux; Android 14; Pixel 8) AppleWebKit/537.36 (KHTML, like Gecko) Chrome/124.0.6367.82 Mobile Safari/537.36"
37.9.175.4 - - [06/May/2026:09:25:17 +0300] "HEAD /dashboard HTTP/1.1" 200 0 "-" "Mozilla/5.0 (X11; Ubuntu; Linux x86_64; rv:123.0) Gecko/20100101 Firefox/123.0"
185.199.108.153 - - [06/May/2026:09:25:18 +0300] "GET /dashboard HTTP/1.1" 200 20640 "-" "Mozilla/5.0 (Macintosh; Intel Mac OS X 10_15_7) AppleWebKit/537.36 (KHTML, like Gecko) Chrome/123.0.0.0 Safari/537.36"
37.9.175.4 - - [06/May/2026:09:25:20 +0300] "GET /api/v1/orders HTTP/1.1" 400 181 "-" "Mozilla/5.0 (X11; Ubuntu; Linux x86_64; rv:123.0) Gecko/20100101 Firefox/123.0"
151.101.1.140 - - [06/May/2026:09:25:21 +0300] "GET /assets/js/jquery.min.js HTTP/1.1" 200 83586 "-" "curl/8.4.0"
5.9.64.162 - - [06/May/2026:09:25:22 +0300] "GET /blog HTTP/1.1" 200 16417 "-" "Mozilla/5.0 (iPad; CPU OS 17_4 like Mac OS X) AppleWebKit/605.1.15 (KHTML, like Gecko) Version/17.4 Mobile/15E148 Safari/604.1"
93.184.216.34 - - [06/May/2026:09:25:22 +0300] "GET /assets/images/logo.png HTTP/1.1" 200 29235 "-" "Mozilla/5.0 (Macintosh; Intel Mac OS X 14_4) AppleWebKit/605.1.15 (KHTML, like Gecko) Version/17.4 Safari/605.1.15"
95.213.173.10 - - [06/May/2026:09:25:22 +0300] "GET /api/v1/orders HTTP/1.1" 200 920 "-" "Mozilla/5.0 (iPhone; CPU iPhone OS 17_4 like Mac OS X) AppleWebKit/605.1.15 (KHTML, like Gecko) Version/17.4 Mobile/15E148 Safari/604.1"
34.107.221.82 - - [06/May/2026:09:25:22 +0300] "GET / HTTP/1.1" 200 6007 "-" "Mozilla/5.0 (Macintosh; Intel Mac OS X 10_15_7) AppleWebKit/537.36 (KHTML, like Gecko) Chrome/123.0.0.0 Safari/537.36"
37.9.175.4 - - [06/May/2026:09:25:23 +0300] "GET /assets/js/jquery.min.js HTTP/1.1" 200 84748 "-" "Mozilla/5.0 (Windows NT 10.0; Win64; x64) AppleWebKit/537.36 (KHTML, like Gecko) Chrome/124.0.0.0 Safari/537.36 Edg/124.0.0.0"
95.213.173.10 - - [06/May/2026:09:25:26 +0300] "GET /api/v1/orders HTTP/1.1" 200 4538 "-" "Mozilla/5.0 (X11; Ubuntu; Linux x86_64; rv:123.0) Gecko/20100101 Firefox/123.0"
95.213.173.10 - - [06/May/2026:09:25:28 +0300] "GET /assets/images/logo.png HTTP/1.1" 200 6979 "-" "curl/7.88.1"
37.9.175.4 - - [06/May/2026:09:25:29 +0300] "GET /profile HTTP/1.1" 200 3371 "-" "Mozilla/5.0 (Macintosh; Intel Mac OS X 10_15_7) AppleWebKit/537.36 (KHTML, like Gecko) Chrome/123.0.0.0 Safari/537.36"
216.58.215.78 - - [06/May/2026:09:25:32 +0300] "GET /blog HTTP/1.1" 200 5243 "-" "Mozilla/5.0 (Macintosh; Intel Mac OS X 14_4) AppleWebKit/605.1.15 (KHTML, like Gecko) Version/17.4 Safari/605.1.15"
157.240.241.35 - - [06/May/2026:09:25:33 +0300] "GET /assets/js/jquery.min.js HTTP/1.1" 200 81109 "-" "Mozilla/5.0 (X11; Ubuntu; Linux x86_64; rv:123.0) Gecko/20100101 Firefox/123.0"
151.101.1.140 - - [06/May/2026:09:25:34 +0300] "GET /blog/post-2 HTTP/1.1" 200 8196 "-" "Mozilla/5.0 (Macintosh; Intel Mac OS X 14_4) AppleWebKit/605.1.15 (KHTML, like Gecko) Version/17.4 Safari/605.1.15"
93.184.216.34 - - [06/May/2026:09:25:36 +0300] "GET /api/v1/auth/logout HTTP/1.1" 200 113 "-" "Mozilla/5.0 (iPad; CPU OS 17_4 like Mac OS X) AppleWebKit/605.1.15 (KHTML, like Gecko) Version/17.4 Mobile/15E148 Safari/604.1"
104.16.132.229 - - [06/May/2026:09:25:38 +0300] "HEAD /blog/post-1 HTTP/1.1" 200 0 "-" "curl/7.88.1"
194.87.0.31 - - [06/May/2026:09:25:42 +0300] "GET /favicon.ico HTTP/1.1" 200 2610 "-" "Mozilla/5.0 (Macintosh; Intel Mac OS X 10_15_7) AppleWebKit/537.36 (KHTML, like Gecko) Chrome/123.0.0.0 Safari/537.36"
140.82.113.4 - - [06/May/2026:09:25:42 +0300] "GET /old-url HTTP/1.1" 404 328 "-" "Mozilla/5.0 (iPad; CPU OS 17_4 like Mac OS X) AppleWebKit/605.1.15 (KHTML, like Gecko) Version/17.4 Mobile/15E148 Safari/604.1"
194.87.0.31 - - [06/May/2026:09:25:44 +0300] "GET /api/v1/search?q=nginx HTTP/1.1" 200 920 "-" "Mozilla/5.0 (Windows NT 10.0; Win64; x64) AppleWebKit/537.36 (KHTML, like Gecko) Chrome/124.0.0.0 Safari/537.36 Edg/124.0.0.0"
194.87.0.31 - - [06/May/2026:09:25:46 +0300] "GET /api/v1/products HTTP/2.0" 200 7699 "-" "curl/8.4.0"
109.248.203.11 - - [06/May/2026:09:25:46 +0300] "GET /api/v1/users/me HTTP/2.0" 200 850 "-" "curl/7.88.1"
93.184.216.34 - - [06/May/2026:09:25:47 +0300] "PUT /services HTTP/1.1" 204 107 "-" "Mozilla/5.0 (iPhone; CPU iPhone OS 17_4 like Mac OS X) AppleWebKit/605.1.15 (KHTML, like Gecko) Version/17.4 Mobile/15E148 Safari/604.1"
213.180.204.3 - - [06/May/2026:09:25:47 +0300] "GET /blog/post-2 HTTP/1.1" 200 10144 "-" "Mozilla/5.0 (Windows NT 10.0; Win64; x64) AppleWebKit/537.36 (KHTML, like Gecko) Chrome/124.0.0.0 Safari/537.36"
104.16.132.229 - - [06/May/2026:09:25:47 +0300] "HEAD /about HTTP/1.1" 200 0 "-" "Mozilla/5.0 (Macintosh; Intel Mac OS X 10_15_7) AppleWebKit/537.36 (KHTML, like Gecko) Chrome/123.0.0.0 Safari/537.36"
93.184.216.34 - - [06/May/2026:09:25:47 +0300] "GET /assets/js/app.js HTTP/1.1" 200 66452 "-" "Mozilla/5.0 (Windows NT 10.0; Win64; x64) AppleWebKit/537.36 (KHTML, like Gecko) Chrome/124.0.0.0 Safari/537.36"
31.184.238.128 - - [06/May/2026:09:25:47 +0300] "GET /api/v1/notfound HTTP/1.1" 404 464 "-" "Mozilla/5.0 (Macintosh; Intel Mac OS X 10_15_7) AppleWebKit/537.36 (KHTML, like Gecko) Chrome/123.0.0.0 Safari/537.36"
140.82.113.4 - - [06/May/2026:09:25:47 +0300] "GET /assets/css/bootstrap.min.css HTTP/1.1" 200 159673 "-" "Mozilla/5.0 (Macintosh; Intel Mac OS X 14_4) AppleWebKit/605.1.15 (KHTML, like Gecko) Version/17.4 Safari/605.1.15"
109.196.154.34 - - [06/May/2026:09:25:47 +0300] "GET /assets/images/team.jpg HTTP/1.1" 200 184783 "-" "Mozilla/5.0 (iPhone; CPU iPhone OS 17_4 like Mac OS X) AppleWebKit/605.1.15 (KHTML, like Gecko) Version/17.4 Mobile/15E148 Safari/604.1"
104.16.132.229 - - [06/May/2026:09:25:47 +0300] "GET /pricing HTTP/2.0" 200 5953 "-" "Mozilla/5.0 (Linux; Android 14; Pixel 8) AppleWebKit/537.36 (KHTML, like Gecko) Chrome/124.0.6367.82 Mobile Safari/537.36"
151.101.1.140 - - [06/May/2026:09:25:51 +0300] "GET /wp-login.php HTTP/1.1" 403 591 "-" "Mozilla/5.0 (X11; Ubuntu; Linux x86_64; rv:123.0) Gecko/20100101 Firefox/123.0"
93.184.216.34 - - [06/May/2026:09:25:51 +0300] "GET /assets/images/logo.png HTTP/2.0" 200 9349 "-" "Mozilla/5.0 (Windows NT 10.0; Win64; x64; rv:124.0) Gecko/20100101 Firefox/124.0"
93.184.216.34 - - [06/May/2026:09:25:51 +0300] "GET /old-url HTTP/2.0" 404 260 "-" "Mozilla/5.0 (Windows NT 10.0; Win64; x64) AppleWebKit/537.36 (KHTML, like Gecko) Chrome/124.0.0.0 Safari/537.36"
109.248.203.11 - - [06/May/2026:09:25:58 +0300] "GET /login HTTP/2.0" 200 3429 "-" "Mozilla/5.0 (iPad; CPU OS 17_4 like Mac OS X) AppleWebKit/605.1.15 (KHTML, like Gecko) Version/17.4 Mobile/15E148 Safari/604.1"
199.232.28.133 - - [06/May/2026:09:25:58 +0300] "GET /assets/js/bootstrap.bundle.min.js HTTP/1.1" 200 50984 "-" "Mozilla/5.0 (X11; Ubuntu; Linux x86_64; rv:123.0) Gecko/20100101 Firefox/123.0"
216.58.215.78 - - [06/May/2026:09:25:58 +0300] "POST /register HTTP/1.1" 200 5425 "-" "Mozilla/5.0 (X11; Linux x86_64) AppleWebKit/537.36 (KHTML, like Gecko) Chrome/122.0.0.0 Safari/537.36"
199.232.28.133 - - [06/May/2026:09:25:58 +0300] "GET /about HTTP/1.1" 200 8962 "-" "Mozilla/5.0 (Windows NT 10.0; Win64; x64; rv:124.0) Gecko/20100101 Firefox/124.0"
216.58.215.78 - - [06/May/2026:09:25:58 +0300] "GET /blog/post-2 HTTP/1.1" 200 9241 "-" "Mozilla/5.0 (Windows NT 10.0; Win64; x64) AppleWebKit/537.36 (KHTML, like Gecko) Chrome/124.0.0.0 Safari/537.36 Edg/124.0.0.0"
199.232.28.133 - - [06/May/2026:09:26:02 +0300] "GET /profile HTTP/1.1" 200 9894 "-" "Mozilla/5.0 (Linux; Android 14; Pixel 8) AppleWebKit/537.36 (KHTML, like Gecko) Chrome/124.0.6367.82 Mobile Safari/537.36"
165.227.3.104 - - [06/May/2026:09:26:02 +0300] "GET /home HTTP/1.1" 301 0 "-" "Mozilla/5.0 (Windows NT 10.0; Win64; x64) AppleWebKit/537.36 (KHTML, like Gecko) Chrome/124.0.0.0 Safari/537.36 Edg/124.0.0.0"
140.82.113.4 - - [06/May/2026:09:26:02 +0300] "GET /services HTTP/2.0" 200 6378 "-" "Mozilla/5.0 (iPhone; CPU iPhone OS 17_4 like Mac OS X) AppleWebKit/605.1.15 (KHTML, like Gecko) Version/17.4 Mobile/15E148 Safari/604.1"
62.213.100.5 - - [06/May/2026:09:26:04 +0300] "GET /api/v1/stats HTTP/1.1" 200 1227 "-" "Mozilla/5.0 (Windows NT 10.0; Win64; x64) AppleWebKit/537.36 (KHTML, like Gecko) Chrome/124.0.0.0 Safari/537.36 Edg/124.0.0.0"
151.101.1.140 - - [06/May/2026:09:26:04 +0300] "POST /api/v1/users/me HTTP/1.1" 200 1078 "-" "Mozilla/5.0 (Windows NT 10.0; Win64; x64) AppleWebKit/537.36 (KHTML, like Gecko) Chrome/124.0.0.0 Safari/537.36 Edg/124.0.0.0"
93.184.216.34 - - [06/May/2026:09:26:09 +0300] "GET /assets/images/bg.png HTTP/2.0" 200 137272 "-" "Mozilla/5.0 (Windows NT 10.0; Win64; x64) AppleWebKit/537.36 (KHTML, like Gecko) Chrome/124.0.0.0 Safari/537.36 Edg/124.0.0.0"
93.184.216.34 - - [06/May/2026:09:26:09 +0300] "GET /assets/images/logo.png HTTP/2.0" 200 15172 "-" "Mozilla/5.0 (X11; Ubuntu; Linux x86_64; rv:123.0) Gecko/20100101 Firefox/123.0"
93.184.216.34 - - [06/May/2026:09:26:09 +0300] "GET /api/v1/stats HTTP/2.0" 200 1505 "-" "curl/7.88.1"
93.184.216.34 - - [06/May/2026:09:26:11 +0300] "GET /index.php HTTP/2.0" 301 0 "-" "Mozilla/5.0 (iPad; CPU OS 17_4 like Mac OS X) AppleWebKit/605.1.15 (KHTML, like Gecko) Version/17.4 Mobile/15E148 Safari/604.1"
93.184.216.34 - - [06/May/2026:09:26:11 +0300] "POST /api/v1/orders HTTP/1.1" 200 4815 "-" "Mozilla/5.0 (Macintosh; Intel Mac OS X 14_4) AppleWebKit/605.1.15 (KHTML, like Gecko) Version/17.4 Safari/605.1.15"
93.184.216.34 - - [06/May/2026:09:26:12 +0300] "GET /register HTTP/1.1" 200 5108 "-" "Mozilla/5.0 (Macintosh; Intel Mac OS X 10_15_7) AppleWebKit/537.36 (KHTML, like Gecko) Chrome/123.0.0.0 Safari/537.36"
5.9.64.162 - - [06/May/2026:09:26:12 +0300] "GET /api/v1/stats HTTP/1.1" 200 2259 "-" "curl/8.4.0"
5.9.64.162 - - [06/May/2026:09:26:14 +0300] "GET /assets/images/hero.jpg HTTP/1.1" 200 236478 "-" "Mozilla/5.0 (Macintosh; Intel Mac OS X 14_4) AppleWebKit/605.1.15 (KHTML, like Gecko) Version/17.4 Safari/605.1.15"
167.99.200.73 - - [06/May/2026:09:26:18 +0300] "GET /api/v1/products HTTP/1.1" 200 6416 "-" "Mozilla/5.0 (Windows NT 10.0; Win64; x64) AppleWebKit/537.36 (KHTML, like Gecko) Chrome/124.0.0.0 Safari/537.36"
185.199.108.153 - - [06/May/2026:09:26:19 +0300] "GET /favicon.ico HTTP/1.1" 200 3162 "-" "Mozilla/5.0 (Windows NT 10.0; Win64; x64) AppleWebKit/537.36 (KHTML, like Gecko) Chrome/124.0.0.0 Safari/537.36"
138.201.172.37 - - [06/May/2026:09:26:19 +0300] "POST /api/v1/stats HTTP/2.0" 200 2997 "-" "curl/8.4.0"
213.180.204.3 - - [06/May/2026:09:26:19 +0300] "GET /assets/js/app.js HTTP/1.1" 200 61692 "-" "Mozilla/5.0 (Windows NT 10.0; Win64; x64; rv:124.0) Gecko/20100101 Firefox/124.0"
199.232.28.133 - - [06/May/2026:09:26:20 +0300] "GET /register HTTP/2.0" 200 4678 "-" "Mozilla/5.0 (iPhone; CPU iPhone OS 17_4 like Mac OS X) AppleWebKit/605.1.15 (KHTML, like Gecko) Version/17.4 Mobile/15E148 Safari/604.1"
172.217.16.142 - - [06/May/2026:09:26:20 +0300] "GET /services HTTP/1.1" 200 9923 "-" "Mozilla/5.0 (Macintosh; Intel Mac OS X 14_4) AppleWebKit/605.1.15 (KHTML, like Gecko) Version/17.4 Safari/605.1.15"
167.99.200.73 - - [06/May/2026:09:26:20 +0300] "GET /blog HTTP/1.1" 200 16749 "-" "Mozilla/5.0 (iPhone; CPU iPhone OS 17_4 like Mac OS X) AppleWebKit/605.1.15 (KHTML, like Gecko) Version/17.4 Mobile/15E148 Safari/604.1"
5.9.64.162 - - [06/May/2026:09:26:20 +0300] "GET /about HTTP/1.1" 200 9198 "-" "Mozilla/5.0 (Windows NT 10.0; Win64; x64) AppleWebKit/537.36 (KHTML, like Gecko) Chrome/124.0.0.0 Safari/537.36"
167.99.200.73 - - [06/May/2026:09:26:21 +0300] "GET /assets/css/main.css HTTP/2.0" 200 35526 "-" "Mozilla/5.0 (iPhone; CPU iPhone OS 17_4 like Mac OS X) AppleWebKit/605.1.15 (KHTML, like Gecko) Version/17.4 Mobile/15E148 Safari/604.1"
199.232.28.133 - - [06/May/2026:09:26:22 +0300] "DELETE /contact HTTP/2.0" 200 196 "-" "Mozilla/5.0 (iPad; CPU OS 17_4 like Mac OS X) AppleWebKit/605.1.15 (KHTML, like Gecko) Version/17.4 Mobile/15E148 Safari/604.1"
213.180.204.3 - - [06/May/2026:09:26:22 +0300] "GET / HTTP/1.1" 200 5631 "-" "Mozilla/5.0 (Windows NT 10.0; Win64; x64) AppleWebKit/537.36 (KHTML, like Gecko) Chrome/124.0.0.0 Safari/537.36"
66.249.66.1 - - [06/May/2026:09:26:22 +0300] "POST /api/v1/stats HTTP/1.1" 200 2416 "-" "Mozilla/5.0 (compatible; YandexBot/3.0; +http://yandex.com/bots)"
34.107.221.82 - - [06/May/2026:09:26:22 +0300] "GET /index.php HTTP/1.1" 302 0 "-" "Mozilla/5.0 (Windows NT 10.0; Win64; x64) AppleWebKit/537.36 (KHTML, like Gecko) Chrome/124.0.0.0 Safari/537.36"
140.82.113.4 - - [06/May/2026:09:26:25 +0300] "GET /old-url HTTP/1.1" 404 200 "-" "curl/7.88.1"
66.249.68.35 - - [06/May/2026:09:26:25 +0300] "GET /login HTTP/1.1" 200 3226 "-" "Mozilla/5.0 (compatible; YandexBot/3.0; +http://yandex.com/bots)"
188.166.93.14 - - [06/May/2026:09:26:26 +0300] "GET /old/index.php HTTP/1.1" 400 223 "-" "curl/8.4.0"
216.58.215.78 - - [06/May/2026:09:26:27 +0300] "GET /blog HTTP/1.1" 200 5629 "-" "Mozilla/5.0 (iPad; CPU OS 17_4 like Mac OS X) AppleWebKit/605.1.15 (KHTML, like Gecko) Version/17.4 Mobile/15E148 Safari/604.1"
199.232.28.133 - - [06/May/2026:09:26:27 +0300] "GET /sitemap.xml HTTP/1.1" 200 2875 "-" "Mozilla/5.0 (Windows NT 10.0; Win64; x64) AppleWebKit/537.36 (KHTML, like Gecko) Chrome/124.0.0.0 Safari/537.36"
212.193.65.34 - - [06/May/2026:09:26:27 +0300] "GET /favicon.ico HTTP/1.1" 200 3081 "-" "Mozilla/5.0 (Linux; Android 14; Pixel 8) AppleWebKit/537.36 (KHTML, like Gecko) Chrome/124.0.6367.82 Mobile Safari/537.36"
185.199.108.153 - - [06/May/2026:09:26:28 +0300] "GET /api/v1/auth/login HTTP/1.1" 200 157 "-" "curl/7.88.1"
140.82.113.4 - - [06/May/2026:09:26:28 +0300] "GET /assets/css/main.css HTTP/2.0" 200 30954 "-" "Mozilla/5.0 (X11; Linux x86_64) AppleWebKit/537.36 (KHTML, like Gecko) Chrome/122.0.0.0 Safari/537.36"
212.193.65.34 - - [06/May/2026:09:26:30 +0300] "GET /assets/images/team.jpg HTTP/1.1" 200 162093 "-" "Mozilla/5.0 (iPhone; CPU iPhone OS 17_4 like Mac OS X) AppleWebKit/605.1.15 (KHTML, like Gecko) Version/17.4 Mobile/15E148 Safari/604.1"
212.193.65.34 - - [06/May/2026:09:26:31 +0300] "GET /pricing HTTP/1.1" 200 8720 "-" "Mozilla/5.0 (Macintosh; Intel Mac OS X 14_4) AppleWebKit/605.1.15 (KHTML, like Gecko) Version/17.4 Safari/605.1.15"
207.46.13.5 - - [06/May/2026:09:26:33 +0300] "GET /api/v1/products HTTP/1.1" 200 5044 "-" "curl/7.88.1"
138.201.172.37 - - [06/May/2026:09:26:33 +0300] "GET /about HTTP/1.1" 200 5523 "-" "Mozilla/5.0 (X11; Ubuntu; Linux x86_64; rv:123.0) Gecko/20100101 Firefox/123.0"
66.249.66.1 - - [06/May/2026:09:26:37 +0300] "GET /blog/post-1 HTTP/1.1" 200 6522 "-" "curl/7.88.1"
93.184.216.34 - - [06/May/2026:09:26:37 +0300] "GET /favicon.ico HTTP/1.1" 200 2761 "-" "Mozilla/5.0 (iPhone; CPU iPhone OS 17_4 like Mac OS X) AppleWebKit/605.1.15 (KHTML, like Gecko) Version/17.4 Mobile/15E148 Safari/604.1"
37.9.175.4 - - [06/May/2026:09:26:37 +0300] "GET /blog/post-1 HTTP/1.1" 200 18171 "-" "curl/7.88.1"
52.84.12.200 - - [06/May/2026:09:26:37 +0300] "GET /assets/js/jquery.min.js HTTP/1.1" 200 87615 "-" "Mozilla/5.0 (Windows NT 10.0; Win64; x64) AppleWebKit/537.36 (KHTML, like Gecko) Chrome/124.0.0.0 Safari/537.36"
40.77.167.219 - - [06/May/2026:09:26:37 +0300] "GET /services HTTP/1.1" 200 7460 "-" "Mozilla/5.0 (compatible; YandexBot/3.0; +http://yandex.com/bots)"
194.87.0.31 - - [06/May/2026:09:26:37 +0300] "GET /assets/images/logo.png HTTP/1.1" 200 18779 "-" "curl/8.4.0"
207.46.13.5 - - [06/May/2026:09:26:37 +0300] "GET /blog/ HTTP/1.1" 301 0 "-" "Mozilla/5.0 (compatible; Googlebot/2.1; +http://www.google.com/bot.html)"
95.213.173.10 - - [06/May/2026:09:26:37 +0300] "GET /assets/css/bootstrap.min.css HTTP/1.1" 200 154663 "-" "Mozilla/5.0 (Windows NT 10.0; Win64; x64) AppleWebKit/537.36 (KHTML, like Gecko) Chrome/124.0.0.0 Safari/537.36"
212.193.65.34 - - [06/May/2026:09:26:39 +0300] "GET / HTTP/1.1" 200 6166 "-" "Mozilla/5.0 (X11; Linux x86_64) AppleWebKit/537.36 (KHTML, like Gecko) Chrome/122.0.0.0 Safari/537.36"
104.16.132.229 - - [06/May/2026:09:26:39 +0300] "GET /dashboard HTTP/1.1" 500 1540 "-" "Mozilla/5.0 (iPad; CPU OS 17_4 like Mac OS X) AppleWebKit/605.1.15 (KHTML, like Gecko) Version/17.4 Mobile/15E148 Safari/604.1"
46.101.152.178 - - [06/May/2026:09:26:39 +0300] "POST /login HTTP/1.1" 200 2151 "-" "curl/8.4.0"
165.227.3.104 - - [06/May/2026:09:26:39 +0300] "POST /api/v1/orders HTTP/1.1" 403 133 "-" "Mozilla/5.0 (iPhone; CPU iPhone OS 17_4 like Mac OS X) AppleWebKit/605.1.15 (KHTML, like Gecko) Version/17.4 Mobile/15E148 Safari/604.1"
104.16.132.229 - - [06/May/2026:09:26:40 +0300] "GET /assets/images/logo.png HTTP/1.1" 200 7928 "-" "Mozilla/5.0 (Windows NT 10.0; Win64; x64) AppleWebKit/537.36 (KHTML, like Gecko) Chrome/124.0.0.0 Safari/537.36 Edg/124.0.0.0"
93.184.216.34 - - [06/May/2026:09:26:41 +0300] "GET /api/v1/users HTTP/1.1" 200 1665 "-" "Mozilla/5.0 (iPhone; CPU iPhone OS 17_4 like Mac OS X) AppleWebKit/605.1.15 (KHTML, like Gecko) Version/17.4 Mobile/15E148 Safari/604.1"
37.9.175.4 - - [06/May/2026:09:26:41 +0300] "POST /api/v1/orders HTTP/1.1" 500 1307 "-" "Mozilla/5.0 (X11; Linux x86_64) AppleWebKit/537.36 (KHTML, like Gecko) Chrome/122.0.0.0 Safari/537.36"
37.9.175.4 - - [06/May/2026:09:26:41 +0300] "GET /api/v1/auth/login HTTP/1.1" 200 336 "-" "Mozilla/5.0 (Linux; Android 14; Pixel 8) AppleWebKit/537.36 (KHTML, like Gecko) Chrome/124.0.6367.82 Mobile Safari/537.36"
194.87.0.31 - - [06/May/2026:09:26:41 +0300] "GET /dashboard HTTP/1.1" 200 9854 "-" "Mozilla/5.0 (Windows NT 10.0; Win64; x64; rv:124.0) Gecko/20100101 Firefox/124.0"
194.87.0.31 - - [06/May/2026:09:26:43 +0300] "POST /api/v1/auth/login HTTP/1.1" 401 265 "-" "curl/7.88.1"
194.87.0.31 - - [06/May/2026:09:26:43 +0300] "GET /favicon.ico HTTP/2.0" 200 2243 "-" "curl/8.4.0"
54.36.148.90 - - [06/May/2026:09:26:44 +0300] "GET /api/v1/products HTTP/1.1" 200 1876 "-" "Mozilla/5.0 (compatible; YandexBot/3.0; +http://yandex.com/bots)"
93.184.216.34 - - [06/May/2026:09:26:45 +0300] "GET /blog HTTP/2.0" 200 15502 "-" "curl/8.4.0"
104.16.132.229 - - [06/May/2026:09:26:45 +0300] "GET /dashboard HTTP/1.1" 200 12901 "-" "Mozilla/5.0 (iPad; CPU OS 17_4 like Mac OS X) AppleWebKit/605.1.15 (KHTML, like Gecko) Version/17.4 Mobile/15E148 Safari/604.1"
80.241.212.5 - - [06/May/2026:09:26:47 +0300] "GET /dashboard HTTP/1.1" 200 16648 "-" "Mozilla/5.0 (iPad; CPU OS 17_4 like Mac OS X) AppleWebKit/605.1.15 (KHTML, like Gecko) Version/17.4 Mobile/15E148 Safari/604.1"
104.16.132.229 - - [06/May/2026:09:26:47 +0300] "GET /api/v1/notfound HTTP/1.1" 404 354 "-" "Mozilla/5.0 (Windows NT 10.0; Win64; x64; rv:124.0) Gecko/20100101 Firefox/124.0"
93.184.216.34 - - [06/May/2026:09:26:47 +0300] "GET /about HTTP/2.0" 200 10914 "-" "curl/7.88.1"
93.184.216.34 - - [06/May/2026:09:26:49 +0300] "GET /dashboard HTTP/1.1" 200 8697 "-" "Mozilla/5.0 (Windows NT 10.0; Win64; x64) AppleWebKit/537.36 (KHTML, like Gecko) Chrome/124.0.0.0 Safari/537.36"
216.58.215.78 - - [06/May/2026:09:26:50 +0300] "GET /services HTTP/2.0" 200 9740 "-" "curl/8.4.0"
104.16.132.229 - - [06/May/2026:09:26:50 +0300] "GET /robots.txt HTTP/1.1" 200 445 "-" "Mozilla/5.0 (X11; Ubuntu; Linux x86_64; rv:123.0) Gecko/20100101 Firefox/123.0"
104.16.132.229 - - [06/May/2026:09:26:51 +0300] "GET /api/v1/stats HTTP/1.1" 200 628 "-" "Mozilla/5.0 (Windows NT 10.0; Win64; x64) AppleWebKit/537.36 (KHTML, like Gecko) Chrome/124.0.0.0 Safari/537.36"
140.82.113.4 - - [06/May/2026:09:26:51 +0300] "GET /api/v1/stats HTTP/1.1" 200 631 "-" "Mozilla/5.0 (Macintosh; Intel Mac OS X 14_4) AppleWebKit/605.1.15 (KHTML, like Gecko) Version/17.4 Safari/605.1.15"
104.16.132.229 - - [06/May/2026:09:26:53 +0300] "GET /assets/js/app.js HTTP/1.1" 200 91875 "-" "Mozilla/5.0 (Macintosh; Intel Mac OS X 10_15_7) AppleWebKit/537.36 (KHTML, like Gecko) Chrome/123.0.0.0 Safari/537.36"
104.16.132.229 - - [06/May/2026:09:26:53 +0300] "GET /profile HTTP/1.1" 200 4014 "-" "Mozilla/5.0 (Windows NT 10.0; Win64; x64; rv:124.0) Gecko/20100101 Firefox/124.0"
151.101.1.140 - - [06/May/2026:09:26:53 +0300] "POST /api/v1/products/42 HTTP/1.1" 200 1727 "-" "Mozilla/5.0 (Macintosh; Intel Mac OS X 10_15_7) AppleWebKit/537.36 (KHTML, like Gecko) Chrome/123.0.0.0 Safari/537.36"
62.213.100.5 - - [06/May/2026:09:26:53 +0300] "GET /assets/images/hero.jpg HTTP/2.0" 200 126568 "-" "curl/7.88.1"
178.62.193.43 - - [06/May/2026:09:26:53 +0300] "GET /api/v1/auth/logout HTTP/1.1" 200 147 "-" "Mozilla/5.0 (Linux; Android 14; Pixel 8) AppleWebKit/537.36 (KHTML, like Gecko) Chrome/124.0.6367.82 Mobile Safari/537.36"
